Archive member included to satisfy reference by file (symbol)

/n64_toolchain/mips64-elf/lib/libdragon.a(entrypoint.o)
                              (_start)
/n64_toolchain/mips64-elf/lib/libdragon.a(debug.o)
                              /n64_toolchain/mips64-elf/lib/libdragon.a(entrypoint.o) (debug_assert_func)
/n64_toolchain/mips64-elf/lib/libdragon.a(usb.o)
                              /n64_toolchain/mips64-elf/lib/libdragon.a(debug.o) (usb_initialize)
/n64_toolchain/mips64-elf/lib/libdragon.a(ff.o)
                              /n64_toolchain/mips64-elf/lib/libdragon.a(debug.o) (f_mount)
/n64_toolchain/mips64-elf/lib/libdragon.a(ffunicode.o)
                              /n64_toolchain/mips64-elf/lib/libdragon.a(ff.o) (ff_uni2oem)
/n64_toolchain/mips64-elf/lib/libdragon.a(inspector.o)
                              /n64_toolchain/mips64-elf/lib/libdragon.a(debug.o) (__inspector_assertion)
/n64_toolchain/mips64-elf/lib/libdragon.a(dma.o)
                              /n64_toolchain/mips64-elf/lib/libdragon.a(debug.o) (io_accessible)
/n64_toolchain/mips64-elf/lib/libdragon.a(exception.o)
                              /n64_toolchain/mips64-elf/lib/libdragon.a(inspector.o) (__exception_dump_header)
/n64_toolchain/mips64-elf/lib/libdragon.a(do_ctors.o)
                              /n64_toolchain/mips64-elf/lib/libdragon.a(entrypoint.o) (__wrap___do_global_ctors)
/n64_toolchain/mips64-elf/lib/libdragon.a(n64sys.o)
                              /n64_toolchain/mips64-elf/lib/libdragon.a(debug.o) (sys_bbplayer)
/n64_toolchain/mips64-elf/lib/libdragon.a(interrupt.o)
                              /n64_toolchain/mips64-elf/lib/libdragon.a(debug.o) (disable_interrupts)
/n64_toolchain/mips64-elf/lib/libdragon.a(backtrace.o)
                              /n64_toolchain/mips64-elf/lib/libdragon.a(inspector.o) (__symbolize)
/n64_toolchain/mips64-elf/lib/libdragon.a(inthandler.o)
                              /n64_toolchain/mips64-elf/lib/libdragon.a(entrypoint.o) (inthandler)
/n64_toolchain/mips64-elf/lib/libdragon.a(rompak.o)
                              /n64_toolchain/mips64-elf/lib/libdragon.a(backtrace.o) (rompak_search_ext)
/n64_toolchain/mips64-elf/lib/libdragon.a(display.o)
                              /n64_toolchain/mips64-elf/lib/libdragon.a(inspector.o) (display_init)
/n64_toolchain/mips64-elf/lib/libdragon.a(surface.o)
                              /n64_toolchain/mips64-elf/lib/libdragon.a(display.o) (surface_alloc)
/n64_toolchain/mips64-elf/lib/libdragon.a(controller.o)
                              /n64_toolchain/mips64-elf/lib/libdragon.a(inspector.o) (controller_read)
/n64_toolchain/mips64-elf/lib/libdragon.a(graphics.o)
                              /n64_toolchain/mips64-elf/lib/libdragon.a(inspector.o) (graphics_set_color)
/n64_toolchain/mips64-elf/lib/libdragon.a(sprite.o)
                              /n64_toolchain/mips64-elf/lib/libdragon.a(graphics.o) (__sprite_upgrade)
/n64_toolchain/mips64-elf/lib/libdragon.a(joybus.o)
                              /n64_toolchain/mips64-elf/lib/libdragon.a(controller.o) (joybus_exec_async)
/n64_toolchain/mips64-elf/lib/libdragon.a(asset.o)
                              /n64_toolchain/mips64-elf/lib/libdragon.a(sprite.o) (asset_load)
/n64_toolchain/mips64-elf/lib/libdragon.a(lzh5.o)
                              /n64_toolchain/mips64-elf/lib/libdragon.a(asset.o) (decompress_lz5h_init)
/n64_toolchain/mips64-elf/lib/libdragonsys.a(system.o)
                              /n64_toolchain/mips64-elf/lib/libdragon.a(debug.o) (attach_filesystem)
/n64_toolchain/lib/gcc/mips64-elf/12.2.0/../../../../mips64-elf/lib/libdragon.a(dragonfs.o)
                              build/source/main.o (dfs_init)
/n64_toolchain/lib/gcc/mips64-elf/12.2.0/../../../../mips64-elf/lib/libdragon.a(timer.o)
                              build/source/main.o (timer_init)
/n64_toolchain/lib/gcc/mips64-elf/12.2.0/../../../../mips64-elf/lib/libdragon.a(rdpq.o)
                              build/source/main.o (rdpq_init)
/n64_toolchain/lib/gcc/mips64-elf/12.2.0/../../../../mips64-elf/lib/libdragon.a(rsp_rdpq.o)
                              /n64_toolchain/lib/gcc/mips64-elf/12.2.0/../../../../mips64-elf/lib/libdragon.a(rdpq.o) (rsp_rdpq_data_end)
/n64_toolchain/lib/gcc/mips64-elf/12.2.0/../../../../mips64-elf/lib/libdragon.a(rdpq_debug.o)
                              /n64_toolchain/lib/gcc/mips64-elf/12.2.0/../../../../mips64-elf/lib/libdragon.a(rdpq.o) (rdpq_trace_fetch)
/n64_toolchain/lib/gcc/mips64-elf/12.2.0/../../../../mips64-elf/lib/libdragon.a(rdpq_rect.o)
                              /n64_toolchain/lib/gcc/mips64-elf/12.2.0/../../../../mips64-elf/lib/libdragon.a(rdpq_debug.o) (__rdpq_texture_rectangle)
/n64_toolchain/lib/gcc/mips64-elf/12.2.0/../../../../mips64-elf/lib/libdragon.a(rdpq_mode.o)
                              build/source/main.o (__rdpq_fixup_mode3)
/n64_toolchain/lib/gcc/mips64-elf/12.2.0/../../../../mips64-elf/lib/libdragon.a(rdpq_attach.o)
[...]
Memory Configuration

Name             Origin             Length             Attributes
mem              0x80000000         0x00400000
*default*        0x00000000         0xffffffff

Linker script and memory map

LOAD /n64_toolchain/lib/gcc/mips64-elf/12.2.0/crti.o
LOAD /n64_toolchain/lib/gcc/mips64-elf/12.2.0/crtbegin.o
LOAD /n64_toolchain/mips64-elf/lib/libdragon.a
LOAD /n64_toolchain/mips64-elf/lib/libdragonsys.a
LOAD build/source/main.o
LOAD /n64_toolchain/lib/gcc/mips64-elf/12.2.0/../../../../mips64-elf/lib/libdragon.a
LOAD /n64_toolchain/lib/gcc/mips64-elf/12.2.0/../../../../mips64-elf/lib/libm.a
LOAD /n64_toolchain/lib/gcc/mips64-elf/12.2.0/../../../../mips64-elf/lib/libdragonsys.a
                0x80000000                        __kseg0_start = 0x80000000
                0x80000400                        __libdragon_text_start = (__kseg0_start + 0x400)

.text           0x80000400    0x2cd50
 *(.boot)
 .boot          0x80000400      0x18c /n64_toolchain/mips64-elf/lib/libdragon.a(entrypoint.o)
                0x80000400                _start
                0x80000590                        . = ALIGN (0x10)
 *fill*         0x8000058c        0x4 
                0x80000590                        __text_start = .
 *(.text)
 *fill*         0x80000590       0x10 
 .text          0x800005a0      0x360 /n64_toolchain/mips64-elf/lib/libdragon.a(inthandler.o)
                0x800005a0                inthandler
                0x80000900                inthandler_end
 .text          0x80000900      0x11c /n64_toolchain/lib/gcc/mips64-elf/12.2.0/../../../../mips64-elf/lib/libc.a(libc_a-memset.o)
                0x80000900                memset
 .text          0x80000a1c      0x370 /n64_toolchain/lib/gcc/mips64-elf/12.2.0/../../../../mips64-elf/lib/libc.a(libc_a-memcpy.o)
                0x80000a1c                memcpy
 *fill*         0x80000d8c        0x4 
 .text          0x80000d90       0x70 /n64_toolchain/lib/gcc/mips64-elf/12.2.0/../../../../mips64-elf/lib/libc.a(libc_a-printf.o)
                0x80000d90                _printf_r
                0x80000dc0                printf
 .text          0x80000e00       0x18 /n64_toolchain/lib/gcc/mips64-elf/12.2.0/../../../../mips64-elf/lib/libc.a(libc_a-malign.o)
                0x80000e00                memalign
 .text          0x80000e18      0x1f8 /n64_toolchain/lib/gcc/mips64-elf/12.2.0/../../../../mips64-elf/lib/libc.a(libc_a-malignr.o)
                0x80000e18                _memalign_r
 .text          0x80001010       0x20 /n64_toolchain/lib/gcc/mips64-elf/12.2.0/../../../../mips64-elf/lib/libc.a(libc_a-putchar.o)
                0x80001010                _putchar_r
                0x80001018                putchar
 .text          0x80001030       0xd8 /n64_toolchain/lib/gcc/mips64-elf/12.2.0/../../../../mips64-elf/lib/libc.a(libc_a-sprintf.o)
                0x80001030                _sprintf_r
                0x80001098                sprintf
 .text          0x80001108       0xe0 /n64_toolchain/lib/gcc/mips64-elf/12.2.0/../../../../mips64-elf/lib/libc.a(libc_a-puts.o)
                0x80001108                _puts_r
                0x800011d8                puts
 .text          0x800011e8       0x18 /n64_toolchain/lib/gcc/mips64-elf/12.2.0/../../../../mips64-elf/lib/libc.a(libc_a-abort.o)
                0x800011e8                abort
 .text          0x80001200      0x270 /n64_toolchain/lib/gcc/mips64-elf/12.2.0/../../../../mips64-elf/lib/libc.a(libc_a-setvbuf.o)
                0x80001200                setvbuf
 .text          0x80001470      0x1c8 /n64_toolchain/lib/gcc/mips64-elf/12.2.0/../../../../mips64-elf/lib/libc.a(libc_a-snprintf.o)
                0x80001470                _snprintf_r
                0x80001550                snprintf
 .text          0x80001638       0xf0 /n64_toolchain/lib/gcc/mips64-elf/12.2.0/../../../../mips64-elf/lib/libc.a(libc_a-memchr.o)
                0x80001638                memchr
 .text          0x80001728     0x2030 /n64_toolchain/lib/gcc/mips64-elf/12.2.0/../../../../mips64-elf/lib/libc.a(libc_a-svfprintf.o)
                0x80001728                _svfprintf_r
 .text          0x80003758      0x480 /n64_toolchain/lib/gcc/mips64-elf/12.2.0/../../../../mips64-elf/lib/libc.a(libc_a-freer.o)
                0x80003758                _malloc_trim_r
                0x80003898                _free_r
 .text          0x80003bd8       0x80 /n64_toolchain/lib/gcc/mips64-elf/12.2.0/../../../../mips64-elf/lib/libc.a(libc_a-memcmp.o)
                0x80003bd8                memcmp
 .text          0x80003c58       0x30 /n64_toolchain/lib/gcc/mips64-elf/12.2.0/../../../../mips64-elf/lib/libc.a(libc_a-vprintf.o)
                0x80003c58                vprintf
                0x80003c70                _vprintf_r
 .text          0x80003c88     0x16a8 /n64_toolchain/lib/gcc/mips64-elf/12.2.0/../../../../mips64-elf/lib/libc.a(libc_a-dtoa.o)
                0x80003ed8                _dtoa_r
 .text          0x80005330       0x20 /n64_toolchain/lib/gcc/mips64-elf/12.2.0/../../../../mips64-elf/lib/libc.a(libc_a-malloc.o)
                0x80005330                malloc
                0x80005340                free
 .text          0x80005350      0x150 /n64_toolchain/lib/gcc/mips64-elf/12.2.0/../../../../mips64-elf/lib/libc.a(libc_a-memmove.o)
                0x80005350                memmove
 .text          0x800054a0      0x880 /n64_toolchain/lib/gcc/mips64-elf/12.2.0/../../../../mips64-elf/lib/libc.a(libc_a-mallocr.o)
                0x800054a0                _malloc_r
 .text          0x80005d20       0x50 /n64_toolchain/lib/gcc/mips64-elf/12.2.0/../../../../mips64-elf/lib/libc.a(libc_a-strlcpy.o)
                0x80005d20                strlcpy
 .text          0x80005d70       0xa8 /n64_toolchain/lib/gcc/mips64-elf/12.2.0/../../../../mips64-elf/lib/libc.a(libc_a-strcpy.o)
                0x80005d70                strcpy
 .text          0x80005e18     0x22a0 /n64_toolchain/lib/gcc/mips64-elf/12.2.0/../../../../mips64-elf/lib/libc.a(libc_a-vfprintf.o)
                0x80005e18                _vfprintf_r
                0x80007fd0                vfprintf
 .text          0x800080b8      0x570 /n64_toolchain/lib/gcc/mips64-elf/12.2.0/../../../../mips64-elf/lib/libc.a(libc_a-signal.o)
                0x800080b8                _init_signal_r
                0x80008120                _signal_r
                0x800081c0                _raise_r
                0x80008278                __sigtramp_r
                0x80008368                raise
                0x80008430                signal
                0x800084d0                _init_signal
                0x80008540                __sigtramp
 .text          0x80008628      0x138 /n64_toolchain/lib/gcc/mips64-elf/12.2.0/../../../../mips64-elf/lib/libc.a(libc_a-fopen.o)
                0x80008628                _fopen_r
                0x80008748                fopen
 .text          0x80008760      0x340 /n64_toolchain/lib/gcc/mips64-elf/12.2.0/../../../../mips64-elf/lib/libc.a(libc_a-fflush.o)
                0x80008760                __sflush_r
                0x800089c0                _fflush_r
                0x80008a20                fflush
 .text          0x80008aa0       0x10 /n64_toolchain/lib/gcc/mips64-elf/12.2.0/../../../../mips64-elf/lib/libc.a(libc_a-mlock.o)
                0x80008aa0                __malloc_lock
                0x80008aa8                __malloc_unlock
 .text          0x80008ab0     0x1418 /n64_toolchain/lib/gcc/mips64-elf/12.2.0/../../../../mips64-elf/lib/libc.a(libc_a-vfiprintf.o)
                0x80008be8                __sprint_r
                0x80008c08                _vfiprintf_r
                0x80009de0                vfiprintf
 .text          0x80009ec8       0x68 /n64_toolchain/lib/gcc/mips64-elf/12.2.0/../../../../mips64-elf/lib/libc.a(libc_a-fprintf.o)
                0x80009ec8                _fprintf_r
                0x80009ef0                fprintf
 .text          0x80009f30     0x1428 /n64_toolchain/lib/gcc/mips64-elf/12.2.0/../../../../mips64-elf/lib/libc.a(libc_a-mprec.o)
                0x80009f30                _Balloc
                0x80009fe0                _Bfree
                0x8000a010                __multadd
                0x8000a170                __s2b
                0x8000a2f0                __hi0bits
                0x8000a378                __lo0bits
                0x8000a440                __i2b
                0x8000a518                __multiply
                0x8000a7a8                __pow5mult
                0x8000a910                __lshift
                0x8000aac8                __mcmp
                0x8000ab30                __mdiff
                0x8000ada8                __ulp
                0x8000ae58                __b2d
                0x8000aff0                __d2b
                0x8000b150                __ratio
                0x8000b210                _mprec_log10
                0x8000b250                __copybits
                0x8000b2d8                __any_on
 .text          0x8000b358       0x70 /n64_toolchain/lib/gcc/mips64-elf/12.2.0/../../../../mips64-elf/lib/libc.a(libc_a-strrchr.o)
                0x8000b358                strrchr
 .text          0x8000b3c8       0x98 /n64_toolchain/lib/gcc/mips64-elf/12.2.0/../../../../mips64-elf/lib/libc.a(libc_a-strcat.o)
                0x8000b3c8                strcat
 .text          0x8000b460       0xd0 /n64_toolchain/lib/gcc/mips64-elf/12.2.0/../../../../mips64-elf/lib/libc.a(libc_a-fputc.o)
                0x8000b460                _fputc_r
                0x8000b4c0                fputc
 .text          0x8000b530      0x570 /n64_toolchain/lib/gcc/mips64-elf/12.2.0/../../../../mips64-elf/lib/libc.a(libc_a-fvwrite.o)
                0x8000b530                __sfvwrite_r
 .text          0x8000baa0      0x140 /n64_toolchain/lib/gcc/mips64-elf/12.2.0/../../../../mips64-elf/lib/libc.a(libc_a-fclose.o)
                0x8000baa0                _fclose_r
                0x8000bbd0                fclose
 .text          0x8000bbe0       0xc0 /n64_toolchain/lib/gcc/mips64-elf/12.2.0/../../../../mips64-elf/lib/libc.a(libc_a-fwalk.o)
                0x8000bbe0                _fwalk_sglue
 .text          0x8000bca0      0x330 /n64_toolchain/lib/gcc/mips64-elf/12.2.0/../../../../mips64-elf/lib/libc.a(libc_a-fread.o)
                0x8000bca0                _fread_r
                0x8000bfa0                fread
 .text          0x8000bfd0       0x10 /n64_toolchain/lib/gcc/mips64-elf/12.2.0/../../../../mips64-elf/lib/libc.a(libc_a-lcltime.o)
                0x8000bfd0                localtime
 .text          0x8000bfe0      0x1f8 /n64_toolchain/lib/gcc/mips64-elf/12.2.0/../../../../mips64-elf/lib/libc.a(libc_a-fwrite.o)
                0x8000bfe0                _fwrite_r
                0x8000c0e8                fwrite
 .text          0x8000c1d8      0x3a8 /n64_toolchain/lib/gcc/mips64-elf/12.2.0/../../../../mips64-elf/lib/libc.a(libc_a-findfp.o)
                0x8000c3d0                __sfp
                0x8000c510                __sinit
                0x8000c540                __sfp_lock_acquire
                0x8000c548                __sfp_lock_release
                0x8000c550                __fp_lock_all
                0x8000c568                __fp_unlock_all
 .text          0x8000c580      0x5d0 /n64_toolchain/lib/gcc/mips64-elf/12.2.0/../../../../mips64-elf/lib/libc.a(libc_a-reallocr.o)
                0x8000c580                _realloc_r
 .text          0x8000cb50      0x4a0 /n64_toolchain/lib/gcc/mips64-elf/12.2.0/../../../../mips64-elf/lib/libc.a(libc_a-lcltime_r.o)
                0x8000cb50                localtime_r
 .text          0x8000cff0       0xc8 /n64_toolchain/lib/gcc/mips64-elf/12.2.0/../../../../mips64-elf/lib/libc.a(libc_a-flags.o)
                0x8000cff0                __sflags
 .text          0x8000d0b8       0x30 /n64_toolchain/lib/gcc/mips64-elf/12.2.0/../../../../mips64-elf/lib/libc.a(libc_a-tzset.o)
                0x8000d0b8                _tzset_unlocked
                0x8000d0c0                tzset
 .text          0x8000d0e8       0x20 /n64_toolchain/lib/gcc/mips64-elf/12.2.0/../../../../mips64-elf/lib/libc.a(libc_a-fseek.o)
                0x8000d0e8                _fseek_r
                0x8000d0f0                fseek
 .text          0x8000d108      0x6d0 /n64_toolchain/lib/gcc/mips64-elf/12.2.0/../../../../mips64-elf/lib/libc.a(libc_a-tzset_r.o)
                0x8000d108                _tzset_unlocked_r
                0x8000d7a8                _tzset_r
 .text          0x8000d7d8       0x10 /n64_toolchain/lib/gcc/mips64-elf/12.2.0/../../../../mips64-elf/lib/libc.a(libc_a-gettzinfo.o)
                0x8000d7d8                __gettzinfo
 .text          0x8000d7e8       0x18 /n64_toolchain/lib/gcc/mips64-elf/12.2.0/../../../../mips64-elf/lib/libc.a(libc_a-ftell.o)
                0x8000d7e8                _ftell_r
                0x8000d7f0                ftell
 .text          0x8000d800      0x1b8 /n64_toolchain/lib/gcc/mips64-elf/12.2.0/../../../../mips64-elf/lib/libc.a(libc_a-fputwc.o)
                0x8000d800                __fputwc
                0x8000d918                _fputwc_r
                0x8000d940                fputwc
 .text          0x8000d9b8      0x250 /n64_toolchain/lib/gcc/mips64-elf/12.2.0/../../../../mips64-elf/lib/libc.a(libc_a-strtoul.o)
                0x8000dbd0                _strtoul_r
                0x8000dbd8                strtoul_l
                0x8000dbf0                strtoul
 .text          0x8000dc08      0x120 /n64_toolchain/lib/gcc/mips64-elf/12.2.0/../../../../mips64-elf/lib/libc.a(libc_a-locale.o)
                0x8000dc08                _setlocale_r
                0x8000dc90                __locale_mb_cur_max
                0x8000dca0                setlocale
 .text          0x8000dd28       0x50 /n64_toolchain/lib/gcc/mips64-elf/12.2.0/../../../../mips64-elf/lib/libc.a(libc_a-time.o)
                0x8000dd28                time
 .text          0x8000dd78      0xb48 /n64_toolchain/lib/gcc/mips64-elf/12.2.0/../../../../mips64-elf/lib/libc.a(libc_a-strstr.o)
                0x8000e5d0                strstr
 .text          0x8000e8c0       0x28 /n64_toolchain/lib/gcc/mips64-elf/12.2.0/../../../../mips64-elf/lib/libc.a(libc_a-localeconv.o)
                0x8000e8c0                __localeconv_l
                0x8000e8c8                _localeconv_r
                0x8000e8d8                localeconv
 .text          0x8000e8e8      0x330 /n64_toolchain/lib/gcc/mips64-elf/12.2.0/../../../../mips64-elf/lib/libc.a(libc_a-tzcalc_limits.o)
                0x8000e8e8                __tzcalc_limits
 .text          0x8000ec18       0x10 /n64_toolchain/lib/gcc/mips64-elf/12.2.0/../../../../mips64-elf/lib/libc.a(libc_a-tzlock.o)
                0x8000ec18                __tz_lock
                0x8000ec20                __tz_unlock
 .text          0x8000ec28       0x58 /n64_toolchain/lib/gcc/mips64-elf/12.2.0/../../../../mips64-elf/lib/libc.a(libc_a-gettimeofdayr.o)
                0x8000ec28                _gettimeofday_r
 .text          0x8000ec80       0x48 /n64_toolchain/lib/gcc/mips64-elf/12.2.0/../../../../mips64-elf/lib/libc.a(libc_a-wctomb_r.o)
                0x8000ec80                _wctomb_r
                0x8000ec90                __ascii_wctomb
 .text          0x8000ecc8       0x60 /n64_toolchain/lib/gcc/mips64-elf/12.2.0/../../../../mips64-elf/lib/libc.a(libc_a-signalr.o)
                0x8000ecc8                _kill_r
                0x8000ed20                _getpid_r
 .text          0x8000ed28       0x50 /n64_toolchain/lib/gcc/mips64-elf/12.2.0/../../../../mips64-elf/lib/libc.a(libc_a-sbrkr.o)
                0x8000ed28                _sbrk_r
 .text          0x8000ed78       0x60 /n64_toolchain/lib/gcc/mips64-elf/12.2.0/../../../../mips64-elf/lib/libc.a(libc_a-openr.o)
                0x8000ed78                _open_r
 .text          0x8000edd8        0x8 /n64_toolchain/lib/gcc/mips64-elf/12.2.0/../../../../mips64-elf/lib/libc.a(libc_a-errno.o)
                0x8000edd8                __errno
 .text          0x8000ede0       0x18 /n64_toolchain/lib/gcc/mips64-elf/12.2.0/../../../../mips64-elf/lib/libc.a(libc_a-strlen.o)
                0x8000ede0                strlen
 .text          0x8000edf8      0x240 /n64_toolchain/lib/gcc/mips64-elf/12.2.0/../../../../mips64-elf/lib/libc.a(libc_a-strcmp.o)
                0x8000edf8                strcmp
 .text          0x8000f038      0x258 /n64_toolchain/lib/gcc/mips64-elf/12.2.0/../../../../mips64-elf/lib/libc.a(libc_a-makebuf.o)
                0x8000f038                __smakebuf_r
                0x8000f1e0                __swhatbuf_r
 .text          0x8000f290      0x160 /n64_toolchain/lib/gcc/mips64-elf/12.2.0/../../../../mips64-elf/lib/libc.a(libc_a-putc.o)
                0x8000f290                _putc_r
                0x8000f338                putc
 .text          0x8000f3f0      0x118 /n64_toolchain/lib/gcc/mips64-elf/12.2.0/../../../../mips64-elf/lib/libc.a(libc_a-wcrtomb.o)
                0x8000f3f0                _wcrtomb_r
                0x8000f470                wcrtomb
 .text          0x8000f508      0x228 /n64_toolchain/lib/gcc/mips64-elf/12.2.0/../../../../mips64-elf/lib/libc.a(libc_a-refill.o)
                0x8000f530                __srefill_r
 .text          0x8000f730      0x190 /n64_toolchain/lib/gcc/mips64-elf/12.2.0/../../../../mips64-elf/lib/libc.a(libc_a-stdio.o)
                0x8000f730                __sread
                0x8000f788                __seofread
                0x8000f790                __swrite
                0x8000f850                __sseek
                0x8000f8b8                __sclose
 .text          0x8000f8c0      0x100 /n64_toolchain/lib/gcc/mips64-elf/12.2.0/../../../../mips64-elf/lib/libc.a(libc_a-siscanf.o)
                0x8000f8c0                siscanf
                0x8000f938                _siscanf_r
 .text          0x8000f9c0     0x1188 /n64_toolchain/lib/gcc/mips64-elf/12.2.0/../../../../mips64-elf/lib/libc.a(libc_a-svfiprintf.o)
                0x8000f9c0                __ssprint_r
                0x8000fc08                _svfiprintf_r
 .text          0x80010b48      0x120 /n64_toolchain/lib/gcc/mips64-elf/12.2.0/../../../../mips64-elf/lib/libc.a(libc_a-callocr.o)
                0x80010b48                _calloc_r
 .text          0x80010c68     0x1808 /n64_toolchain/lib/gcc/mips64-elf/12.2.0/../../../../mips64-elf/lib/libc.a(libc_a-svfiscanf.o)
                0x80010c68                _sungetc_r
                0x80010d68                __ssrefill_r
                0x80010de0                _sfread_r
                0x80010f78                __ssvfiscanf_r
 .text          0x80012470      0x170 /n64_toolchain/lib/gcc/mips64-elf/12.2.0/../../../../mips64-elf/lib/libc.a(libc_a-wsetup.o)
                0x80012470                __swsetup_r
 .text          0x800125e0      0x188 /n64_toolchain/lib/gcc/mips64-elf/12.2.0/../../../../mips64-elf/lib/libc.a(libc_a-strchr.o)
                0x800125e0                strchr
 .text          0x80012768      0x4b8 /n64_toolchain/lib/gcc/mips64-elf/12.2.0/../../../../mips64-elf/lib/libc.a(libc_a-fseeko.o)
                0x80012768                _fseeko_r
                0x80012c08                fseeko
 .text          0x80012c20      0x298 /n64_toolchain/lib/gcc/mips64-elf/12.2.0/../../../../mips64-elf/lib/libc.a(libc_a-ungetc.o)
                0x80012c20                __submore
                0x80012cf0                _ungetc_r
                0x80012ea0                ungetc
 .text          0x80012eb8      0x148 /n64_toolchain/lib/gcc/mips64-elf/12.2.0/../../../../mips64-elf/lib/libc.a(libc_a-ftello.o)
                0x80012eb8                _ftello_r
                0x80012ff0                ftello
 .text          0x80013000      0x150 /n64_toolchain/lib/gcc/mips64-elf/12.2.0/../../../../mips64-elf/lib/libc.a(libc_a-getenv_r.o)
                0x80013000                _findenv_r
                0x80013130                _getenv_r
 .text          0x80013150      0x1b8 /n64_toolchain/lib/gcc/mips64-elf/12.2.0/../../../../mips64-elf/lib/libc.a(libc_a-wbuf.o)
                0x80013150                __swbuf_r
                0x800132f0                __swbuf
 .text          0x80013308      0x438 /n64_toolchain/lib/gcc/mips64-elf/12.2.0/../../../../mips64-elf/lib/libc.a(libc_a-gmtime_r.o)
                0x80013308                gmtime_r
 .text          0x80013740       0xe0 /n64_toolchain/lib/gcc/mips64-elf/12.2.0/../../../../mips64-elf/lib/libc.a(libc_a-strncmp.o)
                0x80013740                strncmp
 .text          0x80013820       0x48 /n64_toolchain/lib/gcc/mips64-elf/12.2.0/../../../../mips64-elf/lib/libc.a(libc_a-strnlen.o)
                0x80013820                strnlen
 .text          0x80013868       0x70 /n64_toolchain/lib/gcc/mips64-elf/12.2.0/../../../../mips64-elf/lib/libc.a(libc_a-mbtowc_r.o)
                0x80013868                _mbtowc_r
                0x80013878                __ascii_mbtowc
 .text          0x800138d8      0x278 /n64_toolchain/lib/gcc/mips64-elf/12.2.0/../../../../mips64-elf/lib/libc.a(libc_a-strtol.o)
                0x80013b18                _strtol_r
                0x80013b20                strtol_l
                0x80013b38                strtol
 .text          0x80013b50       0x58 /n64_toolchain/lib/gcc/mips64-elf/12.2.0/../../../../mips64-elf/lib/libc.a(libc_a-fstatr.o)
                0x80013b50                _fstat_r
 .text          0x80013ba8       0x50 /n64_toolchain/lib/gcc/mips64-elf/12.2.0/../../../../mips64-elf/lib/libc.a(libc_a-isattyr.o)
                0x80013ba8                _isatty_r
 .text          0x80013bf8       0x50 /n64_toolchain/lib/gcc/mips64-elf/12.2.0/../../../../mips64-elf/lib/libc.a(libc_a-closer.o)
                0x80013bf8                _close_r
 .text          0x80013c48       0x60 /n64_toolchain/lib/gcc/mips64-elf/12.2.0/../../../../mips64-elf/lib/libc.a(libc_a-lseekr.o)
                0x80013c48                _lseek_r
 .text          0x80013ca8       0x60 /n64_toolchain/lib/gcc/mips64-elf/12.2.0/../../../../mips64-elf/lib/libc.a(libc_a-readr.o)
                0x80013ca8                _read_r
 .text          0x80013d08       0x60 /n64_toolchain/lib/gcc/mips64-elf/12.2.0/../../../../mips64-elf/lib/libc.a(libc_a-writer.o)
                0x80013d08                _write_r
 .text          0x80013d68      0x258 /n64_toolchain/lib/gcc/mips64-elf/12.2.0/../../../../mips64-elf/lib/libc.a(libc_a-strtoll.o)
                0x80013f88                _strtoll_r
                0x80013f90                strtoll_l
                0x80013fa8                strtoll
 .text          0x80013fc0      0x270 /n64_toolchain/lib/gcc/mips64-elf/12.2.0/../../../../mips64-elf/lib/libc.a(libc_a-strtoull.o)
                0x800141f8                _strtoull_r
                0x80014200                strtoull_l
                0x80014218                strtoull
 .text          0x80014230        0x8 /n64_toolchain/lib/gcc/mips64-elf/12.2.0/../../../../mips64-elf/lib/libc.a(libc_a-iswspace.o)
                0x80014230                iswspace
 .text          0x80014238      0x128 /n64_toolchain/lib/gcc/mips64-elf/12.2.0/../../../../mips64-elf/lib/libc.a(libc_a-mbrtowc.o)
                0x80014238                _mbrtowc_r
                0x800142c8                mbrtowc
 .text          0x80014360       0x28 /n64_toolchain/lib/gcc/mips64-elf/12.2.0/../../../../mips64-elf/lib/libc.a(libc_a-iswspace_l.o)
                0x80014360                iswspace_l
 .text          0x80014388      0x100 /n64_toolchain/lib/gcc/mips64-elf/12.2.0/../../../../mips64-elf/lib/libc.a(libc_a-sccl.o)
                0x80014388                __sccl
 .text          0x80014488       0x10 /n64_toolchain/lib/gcc/mips64-elf/12.2.0/../../../../mips64-elf/lib/libc.a(libc_a-envlock.o)
                0x80014488                __env_lock
                0x80014490                __env_unlock
 *(.text.*)
 *fill*         0x80014498        0x8 
 .text.everdrive_sd_interleave_bits
                0x800144a0      0x120 /n64_toolchain/mips64-elf/lib/libdragon.a(debug.o)
 .text.fat_disk_initialize_64drive
                0x800145c0       0x20 /n64_toolchain/mips64-elf/lib/libdragon.a(debug.o)
 .text.isviewer_write
                0x800145e0       0x80 /n64_toolchain/mips64-elf/lib/libdragon.a(debug.o)
 .text.fat_disk_ioctl_default
                0x80014660       0x20 /n64_toolchain/mips64-elf/lib/libdragon.a(debug.o)
 .text.__stderr_write
                0x80014680       0x80 /n64_toolchain/mips64-elf/lib/libdragon.a(debug.o)
 .text.usblog_write
                0x80014700       0x20 /n64_toolchain/mips64-elf/lib/libdragon.a(debug.o)
 .text.sdlog_write
                0x80014720       0x20 /n64_toolchain/mips64-elf/lib/libdragon.a(debug.o)
 .text.__fat_findnext
                0x80014740       0x80 /n64_toolchain/mips64-elf/lib/libdragon.a(debug.o)
 .text.__fat_findfirst
                0x800147c0       0x60 /n64_toolchain/mips64-elf/lib/libdragon.a(debug.o)
 .text.__fat_unlink
                0x80014820       0x60 /n64_toolchain/mips64-elf/lib/libdragon.a(debug.o)
 .text.__fat_close
                0x80014880       0x40 /n64_toolchain/mips64-elf/lib/libdragon.a(debug.o)
 .text.__fat_write
                0x800148c0       0x60 /n64_toolchain/mips64-elf/lib/libdragon.a(debug.o)
 .text.__fat_read
                0x80014920       0x60 /n64_toolchain/mips64-elf/lib/libdragon.a(debug.o)
 .text.__fat_lseek
                0x80014980       0x80 /n64_toolchain/mips64-elf/lib/libdragon.a(debug.o)
 .text.__fat_fstat
                0x80014a00       0x80 /n64_toolchain/mips64-elf/lib/libdragon.a(debug.o)
 .text.__fat_open
                0x80014a80      0x120 /n64_toolchain/mips64-elf/lib/libdragon.a(debug.o)
 .text.fat_disk_read_sdram_sc64
                0x80014ba0       0x80 /n64_toolchain/mips64-elf/lib/libdragon.a(debug.o)
 .text.fat_disk_initialize_sc64
                0x80014c20       0x40 /n64_toolchain/mips64-elf/lib/libdragon.a(debug.o)
 .text.fat_disk_write_64drive
                0x80014c60      0x1c0 /n64_toolchain/mips64-elf/lib/libdragon.a(debug.o)
 .text.fat_disk_read_sdram_64drive
                0x80014e20      0x120 /n64_toolchain/mips64-elf/lib/libdragon.a(debug.o)
 .text.cb.0     0x80014f40       0xa0 /n64_toolchain/mips64-elf/lib/libdragon.a(debug.o)
 .text.fat_disk_write_sc64
                0x80014fe0      0x1a0 /n64_toolchain/mips64-elf/lib/libdragon.a(debug.o)
 .text.fat_disk_status_default
                0x80015180       0x20 /n64_toolchain/mips64-elf/lib/libdragon.a(debug.o)
 .text.fat_disk_read_sc64
                0x800151a0      0x100 /n64_toolchain/mips64-elf/lib/libdragon.a(debug.o)
 .text.fat_disk_read_64drive
                0x800152a0      0x160 /n64_toolchain/mips64-elf/lib/libdragon.a(debug.o)
 .text.everdrive_sd_set_mode
                0x80015400       0xc0 /n64_toolchain/mips64-elf/lib/libdragon.a(debug.o)
 .text.everdrive_sd_execute_command
                0x800154c0      0x460 /n64_toolchain/mips64-elf/lib/libdragon.a(debug.o)
 .text.fat_disk_initialize_everdrive
                0x80015920      0x260 /n64_toolchain/mips64-elf/lib/libdragon.a(debug.o)
 .text.everdrive_sd_change_mode
                0x80015b80      0x1a0 /n64_toolchain/mips64-elf/lib/libdragon.a(debug.o)
 .text.fat_disk_write_everdrive
                0x80015d20      0x5e0 /n64_toolchain/mips64-elf/lib/libdragon.a(debug.o)
 .text.fat_disk_read_everdrive
                0x80016300      0x220 /n64_toolchain/mips64-elf/lib/libdragon.a(debug.o)
 .text.disk_initialize
                0x80016520       0x40 /n64_toolchain/mips64-elf/lib/libdragon.a(debug.o)
                0x80016520                disk_initialize
 .text.disk_status
                0x80016560       0x40 /n64_toolchain/mips64-elf/lib/libdragon.a(debug.o)
                0x80016560                disk_status
 .text.disk_read
                0x800165a0       0xe0 /n64_toolchain/mips64-elf/lib/libdragon.a(debug.o)
                0x800165a0                disk_read
 .text.disk_write
                0x80016680       0x40 /n64_toolchain/mips64-elf/lib/libdragon.a(debug.o)
                0x80016680                disk_write
 .text.disk_ioctl
                0x800166c0       0x40 /n64_toolchain/mips64-elf/lib/libdragon.a(debug.o)
                0x800166c0                disk_ioctl
 .text.get_fattime
                0x80016700       0xa0 /n64_toolchain/mips64-elf/lib/libdragon.a(debug.o)
                0x80016700                get_fattime
 .text.debug_init_usblog
                0x800167a0       0xe0 /n64_toolchain/mips64-elf/lib/libdragon.a(debug.o)
                0x800167a0                debug_init_usblog
 .text.debug_init_isviewer
                0x80016880       0xc0 /n64_toolchain/mips64-elf/lib/libdragon.a(debug.o)
                0x80016880                debug_init_isviewer
 .text.debug_init_sdlog
                0x80016940       0xa0 /n64_toolchain/mips64-elf/lib/libdragon.a(debug.o)
                0x80016940                debug_init_sdlog
 .text.debug_init_sdfs
                0x800169e0      0x1c0 /n64_toolchain/mips64-elf/lib/libdragon.a(debug.o)
                0x800169e0                debug_init_sdfs
 .text.debug_assert_func_f
                0x80016ba0       0xe0 /n64_toolchain/mips64-elf/lib/libdragon.a(debug.o)
                0x80016ba0                debug_assert_func_f
 .text.debug_assert_func
                0x80016c80       0x20 /n64_toolchain/mips64-elf/lib/libdragon.a(debug.o)
                0x80016c80                debug_assert_func
 .text.debug_hexdump
                0x80016ca0      0x280 /n64_toolchain/mips64-elf/lib/libdragon.a(debug.o)
                0x80016ca0                debug_hexdump
 .text.__debug_backtrace
                0x80016f20      0x100 /n64_toolchain/mips64-elf/lib/libdragon.a(debug.o)
                0x80016f20                __debug_backtrace
 .text.usb_sc64_read
                0x80017020       0x60 /n64_toolchain/mips64-elf/lib/libdragon.a(usb.o)
 .text.usb_64drive_read
                0x80017080       0x40 /n64_toolchain/mips64-elf/lib/libdragon.a(usb.o)
 .text.usb_everdrive_read
                0x800170c0       0x60 /n64_toolchain/mips64-elf/lib/libdragon.a(usb.o)
 .text.usb_everdrive_usbbusy
                0x80017120      0x120 /n64_toolchain/mips64-elf/lib/libdragon.a(usb.o)
 .text.usb_everdrive_write
                0x80017240      0x2e0 /n64_toolchain/mips64-elf/lib/libdragon.a(usb.o)
 .text.usb_everdrive_readusb.constprop.0
                0x80017520      0x100 /n64_toolchain/mips64-elf/lib/libdragon.a(usb.o)
 .text.usb_sc64_poll
                0x80017620      0x160 /n64_toolchain/mips64-elf/lib/libdragon.a(usb.o)
 .text.usb_everdrive_poll
                0x80017780      0x400 /n64_toolchain/mips64-elf/lib/libdragon.a(usb.o)
 .text.usb_initialize
                0x80017b80      0x320 /n64_toolchain/mips64-elf/lib/libdragon.a(usb.o)
                0x80017b80                usb_initialize
 .text.usb_getcart
                0x80017ea0       0x20 /n64_toolchain/mips64-elf/lib/libdragon.a(usb.o)
                0x80017ea0                usb_getcart
 .text.usb_write
                0x80017ec0       0x40 /n64_toolchain/mips64-elf/lib/libdragon.a(usb.o)
                0x80017ec0                usb_write
 .text.usb_64drive_wait
                0x80017f00       0x80 /n64_toolchain/mips64-elf/lib/libdragon.a(usb.o)
                0x80017f00                usb_64drive_wait
 .text.usb_64drive_setwritable
                0x80017f80       0xa0 /n64_toolchain/mips64-elf/lib/libdragon.a(usb.o)
                0x80017f80                usb_64drive_setwritable
 .text.usb_64drive_poll
                0x80018020      0x200 /n64_toolchain/mips64-elf/lib/libdragon.a(usb.o)
 .text.usb_64drive_write
                0x80018220      0x220 /n64_toolchain/mips64-elf/lib/libdragon.a(usb.o)
 .text.usb_sc64_execute_cmd
                0x80018440       0xc0 /n64_toolchain/mips64-elf/lib/libdragon.a(usb.o)
                0x80018440                usb_sc64_execute_cmd
 .text.usb_sc64_write
                0x80018500      0x1a0 /n64_toolchain/mips64-elf/lib/libdragon.a(usb.o)
 .text.ld_qword
                0x800186a0       0x80 /n64_toolchain/mips64-elf/lib/libdragon.a(ff.o)
 .text.tchar2uni
                0x80018720      0x100 /n64_toolchain/mips64-elf/lib/libdragon.a(ff.o)
 .text.get_ldnumber
                0x80018820       0x80 /n64_toolchain/mips64-elf/lib/libdragon.a(ff.o)
 .text.validate
                0x800188a0       0xa0 /n64_toolchain/mips64-elf/lib/libdragon.a(ff.o)
 .text.sync_window
                0x80018940       0xc0 /n64_toolchain/mips64-elf/lib/libdragon.a(ff.o)
 .text.put_utf  0x80018a00      0x180 /n64_toolchain/mips64-elf/lib/libdragon.a(ff.o)
 .text.dir_clear
                0x80018b80      0x120 /n64_toolchain/mips64-elf/lib/libdragon.a(ff.o)
 .text.sync_fs  0x80018ca0      0x140 /n64_toolchain/mips64-elf/lib/libdragon.a(ff.o)
 .text.get_fileinfo
                0x80018de0      0x4c0 /n64_toolchain/mips64-elf/lib/libdragon.a(ff.o)
 .text.init_alloc_info.isra.0
                0x800192a0       0xe0 /n64_toolchain/mips64-elf/lib/libdragon.a(ff.o)
 .text.move_window
                0x80019380       0xe0 /n64_toolchain/mips64-elf/lib/libdragon.a(ff.o)
 .text.change_bitmap
                0x80019460      0x140 /n64_toolchain/mips64-elf/lib/libdragon.a(ff.o)
 .text.put_fat.part.0
                0x800195a0      0x2c0 /n64_toolchain/mips64-elf/lib/libdragon.a(ff.o)
 .text.fill_last_frag
                0x80019860       0xe0 /n64_toolchain/mips64-elf/lib/libdragon.a(ff.o)
 .text.fill_first_frag
                0x80019940       0xe0 /n64_toolchain/mips64-elf/lib/libdragon.a(ff.o)
 .text.get_fat  0x80019a20      0x300 /n64_toolchain/mips64-elf/lib/libdragon.a(ff.o)
 .text.dir_sdi  0x80019d20      0x200 /n64_toolchain/mips64-elf/lib/libdragon.a(ff.o)
 .text.remove_chain
                0x80019f20      0x300 /n64_toolchain/mips64-elf/lib/libdragon.a(ff.o)
 .text.create_chain
                0x8001a220      0x480 /n64_toolchain/mips64-elf/lib/libdragon.a(ff.o)
 .text.dir_next
                0x8001a6a0      0x200 /n64_toolchain/mips64-elf/lib/libdragon.a(ff.o)
 .text.load_xdir
                0x8001a8a0      0x240 /n64_toolchain/mips64-elf/lib/libdragon.a(ff.o)
 .text.dir_alloc
                0x8001aae0      0x1a0 /n64_toolchain/mips64-elf/lib/libdragon.a(ff.o)
 .text.store_xdir
                0x8001ac80      0x1a0 /n64_toolchain/mips64-elf/lib/libdragon.a(ff.o)
 .text.dir_remove
                0x8001ae20      0x1a0 /n64_toolchain/mips64-elf/lib/libdragon.a(ff.o)
 .text.dir_read.constprop.0
                0x8001afc0      0x300 /n64_toolchain/mips64-elf/lib/libdragon.a(ff.o)
 .text.dir_find
                0x8001b2c0      0x4e0 /n64_toolchain/mips64-elf/lib/libdragon.a(ff.o)
 .text.follow_path
                0x8001b7a0      0x6c0 /n64_toolchain/mips64-elf/lib/libdragon.a(ff.o)
 .text.check_fs
                0x8001be60      0x280 /n64_toolchain/mips64-elf/lib/libdragon.a(ff.o)
 .text.mount_volume
                0x8001c0e0      0xd20 /n64_toolchain/mips64-elf/lib/libdragon.a(ff.o)
 .text.dir_register
                0x8001ce00      0x780 /n64_toolchain/mips64-elf/lib/libdragon.a(ff.o)
 .text.f_mount  0x8001d580       0xa0 /n64_toolchain/mips64-elf/lib/libdragon.a(ff.o)
                0x8001d580                f_mount
 .text.f_open   0x8001d620      0x540 /n64_toolchain/mips64-elf/lib/libdragon.a(ff.o)
                0x8001d620                f_open
 .text.f_read   0x8001db60      0x380 /n64_toolchain/mips64-elf/lib/libdragon.a(ff.o)
                0x8001db60                f_read
 .text.f_write  0x8001dee0      0x3c0 /n64_toolchain/mips64-elf/lib/libdragon.a(ff.o)
                0x8001dee0                f_write
 .text.f_sync   0x8001e2a0      0x320 /n64_toolchain/mips64-elf/lib/libdragon.a(ff.o)
                0x8001e2a0                f_sync
 .text.f_close  0x8001e5c0       0x60 /n64_toolchain/mips64-elf/lib/libdragon.a(ff.o)
                0x8001e5c0                f_close
 .text.f_lseek  0x8001e620      0x360 /n64_toolchain/mips64-elf/lib/libdragon.a(ff.o)
                0x8001e620                f_lseek
 .text.f_opendir
                0x8001e980      0x1a0 /n64_toolchain/mips64-elf/lib/libdragon.a(ff.o)
                0x8001e980                f_opendir
 .text.f_readdir
                0x8001eb20       0xe0 /n64_toolchain/mips64-elf/lib/libdragon.a(ff.o)
                0x8001eb20                f_readdir
 .text.f_unlink
                0x8001ec00      0x1c0 /n64_toolchain/mips64-elf/lib/libdragon.a(ff.o)
                0x8001ec00                f_unlink
 .text.ff_uni2oem
                0x8001edc0       0x80 /n64_toolchain/mips64-elf/lib/libdragon.a(ffunicode.o)
                0x8001edc0                ff_uni2oem
 .text.ff_oem2uni
                0x8001ee40       0x60 /n64_toolchain/mips64-elf/lib/libdragon.a(ffunicode.o)
                0x8001ee40                ff_oem2uni
 .text.ff_wtoupper
                0x8001eea0      0x160 /n64_toolchain/mips64-elf/lib/libdragon.a(ffunicode.o)
                0x8001eea0                ff_wtoupper
 .text.cb.2     0x8001f000       0x60 /n64_toolchain/mips64-elf/lib/libdragon.a(inspector.o)
 .text.cb.1     0x8001f060       0x60 /n64_toolchain/mips64-elf/lib/libdragon.a(inspector.o)
 .text.cb.0     0x8001f0c0      0x120 /n64_toolchain/mips64-elf/lib/libdragon.a(inspector.o)
 .text.cb.3     0x8001f1e0      0x120 /n64_toolchain/mips64-elf/lib/libdragon.a(inspector.o)
 .text.inspector_stdout
                0x8001f300      0x240 /n64_toolchain/mips64-elf/lib/libdragon.a(inspector.o)
 .text.title    0x8001f540       0xa0 /n64_toolchain/mips64-elf/lib/libdragon.a(inspector.o)
 .text.mips_disasm
                0x8001f5e0      0x620 /n64_toolchain/mips64-elf/lib/libdragon.a(inspector.o)
 .text.inspector
                0x8001fc00      0xac0 /n64_toolchain/mips64-elf/lib/libdragon.a(inspector.o)
 .text.handler.4
                0x800206c0       0x40 /n64_toolchain/mips64-elf/lib/libdragon.a(inspector.o)
 .text.__inspector_exception
                0x80020700       0x20 /n64_toolchain/mips64-elf/lib/libdragon.a(inspector.o)
                0x80020700                __inspector_exception
 .text.__inspector_assertion
                0x80020720       0x20 /n64_toolchain/mips64-elf/lib/libdragon.a(inspector.o)
                0x80020720                __inspector_assertion
 .text.startup.__inspector_init
                0x80020740       0x20 /n64_toolchain/mips64-elf/lib/libdragon.a(inspector.o)
                0x80020740                __inspector_init
 .text.dma_write_raw_async.part.0
                0x80020760       0x40 /n64_toolchain/mips64-elf/lib/libdragon.a(dma.o)
 .text.io_accessible
                0x800207a0       0x40 /n64_toolchain/mips64-elf/lib/libdragon.a(dma.o)
                0x800207a0                io_accessible
 .text.dma_read_raw_async
                0x800207e0       0xa0 /n64_toolchain/mips64-elf/lib/libdragon.a(dma.o)
                0x800207e0                dma_read_raw_async
 .text.dma_write_raw_async
                0x80020880       0x80 /n64_toolchain/mips64-elf/lib/libdragon.a(dma.o)
                0x80020880                dma_write_raw_async
 .text.dma_read_async
                0x80020900      0x3a0 /n64_toolchain/mips64-elf/lib/libdragon.a(dma.o)
                0x80020900                dma_read_async
 .text.dma_wait
                0x80020ca0       0x20 /n64_toolchain/mips64-elf/lib/libdragon.a(dma.o)
                0x80020ca0                dma_wait
 .text.dma_read
                0x80020cc0       0x40 /n64_toolchain/mips64-elf/lib/libdragon.a(dma.o)
                0x80020cc0                dma_read
 .text.dma_write
                0x80020d00       0xa0 /n64_toolchain/mips64-elf/lib/libdragon.a(dma.o)
                0x80020d00                dma_write
 .text.io_read  0x80020da0       0x60 /n64_toolchain/mips64-elf/lib/libdragon.a(dma.o)
                0x80020da0                io_read
 .text.io_write
                0x80020e00       0x60 /n64_toolchain/mips64-elf/lib/libdragon.a(dma.o)
                0x80020e00                io_write
 .text.cb.0     0x80020e60       0x40 /n64_toolchain/mips64-elf/lib/libdragon.a(exception.o)
 .text.cb.1     0x80020ea0       0x80 /n64_toolchain/mips64-elf/lib/libdragon.a(exception.o)
 .text.__get_exception_name.isra.0
                0x80020f20      0x1a0 /n64_toolchain/mips64-elf/lib/libdragon.a(exception.o)
 .text.__exception_dump_header
                0x800210c0      0x260 /n64_toolchain/mips64-elf/lib/libdragon.a(exception.o)
                0x800210c0                __exception_dump_header
 .text.__exception_dump_gpr
                0x80021320      0x160 /n64_toolchain/mips64-elf/lib/libdragon.a(exception.o)
                0x80021320                __exception_dump_gpr
 .text.__exception_dump_fpr
                0x80021480      0x280 /n64_toolchain/mips64-elf/lib/libdragon.a(exception.o)
                0x80021480                __exception_dump_fpr
 .text.exception_default_handler
                0x80021700      0x1a0 /n64_toolchain/mips64-elf/lib/libdragon.a(exception.o)
                0x80021700                exception_default_handler
 .text.__onCriticalException
                0x800218a0       0x60 /n64_toolchain/mips64-elf/lib/libdragon.a(exception.o)
                0x800218a0                __onCriticalException
 .text.register_syscall_handler
                0x80021900      0x140 /n64_toolchain/mips64-elf/lib/libdragon.a(exception.o)
                0x80021900                register_syscall_handler
 .text.__onSyscallException
                0x80021a40      0x140 /n64_toolchain/mips64-elf/lib/libdragon.a(exception.o)
                0x80021a40                __onSyscallException
 .text.__register_frame_info
                0x80021b80       0x20 /n64_toolchain/mips64-elf/lib/libdragon.a(do_ctors.o)
                0x80021b80                __register_frame_info
 .text.__wrap___do_global_ctors
                0x80021ba0       0xe0 /n64_toolchain/mips64-elf/lib/libdragon.a(do_ctors.o)
                0x80021ba0                __wrap___do_global_ctors
 .text.sys_bbplayer
                0x80021c80       0x20 /n64_toolchain/mips64-elf/lib/libdragon.a(n64sys.o)
                0x80021c80                sys_bbplayer
 .text.data_cache_hit_writeback
                0x80021ca0       0x60 /n64_toolchain/mips64-elf/lib/libdragon.a(n64sys.o)
                0x80021ca0                data_cache_hit_writeback
 .text.__data_cache_hit_invalidate
                0x80021d00       0x60 /n64_toolchain/mips64-elf/lib/libdragon.a(n64sys.o)
                0x80021d00                __data_cache_hit_invalidate
 .text.data_cache_hit_writeback_invalidate
                0x80021d60       0x60 /n64_toolchain/mips64-elf/lib/libdragon.a(n64sys.o)
                0x80021d60                data_cache_hit_writeback_invalidate
 .text.inst_cache_hit_invalidate
                0x80021dc0       0x60 /n64_toolchain/mips64-elf/lib/libdragon.a(n64sys.o)
                0x80021dc0                inst_cache_hit_invalidate
 .text.malloc_uncached_aligned
                0x80021e20       0xc0 /n64_toolchain/mips64-elf/lib/libdragon.a(n64sys.o)
                0x80021e20                malloc_uncached_aligned
 .text.malloc_uncached
                0x80021ee0       0x20 /n64_toolchain/mips64-elf/lib/libdragon.a(n64sys.o)
                0x80021ee0                malloc_uncached
 .text.free_uncached
                0x80021f00       0x20 /n64_toolchain/mips64-elf/lib/libdragon.a(n64sys.o)
                0x80021f00                free_uncached
 .text.get_memory_size
                0x80021f20       0x60 /n64_toolchain/mips64-elf/lib/libdragon.a(n64sys.o)
                0x80021f20                get_memory_size
 .text.get_tv_type
                0x80021f80       0x20 /n64_toolchain/mips64-elf/lib/libdragon.a(n64sys.o)
                0x80021f80                get_tv_type
 .text.wait_ticks
                0x80021fa0       0x40 /n64_toolchain/mips64-elf/lib/libdragon.a(n64sys.o)
                0x80021fa0                wait_ticks
 .text.wait_ms  0x80021fe0       0x40 /n64_toolchain/mips64-elf/lib/libdragon.a(n64sys.o)
                0x80021fe0                wait_ms
 .text.startup.__init_cop1
                0x80022020       0x40 /n64_toolchain/mips64-elf/lib/libdragon.a(n64sys.o)
                0x80022020                __init_cop1
 .text.__MI_handler
                0x80022060      0x220 /n64_toolchain/mips64-elf/lib/libdragon.a(interrupt.o)
                0x80022060                __MI_handler
 .text.__TI_handler
                0x80022280       0x60 /n64_toolchain/mips64-elf/lib/libdragon.a(interrupt.o)
                0x80022280                __TI_handler
 .text.__CART_handler
                0x800222e0       0xa0 /n64_toolchain/mips64-elf/lib/libdragon.a(interrupt.o)
                0x800222e0                __CART_handler
 .text.__RESET_handler
                0x80022380       0x60 /n64_toolchain/mips64-elf/lib/libdragon.a(interrupt.o)
                0x80022380                __RESET_handler
 .text.register_VI_handler
                0x800223e0       0x60 /n64_toolchain/mips64-elf/lib/libdragon.a(interrupt.o)
                0x800223e0                register_VI_handler
 .text.unregister_VI_handler
                0x80022440       0x60 /n64_toolchain/mips64-elf/lib/libdragon.a(interrupt.o)
                0x80022440                unregister_VI_handler
 .text.register_DP_handler
                0x800224a0       0x60 /n64_toolchain/mips64-elf/lib/libdragon.a(interrupt.o)
                0x800224a0                register_DP_handler
 .text.register_SI_handler
                0x80022500       0x60 /n64_toolchain/mips64-elf/lib/libdragon.a(interrupt.o)
                0x80022500                register_SI_handler
 .text.register_SP_handler
                0x80022560       0x60 /n64_toolchain/mips64-elf/lib/libdragon.a(interrupt.o)
                0x80022560                register_SP_handler
 .text.register_TI_handler
                0x800225c0       0x60 /n64_toolchain/mips64-elf/lib/libdragon.a(interrupt.o)
                0x800225c0                register_TI_handler
 .text.set_VI_interrupt
                0x80022620       0x40 /n64_toolchain/mips64-elf/lib/libdragon.a(interrupt.o)
                0x80022620                set_VI_interrupt
 .text.set_DP_interrupt
                0x80022660       0x40 /n64_toolchain/mips64-elf/lib/libdragon.a(interrupt.o)
                0x80022660                set_DP_interrupt
 .text.set_SI_interrupt
                0x800226a0       0x40 /n64_toolchain/mips64-elf/lib/libdragon.a(interrupt.o)
                0x800226a0                set_SI_interrupt
 .text.set_SP_interrupt
                0x800226e0       0x40 /n64_toolchain/mips64-elf/lib/libdragon.a(interrupt.o)
                0x800226e0                set_SP_interrupt
 .text.set_TI_interrupt
                0x80022720       0x40 /n64_toolchain/mips64-elf/lib/libdragon.a(interrupt.o)
                0x80022720                set_TI_interrupt
 .text.startup.__init_interrupts
                0x80022760       0x40 /n64_toolchain/mips64-elf/lib/libdragon.a(interrupt.o)
                0x80022760                __init_interrupts
 .text.disable_interrupts
                0x800227a0       0x60 /n64_toolchain/mips64-elf/lib/libdragon.a(interrupt.o)
                0x800227a0                disable_interrupts
 .text.enable_interrupts
                0x80022800       0x80 /n64_toolchain/mips64-elf/lib/libdragon.a(interrupt.o)
                0x80022800                enable_interrupts
 .text.get_interrupts_state
                0x80022880       0x20 /n64_toolchain/mips64-elf/lib/libdragon.a(interrupt.o)
                0x80022880                get_interrupts_state
 .text.cb.0     0x800228a0       0x40 /n64_toolchain/mips64-elf/lib/libdragon.a(backtrace.o)
 .text.symt_open
                0x800228e0      0x160 /n64_toolchain/mips64-elf/lib/libdragon.a(backtrace.o)
 .text.format_entry
                0x80022a40      0x1e0 /n64_toolchain/mips64-elf/lib/libdragon.a(backtrace.o)
 .text.symt_addrtab_search
                0x80022c20      0x180 /n64_toolchain/mips64-elf/lib/libdragon.a(backtrace.o)
 .text.__symbolize
                0x80022da0      0x200 /n64_toolchain/mips64-elf/lib/libdragon.a(backtrace.o)
                0x80022da0                __symbolize
 .text.__bt_analyze_func
                0x80022fa0      0x1c0 /n64_toolchain/mips64-elf/lib/libdragon.a(backtrace.o)
                0x80022fa0                __bt_analyze_func
 .text.backtrace_foreach
                0x80023160      0x2c0 /n64_toolchain/mips64-elf/lib/libdragon.a(backtrace.o)
 .text.backtrace
                0x80023420       0xc0 /n64_toolchain/mips64-elf/lib/libdragon.a(backtrace.o)
                0x80023420                backtrace
 .text.backtrace_symbols_cb
                0x800234e0      0x2c0 /n64_toolchain/mips64-elf/lib/libdragon.a(backtrace.o)
                0x800234e0                backtrace_symbols_cb
 .text.backtrace_frame_print
                0x800237a0       0xa0 /n64_toolchain/mips64-elf/lib/libdragon.a(backtrace.o)
                0x800237a0                backtrace_frame_print
 .text.backtrace_frame_print_compact
                0x80023840      0x140 /n64_toolchain/mips64-elf/lib/libdragon.a(backtrace.o)
                0x80023840                backtrace_frame_print_compact
 .text.rompak_search_ext
                0x80023980      0x1e0 /n64_toolchain/mips64-elf/lib/libdragon.a(rompak.o)
                0x80023980                rompak_search_ext
 .text.__display_callback
                0x80023b60       0xc0 /n64_toolchain/mips64-elf/lib/libdragon.a(display.o)
 .text.display_show.part.0
                0x80023c20      0x140 /n64_toolchain/mips64-elf/lib/libdragon.a(display.o)
 .text.display_init
                0x80023d60      0x600 /n64_toolchain/mips64-elf/lib/libdragon.a(display.o)
                0x80023d60                display_init
 .text.display_close
                0x80024360      0x100 /n64_toolchain/mips64-elf/lib/libdragon.a(display.o)
                0x80024360                display_close
 .text.display_lock
                0x80024460       0xc0 /n64_toolchain/mips64-elf/lib/libdragon.a(display.o)
                0x80024460                display_lock
 .text.display_show
                0x80024520       0x20 /n64_toolchain/mips64-elf/lib/libdragon.a(display.o)
                0x80024520                display_show
 .text.display_show_force
                0x80024540       0x40 /n64_toolchain/mips64-elf/lib/libdragon.a(display.o)
                0x80024540                display_show_force
 .text.display_get_bitdepth
                0x80024580       0x20 /n64_toolchain/mips64-elf/lib/libdragon.a(display.o)
                0x80024580                display_get_bitdepth
 .text.tex_format_name
                0x800245a0       0x40 /n64_toolchain/mips64-elf/lib/libdragon.a(surface.o)
                0x800245a0                tex_format_name
 .text.surface_alloc
                0x800245e0       0xe0 /n64_toolchain/mips64-elf/lib/libdragon.a(surface.o)
                0x800245e0                surface_alloc
 .text.surface_free
                0x800246c0       0x80 /n64_toolchain/mips64-elf/lib/libdragon.a(surface.o)
                0x800246c0                surface_free
 .text.controller_interrupt_update
                0x80024740       0x80 /n64_toolchain/mips64-elf/lib/libdragon.a(controller.o)
 .text.controller_interrupt
                0x800247c0       0x40 /n64_toolchain/mips64-elf/lib/libdragon.a(controller.o)
 .text.controller_init
                0x80024800       0xa0 /n64_toolchain/mips64-elf/lib/libdragon.a(controller.o)
                0x80024800                controller_init
 .text.controller_read
                0x800248a0       0x20 /n64_toolchain/mips64-elf/lib/libdragon.a(controller.o)
                0x800248a0                controller_read
 .text.controller_scan
                0x800248c0      0x100 /n64_toolchain/mips64-elf/lib/libdragon.a(controller.o)
                0x800248c0                controller_scan
 .text.get_keys_held
                0x800249c0       0xa0 /n64_toolchain/mips64-elf/lib/libdragon.a(controller.o)
                0x800249c0                get_keys_held
 .text.graphics_draw_character.part.0
                0x80024a60      0x2c0 /n64_toolchain/mips64-elf/lib/libdragon.a(graphics.o)
 .text.graphics_set_color
                0x80024d20       0x20 /n64_toolchain/mips64-elf/lib/libdragon.a(graphics.o)
                0x80024d20                graphics_set_color
 .text.graphics_draw_pixel_trans
                0x80024d40      0x120 /n64_toolchain/mips64-elf/lib/libdragon.a(graphics.o)
                0x80024d40                graphics_draw_pixel_trans
 .text.graphics_draw_box
                0x80024e60      0x120 /n64_toolchain/mips64-elf/lib/libdragon.a(graphics.o)
                0x80024e60                graphics_draw_box
 .text.graphics_fill_screen
                0x80024f80       0x80 /n64_toolchain/mips64-elf/lib/libdragon.a(graphics.o)
                0x80024f80                graphics_fill_screen
 .text.graphics_set_default_font
                0x80025000       0x80 /n64_toolchain/mips64-elf/lib/libdragon.a(graphics.o)
                0x80025000                graphics_set_default_font
 .text.graphics_draw_character
                0x80025080       0x20 /n64_toolchain/mips64-elf/lib/libdragon.a(graphics.o)
                0x80025080                graphics_draw_character
 .text.graphics_draw_text
                0x800250a0      0x120 /n64_toolchain/mips64-elf/lib/libdragon.a(graphics.o)
                0x800250a0                graphics_draw_text
 .text.sprite_load
                0x800251c0       0x80 /n64_toolchain/mips64-elf/lib/libdragon.a(sprite.o)
                0x800251c0                sprite_load
 .text.sprite_get_pixels
                0x80025240       0x60 /n64_toolchain/mips64-elf/lib/libdragon.a(sprite.o)
                0x80025240                sprite_get_pixels
 .text.joybus_msg_send
                0x800252a0       0x80 /n64_toolchain/mips64-elf/lib/libdragon.a(joybus.o)
 .text.callback.0
                0x80025320       0xa0 /n64_toolchain/mips64-elf/lib/libdragon.a(joybus.o)
 .text.si_interrupt
                0x800253c0      0x1a0 /n64_toolchain/mips64-elf/lib/libdragon.a(joybus.o)
 .text.startup.__joybus_init
                0x80025560       0x60 /n64_toolchain/mips64-elf/lib/libdragon.a(joybus.o)
                0x80025560                __joybus_init
 .text.joybus_exec_async
                0x800255c0      0x1a0 /n64_toolchain/mips64-elf/lib/libdragon.a(joybus.o)
                0x800255c0                joybus_exec_async
 .text.joybus_exec
                0x80025760      0x140 /n64_toolchain/mips64-elf/lib/libdragon.a(joybus.o)
                0x80025760                joybus_exec
 .text.must_fopen
                0x800258a0       0xc0 /n64_toolchain/mips64-elf/lib/libdragon.a(asset.o)
 .text.asset_load
                0x80025960      0x1a0 /n64_toolchain/mips64-elf/lib/libdragon.a(asset.o)
                0x80025960                asset_load
 .text.build_tree
                0x80025b00      0x100 /n64_toolchain/mips64-elf/lib/libdragon.a(lzh5.o)
 .text.refill_bits
                0x80025c00       0xa0 /n64_toolchain/mips64-elf/lib/libdragon.a(lzh5.o)
 .text.read_from_tree
                0x80025ca0      0x120 /n64_toolchain/mips64-elf/lib/libdragon.a(lzh5.o)
 .text.__read_bits2
                0x80025dc0       0xe0 /n64_toolchain/mips64-elf/lib/libdragon.a(lzh5.o)
 .text.read_bits
                0x80025ea0       0x40 /n64_toolchain/mips64-elf/lib/libdragon.a(lzh5.o)
 .text.read_code_table
                0x80025ee0      0x180 /n64_toolchain/mips64-elf/lib/libdragon.a(lzh5.o)
 .text.read_offset_code
                0x80026060       0x80 /n64_toolchain/mips64-elf/lib/libdragon.a(lzh5.o)
 .text.start_new_block
                0x800260e0      0x280 /n64_toolchain/mips64-elf/lib/libdragon.a(lzh5.o)
 .text.decompress_lz5h_full
                0x80026360      0x1c0 /n64_toolchain/mips64-elf/lib/libdragon.a(lzh5.o)
                0x80026360                decompress_lz5h_full
 .text.__get_fs_link_by_name
                0x80026520      0x120 /n64_toolchain/mips64-elf/lib/libdragonsys.a(system.o)
 .text.attach_filesystem
                0x80026640      0x200 /n64_toolchain/mips64-elf/lib/libdragonsys.a(system.o)
                0x80026640                attach_filesystem
 .text.close    0x80026840      0x120 /n64_toolchain/mips64-elf/lib/libdragonsys.a(system.o)
                0x80026840                close
 .text._exit    0x80026960       0x20 /n64_toolchain/mips64-elf/lib/libdragonsys.a(system.o)
                0x80026960                _exit
 .text.fstat    0x80026980      0x100 /n64_toolchain/mips64-elf/lib/libdragonsys.a(system.o)
                0x80026980                fstat
 .text.getpid   0x80026a80       0x20 /n64_toolchain/mips64-elf/lib/libdragonsys.a(system.o)
                0x80026a80                getpid
 .text.gettimeofday
                0x80026aa0       0x60 /n64_toolchain/mips64-elf/lib/libdragonsys.a(system.o)
                0x80026aa0                gettimeofday
 .text.isatty   0x80026b00       0x40 /n64_toolchain/mips64-elf/lib/libdragonsys.a(system.o)
                0x80026b00                isatty
 .text.kill     0x80026b40       0x20 /n64_toolchain/mips64-elf/lib/libdragonsys.a(system.o)
                0x80026b40                kill
 .text.lseek    0x80026b60      0x100 /n64_toolchain/mips64-elf/lib/libdragonsys.a(system.o)
                0x80026b60                lseek
 .text.open     0x80026c60      0x160 /n64_toolchain/mips64-elf/lib/libdragonsys.a(system.o)
                0x80026c60                open
 .text.read     0x80026dc0      0x140 /n64_toolchain/mips64-elf/lib/libdragonsys.a(system.o)
                0x80026dc0                read
 .text.sbrk     0x80026f00       0xc0 /n64_toolchain/mips64-elf/lib/libdragonsys.a(system.o)
                0x80026f00                sbrk
 .text.write    0x80026fc0      0x140 /n64_toolchain/mips64-elf/lib/libdragonsys.a(system.o)
                0x80026fc0                write
 .text.hook_stdio_calls
                0x80027100       0x60 /n64_toolchain/mips64-elf/lib/libdragonsys.a(system.o)
                0x80027100                hook_stdio_calls
 .text._flush_cache
                0x80027160       0x40 /n64_toolchain/mips64-elf/lib/libdragonsys.a(system.o)
                0x80027160                _flush_cache
 .text.__assert_func
                0x800271a0       0x20 /n64_toolchain/mips64-elf/lib/libdragonsys.a(system.o)
                0x800271a0                __assert_func
 .text.draw_normal_point_light_tex_fast
                0x800271c0      0x1e0 build/source/main.o
                0x800271c0                draw_normal_point_light_tex_fast
 .text.startup.main
                0x800273a0      0x2e0 build/source/main.o
                0x800273a0                main
 .text.get_next_token
                0x80027680       0xa0 /n64_toolchain/lib/gcc/mips64-elf/12.2.0/../../../../mips64-elf/lib/libdragon.a(dragonfs.o)
 .text.recurse_path
                0x80027720      0x3c0 /n64_toolchain/lib/gcc/mips64-elf/12.2.0/../../../../mips64-elf/lib/libdragon.a(dragonfs.o)
 .text.__close  0x80027ae0       0x80 /n64_toolchain/lib/gcc/mips64-elf/12.2.0/../../../../mips64-elf/lib/libdragon.a(dragonfs.o)
 .text.__fstat  0x80027b60       0xa0 /n64_toolchain/lib/gcc/mips64-elf/12.2.0/../../../../mips64-elf/lib/libdragon.a(dragonfs.o)
 .text.dfs_dir_findfirst
                0x80027c00       0xc0 /n64_toolchain/lib/gcc/mips64-elf/12.2.0/../../../../mips64-elf/lib/libdragon.a(dragonfs.o)
                0x80027c00                dfs_dir_findfirst
 .text.__findfirst
                0x80027cc0       0x80 /n64_toolchain/lib/gcc/mips64-elf/12.2.0/../../../../mips64-elf/lib/libdragon.a(dragonfs.o)
 .text.dfs_dir_findnext
                0x80027d40       0xc0 /n64_toolchain/lib/gcc/mips64-elf/12.2.0/../../../../mips64-elf/lib/libdragon.a(dragonfs.o)
                0x80027d40                dfs_dir_findnext
 .text.__findnext
                0x80027e00       0x60 /n64_toolchain/lib/gcc/mips64-elf/12.2.0/../../../../mips64-elf/lib/libdragon.a(dragonfs.o)
 .text.dfs_open
                0x80027e60      0x120 /n64_toolchain/lib/gcc/mips64-elf/12.2.0/../../../../mips64-elf/lib/libdragon.a(dragonfs.o)
                0x80027e60                dfs_open
 .text.__open   0x80027f80       0x60 /n64_toolchain/lib/gcc/mips64-elf/12.2.0/../../../../mips64-elf/lib/libdragon.a(dragonfs.o)
 .text.dfs_seek
                0x80027fe0      0x100 /n64_toolchain/lib/gcc/mips64-elf/12.2.0/../../../../mips64-elf/lib/libdragon.a(dragonfs.o)
                0x80027fe0                dfs_seek
 .text.__lseek  0x800280e0       0x80 /n64_toolchain/lib/gcc/mips64-elf/12.2.0/../../../../mips64-elf/lib/libdragon.a(dragonfs.o)
 .text.dfs_read
                0x80028160      0x280 /n64_toolchain/lib/gcc/mips64-elf/12.2.0/../../../../mips64-elf/lib/libdragon.a(dragonfs.o)
                0x80028160                dfs_read
 .text.__read   0x800283e0       0x20 /n64_toolchain/lib/gcc/mips64-elf/12.2.0/../../../../mips64-elf/lib/libdragon.a(dragonfs.o)
 .text.dfs_init
                0x80028400      0x1e0 /n64_toolchain/lib/gcc/mips64-elf/12.2.0/../../../../mips64-elf/lib/libdragon.a(dragonfs.o)
                0x80028400                dfs_init
 .text.timer_overflow_callback
                0x800285e0       0x20 /n64_toolchain/lib/gcc/mips64-elf/12.2.0/../../../../mips64-elf/lib/libdragon.a(timer.o)
 .text.timer_interrupt_callback
                0x80028600      0x1a0 /n64_toolchain/lib/gcc/mips64-elf/12.2.0/../../../../mips64-elf/lib/libdragon.a(timer.o)
 .text.timer_init
                0x800287a0       0xc0 /n64_toolchain/lib/gcc/mips64-elf/12.2.0/../../../../mips64-elf/lib/libdragon.a(timer.o)
                0x800287a0                timer_init
 .text.timer_ticks
                0x80028860       0xc0 /n64_toolchain/lib/gcc/mips64-elf/12.2.0/../../../../mips64-elf/lib/libdragon.a(timer.o)
                0x80028860                timer_ticks
 .text.__rdpq_interrupt
                0x80028920       0xa0 /n64_toolchain/lib/gcc/mips64-elf/12.2.0/../../../../mips64-elf/lib/libdragon.a(rdpq.o)
 .text.rdpq_assert_handler
                0x800289c0       0x60 /n64_toolchain/lib/gcc/mips64-elf/12.2.0/../../../../mips64-elf/lib/libdragon.a(rdpq.o)
 .text.rdpq_init
                0x80028a20       0xe0 /n64_toolchain/lib/gcc/mips64-elf/12.2.0/../../../../mips64-elf/lib/libdragon.a(rdpq.o)
                0x80028a20                rdpq_init
 .text.__rdpq_block_next_buffer
                0x80028b00      0x180 /n64_toolchain/lib/gcc/mips64-elf/12.2.0/../../../../mips64-elf/lib/libdragon.a(rdpq.o)
                0x80028b00                __rdpq_block_next_buffer
 .text.rdpq_fence
                0x80028c80      0x140 /n64_toolchain/lib/gcc/mips64-elf/12.2.0/../../../../mips64-elf/lib/libdragon.a(rdpq.o)
                0x80028c80                rdpq_fence
 .text.__rdpq_block_update
                0x80028dc0      0x120 /n64_toolchain/lib/gcc/mips64-elf/12.2.0/../../../../mips64-elf/lib/libdragon.a(rdpq.o)
                0x80028dc0                __rdpq_block_update
 .text.__rdpq_block_update_norsp
                0x80028ee0       0x20 /n64_toolchain/lib/gcc/mips64-elf/12.2.0/../../../../mips64-elf/lib/libdragon.a(rdpq.o)
                0x80028ee0                __rdpq_block_update_norsp
 .text.__rdpq_write8
                0x80028f00       0xe0 /n64_toolchain/lib/gcc/mips64-elf/12.2.0/../../../../mips64-elf/lib/libdragon.a(rdpq.o)
                0x80028f00                __rdpq_write8
 .text.__rdpq_autosync_change
                0x80028fe0      0x120 /n64_toolchain/lib/gcc/mips64-elf/12.2.0/../../../../mips64-elf/lib/libdragon.a(rdpq.o)
                0x80028fe0                __rdpq_autosync_change
 .text.__rdpq_fixup_write8_pipe
                0x80029100      0x120 /n64_toolchain/lib/gcc/mips64-elf/12.2.0/../../../../mips64-elf/lib/libdragon.a(rdpq.o)
                0x80029100                __rdpq_fixup_write8_pipe
 .text.__rdpq_set_scissor
                0x80029220       0xe0 /n64_toolchain/lib/gcc/mips64-elf/12.2.0/../../../../mips64-elf/lib/libdragon.a(rdpq.o)
                0x80029220                __rdpq_set_scissor
 .text.__rdpq_set_fill_color
                0x80029300      0x100 /n64_toolchain/lib/gcc/mips64-elf/12.2.0/../../../../mips64-elf/lib/libdragon.a(rdpq.o)
                0x80029300                __rdpq_set_fill_color
 .text.__rdpq_set_color_image
                0x80029400      0x140 /n64_toolchain/lib/gcc/mips64-elf/12.2.0/../../../../mips64-elf/lib/libdragon.a(rdpq.o)
                0x80029400                __rdpq_set_color_image
 .text.rdpq_set_color_image
                0x80029540      0x180 /n64_toolchain/lib/gcc/mips64-elf/12.2.0/../../../../mips64-elf/lib/libdragon.a(rdpq.o)
                0x80029540                rdpq_set_color_image
 .text.rdpq_set_z_image
                0x800296c0       0xc0 /n64_toolchain/lib/gcc/mips64-elf/12.2.0/../../../../mips64-elf/lib/libdragon.a(rdpq.o)
                0x800296c0                rdpq_set_z_image
 .text.rdpq_sync_full
                0x80029780      0x120 /n64_toolchain/lib/gcc/mips64-elf/12.2.0/../../../../mips64-elf/lib/libdragon.a(rdpq.o)
                0x80029780                rdpq_sync_full
 .text.__rdpq_fill_rectangle
                0x800298a0      0x100 /n64_toolchain/lib/gcc/mips64-elf/12.2.0/../../../../mips64-elf/lib/libdragon.a(rdpq_rect.o)
                0x800298a0                __rdpq_fill_rectangle
 .text.__rdpq_fill_rectangle_offline
                0x800299a0       0x60 /n64_toolchain/lib/gcc/mips64-elf/12.2.0/../../../../mips64-elf/lib/libdragon.a(rdpq_rect.o)
                0x800299a0                __rdpq_fill_rectangle_offline
 .text.__rdpq_fixup_mode
                0x80029a00      0x100 /n64_toolchain/lib/gcc/mips64-elf/12.2.0/../../../../mips64-elf/lib/libdragon.a(rdpq_mode.o)
                0x80029a00                __rdpq_fixup_mode
 .text.__rdpq_fixup_mode3
                0x80029b00      0x120 /n64_toolchain/lib/gcc/mips64-elf/12.2.0/../../../../mips64-elf/lib/libdragon.a(rdpq_mode.o)
                0x80029b00                __rdpq_fixup_mode3
 .text.__rdpq_mode_change_som
                0x80029c20       0xa0 /n64_toolchain/lib/gcc/mips64-elf/12.2.0/../../../../mips64-elf/lib/libdragon.a(rdpq_mode.o)
                0x80029c20                __rdpq_mode_change_som
 .text.__rdpq_reset_render_mode
                0x80029cc0      0x120 /n64_toolchain/lib/gcc/mips64-elf/12.2.0/../../../../mips64-elf/lib/libdragon.a(rdpq_mode.o)
                0x80029cc0                __rdpq_reset_render_mode
 .text.rdpq_mode_push
                0x80029de0       0x40 /n64_toolchain/lib/gcc/mips64-elf/12.2.0/../../../../mips64-elf/lib/libdragon.a(rdpq_mode.o)
                0x80029de0                rdpq_mode_push
 .text.rdpq_mode_pop
                0x80029e20       0x20 /n64_toolchain/lib/gcc/mips64-elf/12.2.0/../../../../mips64-elf/lib/libdragon.a(rdpq_mode.o)
                0x80029e20                rdpq_mode_pop
 .text.attach   0x80029e40      0x220 /n64_toolchain/lib/gcc/mips64-elf/12.2.0/../../../../mips64-elf/lib/libdragon.a(rdpq_attach.o)
 .text.rdpq_attach
                0x8002a060       0x20 /n64_toolchain/lib/gcc/mips64-elf/12.2.0/../../../../mips64-elf/lib/libdragon.a(rdpq_attach.o)
                0x8002a060                rdpq_attach
 .text.rdpq_detach_cb
                0x8002a080       0xc0 /n64_toolchain/lib/gcc/mips64-elf/12.2.0/../../../../mips64-elf/lib/libdragon.a(rdpq_attach.o)
                0x8002a080                rdpq_detach_cb
 .text.rdpq_detach_show
                0x8002a140       0x80 /n64_toolchain/lib/gcc/mips64-elf/12.2.0/../../../../mips64-elf/lib/libdragon.a(rdpq_attach.o)
                0x8002a140                rdpq_detach_show
 .text.rspq_sp_interrupt
                0x8002a1c0       0xa0 /n64_toolchain/lib/gcc/mips64-elf/12.2.0/../../../../mips64-elf/lib/libdragon.a(rspq.o)
 .text.rspq_switch_context
                0x8002a260       0x60 /n64_toolchain/lib/gcc/mips64-elf/12.2.0/../../../../mips64-elf/lib/libdragon.a(rspq.o)
 .text.rspq_flush_internal
                0x8002a2c0       0x40 /n64_toolchain/lib/gcc/mips64-elf/12.2.0/../../../../mips64-elf/lib/libdragon.a(rspq.o)
 .text.rspq_init_context
                0x8002a300       0xa0 /n64_toolchain/lib/gcc/mips64-elf/12.2.0/../../../../mips64-elf/lib/libdragon.a(rspq.o)
 .text.rspq_switch_buffer.part.0
                0x8002a3a0       0x40 /n64_toolchain/lib/gcc/mips64-elf/12.2.0/../../../../mips64-elf/lib/libdragon.a(rspq.o)
 .text.rspq_crash_handler
                0x8002a3e0      0x360 /n64_toolchain/lib/gcc/mips64-elf/12.2.0/../../../../mips64-elf/lib/libdragon.a(rspq.o)
 .text.rspq_assert_handler
                0x8002a740      0x100 /n64_toolchain/lib/gcc/mips64-elf/12.2.0/../../../../mips64-elf/lib/libdragon.a(rspq.o)
 .text.rspq_init
                0x8002a840      0x360 /n64_toolchain/lib/gcc/mips64-elf/12.2.0/../../../../mips64-elf/lib/libdragon.a(rspq.o)
                0x8002a840                rspq_init
 .text.rspq_next_buffer
                0x8002aba0      0x2e0 /n64_toolchain/lib/gcc/mips64-elf/12.2.0/../../../../mips64-elf/lib/libdragon.a(rspq.o)
                0x8002aba0                rspq_next_buffer
 .text.rspq_flush
                0x8002ae80       0x40 /n64_toolchain/lib/gcc/mips64-elf/12.2.0/../../../../mips64-elf/lib/libdragon.a(rspq.o)
                0x8002ae80                rspq_flush
 .text.rspq_highpri_begin
                0x8002aec0       0xe0 /n64_toolchain/lib/gcc/mips64-elf/12.2.0/../../../../mips64-elf/lib/libdragon.a(rspq.o)
                0x8002aec0                rspq_highpri_begin
 .text.rspq_highpri_end
                0x8002afa0       0xa0 /n64_toolchain/lib/gcc/mips64-elf/12.2.0/../../../../mips64-elf/lib/libdragon.a(rspq.o)
                0x8002afa0                rspq_highpri_end
 .text.rspq_syncpoint_new
                0x8002b040       0xe0 /n64_toolchain/lib/gcc/mips64-elf/12.2.0/../../../../mips64-elf/lib/libdragon.a(rspq.o)
                0x8002b040                rspq_syncpoint_new
 .text.rspq_syncpoint_wait
                0x8002b120      0x160 /n64_toolchain/lib/gcc/mips64-elf/12.2.0/../../../../mips64-elf/lib/libdragon.a(rspq.o)
                0x8002b120                rspq_syncpoint_wait
 .text.rspq_overlay_get_state
                0x8002b280      0x180 /n64_toolchain/lib/gcc/mips64-elf/12.2.0/../../../../mips64-elf/lib/libdragon.a(rspq.o)
                0x8002b280                rspq_overlay_get_state
 .text.rspq_overlay_register_internal
                0x8002b400      0x580 /n64_toolchain/lib/gcc/mips64-elf/12.2.0/../../../../mips64-elf/lib/libdragon.a(rspq.o)
 .text.rspq_overlay_register_static
                0x8002b980       0x60 /n64_toolchain/lib/gcc/mips64-elf/12.2.0/../../../../mips64-elf/lib/libdragon.a(rspq.o)
                0x8002b980                rspq_overlay_register_static
 .text.rsp_load_code
                0x8002b9e0      0x100 /n64_toolchain/lib/gcc/mips64-elf/12.2.0/../../../../mips64-elf/lib/libdragon.a(rsp.o)
                0x8002b9e0                rsp_load_code
 .text.rsp_load_data
                0x8002bae0       0xe0 /n64_toolchain/lib/gcc/mips64-elf/12.2.0/../../../../mips64-elf/lib/libdragon.a(rsp.o)
                0x8002bae0                rsp_load_data
 .text.rsp_load
                0x8002bbc0       0x60 /n64_toolchain/lib/gcc/mips64-elf/12.2.0/../../../../mips64-elf/lib/libdragon.a(rsp.o)
                0x8002bbc0                rsp_load
 .text.rsp_read_code
                0x8002bc20       0xe0 /n64_toolchain/lib/gcc/mips64-elf/12.2.0/../../../../mips64-elf/lib/libdragon.a(rsp.o)
                0x8002bc20                rsp_read_code
 .text.rsp_read_data
                0x8002bd00       0xe0 /n64_toolchain/lib/gcc/mips64-elf/12.2.0/../../../../mips64-elf/lib/libdragon.a(rsp.o)
                0x8002bd00                rsp_read_data
 .text.__rsp_run_async
                0x8002bde0       0x40 /n64_toolchain/lib/gcc/mips64-elf/12.2.0/../../../../mips64-elf/lib/libdragon.a(rsp.o)
                0x8002bde0                __rsp_run_async
 .text.__rsp_crash
                0x8002be20      0xbe0 /n64_toolchain/lib/gcc/mips64-elf/12.2.0/../../../../mips64-elf/lib/libdragon.a(rsp.o)
                0x8002be20                __rsp_crash
 .text.__rsp_check_assert
                0x8002ca00       0x80 /n64_toolchain/lib/gcc/mips64-elf/12.2.0/../../../../mips64-elf/lib/libdragon.a(rsp.o)
                0x8002ca00                __rsp_check_assert
 .text.rsp_wait
                0x8002ca80      0x100 /n64_toolchain/lib/gcc/mips64-elf/12.2.0/../../../../mips64-elf/lib/libdragon.a(rsp.o)
                0x8002ca80                rsp_wait
 .text.rsp_run  0x8002cb80       0x60 /n64_toolchain/lib/gcc/mips64-elf/12.2.0/../../../../mips64-elf/lib/libdragon.a(rsp.o)
                0x8002cb80                rsp_run
 .text.__console_render.part.0
                0x8002cbe0      0x100 /n64_toolchain/lib/gcc/mips64-elf/12.2.0/../../../../mips64-elf/lib/libdragon.a(console.o)
 .text.__console_write
                0x8002cce0      0x300 /n64_toolchain/lib/gcc/mips64-elf/12.2.0/../../../../mips64-elf/lib/libdragon.a(console.o)
 .text.console_set_render_mode
                0x8002cfe0       0x20 /n64_toolchain/lib/gcc/mips64-elf/12.2.0/../../../../mips64-elf/lib/libdragon.a(console.o)
                0x8002cfe0                console_set_render_mode
 .text.console_init
                0x8002d000       0xe0 /n64_toolchain/lib/gcc/mips64-elf/12.2.0/../../../../mips64-elf/lib/libdragon.a(console.o)
                0x8002d000                console_init
 .text.console_render
                0x8002d0e0       0x40 /n64_toolchain/lib/gcc/mips64-elf/12.2.0/../../../../mips64-elf/lib/libdragon.a(console.o)
                0x8002d0e0                console_render
 .text.console_set_debug
                0x8002d120       0x20 /n64_toolchain/lib/gcc/mips64-elf/12.2.0/../../../../mips64-elf/lib/libdragon.a(console.o)
                0x8002d120                console_set_debug
 *(.init)
 .init          0x8002d140        0x8 /n64_toolchain/lib/gcc/mips64-elf/12.2.0/crti.o
                0x8002d140                _init
 *(.fini)
 .fini          0x8002d148        0x8 /n64_toolchain/lib/gcc/mips64-elf/12.2.0/crti.o
                0x8002d148                _fini
 *(.gnu.linkonce.t.*)
                0x8002d150                        . = ALIGN (0x10)
                0x8002d150                        __text_end = .

.eh_frame_hdr
 *(.eh_frame_hdr)

.eh_frame       0x8002d150        0x4
                0x8002d150                        __EH_FRAME_BEGIN__ = .
 *(.eh_frame)
 .eh_frame      0x8002d150        0x0 /n64_toolchain/lib/gcc/mips64-elf/12.2.0/crtbegin.o
 .eh_frame      0x8002d150        0x4 /n64_toolchain/lib/gcc/mips64-elf/12.2.0/crtend.o

.gcc_except_table
 *(.gcc_except_table*)

.jcr
 *(.jcr)

.rodata         0x8002d158    0x11888
 *(.rdata)
 *(.rodata)
 .rodata        0x8002d158       0x10 /n64_toolchain/mips64-elf/lib/libdragon.a(ff.o)
 .rodata        0x8002d168      0x188 /n64_toolchain/lib/gcc/mips64-elf/12.2.0/../../../../mips64-elf/lib/libc.a(libc_a-svfprintf.o)
 .rodata        0x8002d2f0      0x188 /n64_toolchain/lib/gcc/mips64-elf/12.2.0/../../../../mips64-elf/lib/libc.a(libc_a-vfprintf.o)
 .rodata        0x8002d478      0x188 /n64_toolchain/lib/gcc/mips64-elf/12.2.0/../../../../mips64-elf/lib/libc.a(libc_a-vfiprintf.o)
 .rodata        0x8002d600      0x128 /n64_toolchain/lib/gcc/mips64-elf/12.2.0/../../../../mips64-elf/lib/libc.a(libc_a-mprec.o)
                0x8002d610                __mprec_tinytens
                0x8002d638                __mprec_bigtens
                0x8002d660                __mprec_tens
 .rodata        0x8002d728       0x60 /n64_toolchain/lib/gcc/mips64-elf/12.2.0/../../../../mips64-elf/lib/libc.a(libc_a-month_lengths.o)
                0x8002d728                __month_lengths
 .rodata        0x8002d788      0x288 /n64_toolchain/lib/gcc/mips64-elf/12.2.0/../../../../mips64-elf/lib/libc.a(libc_a-ctype_.o)
                0x8002d788                _ctype_
                0x8002d890                _ctype_b
 .rodata        0x8002da10      0x188 /n64_toolchain/lib/gcc/mips64-elf/12.2.0/../../../../mips64-elf/lib/libc.a(libc_a-svfiprintf.o)
 .rodata        0x8002db98      0x2aa /n64_toolchain/lib/gcc/mips64-elf/12.2.0/../../../../mips64-elf/lib/libc.a(libc_a-svfiscanf.o)
 *(.rodata.*)
 *fill*         0x8002de42        0x6 
 .rodata.__fat_unlink.str1.8
                0x8002de48       0x20 /n64_toolchain/mips64-elf/lib/libdragon.a(debug.o)
 .rodata.__fat_write.str1.8
                0x8002de68       0x25 /n64_toolchain/mips64-elf/lib/libdragon.a(debug.o)
 *fill*         0x8002de8d        0x3 
 .rodata.__fat_read.str1.8
                0x8002de90       0x25 /n64_toolchain/mips64-elf/lib/libdragon.a(debug.o)
 *fill*         0x8002deb5        0x3 
 .rodata.fat_disk_write_64drive.str1.8
                0x8002deb8       0x2e /n64_toolchain/mips64-elf/lib/libdragon.a(debug.o)
 *fill*         0x8002dee6        0x2 
 .rodata.fat_disk_read_sdram_64drive.str1.8
                0x8002dee8       0x33 /n64_toolchain/mips64-elf/lib/libdragon.a(debug.o)
 *fill*         0x8002df1b        0x5 
 .rodata.cb.0.str1.8
                0x8002df20       0x1d /n64_toolchain/mips64-elf/lib/libdragon.a(debug.o)
 *fill*         0x8002df3d        0x3 
 .rodata.fat_disk_read_64drive.str1.8
                0x8002df40       0x2d /n64_toolchain/mips64-elf/lib/libdragon.a(debug.o)
 *fill*         0x8002df6d        0x3 
 .rodata.everdrive_sd_execute_command.str1.8
                0x8002df70       0x11 /n64_toolchain/mips64-elf/lib/libdragon.a(debug.o)
 *fill*         0x8002df81        0x7 
 .rodata.fat_disk_initialize_everdrive.str1.8
                0x8002df88       0x83 /n64_toolchain/mips64-elf/lib/libdragon.a(debug.o)
 *fill*         0x8002e00b        0x5 
 .rodata.everdrive_sd_change_mode.str1.8
                0x8002e010       0x12 /n64_toolchain/mips64-elf/lib/libdragon.a(debug.o)
 *fill*         0x8002e022        0x6 
 .rodata.fat_disk_write_everdrive.str1.8
                0x8002e028       0x54 /n64_toolchain/mips64-elf/lib/libdragon.a(debug.o)
 *fill*         0x8002e07c        0x4 
 .rodata.fat_disk_read_everdrive.str1.8
                0x8002e080       0x14 /n64_toolchain/mips64-elf/lib/libdragon.a(debug.o)
 *fill*         0x8002e094        0x4 
 .rodata.debug_init_sdfs.str1.8
                0x8002e098       0x24 /n64_toolchain/mips64-elf/lib/libdragon.a(debug.o)
 *fill*         0x8002e0bc        0x4 
 .rodata.debug_assert_func_f.str1.8
                0x8002e0c0       0x3d /n64_toolchain/mips64-elf/lib/libdragon.a(debug.o)
                                 0x45 (size before relaxing)
 *fill*         0x8002e0fd        0x3 
 .rodata.debug_hexdump.str1.8
                0x8002e100       0x23 /n64_toolchain/mips64-elf/lib/libdragon.a(debug.o)
                                 0x2b (size before relaxing)
 *fill*         0x8002e123        0x5 
 .rodata.__debug_backtrace.str1.8
                0x8002e128        0xc /n64_toolchain/mips64-elf/lib/libdragon.a(debug.o)
 *fill*         0x8002e134        0x4 
 .rodata.fat_disk_sc64
                0x8002e138       0x18 /n64_toolchain/mips64-elf/lib/libdragon.a(debug.o)
 .rodata.fat_disk_64drive
                0x8002e150       0x18 /n64_toolchain/mips64-elf/lib/libdragon.a(debug.o)
 .rodata.fat_disk_everdrive
                0x8002e168       0x18 /n64_toolchain/mips64-elf/lib/libdragon.a(debug.o)
 .rodata.follow_path.str1.8
                0x8002e180       0x17 /n64_toolchain/mips64-elf/lib/libdragon.a(ff.o)
 *fill*         0x8002e197        0x1 
 .rodata.check_fs.str1.8
                0x8002e198       0x19 /n64_toolchain/mips64-elf/lib/libdragon.a(ff.o)
 *fill*         0x8002e1b1        0x7 
 .rodata.ExCvt  0x8002e1b8       0x80 /n64_toolchain/mips64-elf/lib/libdragon.a(ff.o)
 .rodata.LfnOfs
                0x8002e238        0xd /n64_toolchain/mips64-elf/lib/libdragon.a(ff.o)
 *fill*         0x8002e245        0x3 
 .rodata.GUID_MS_Basic
                0x8002e248       0x10 /n64_toolchain/mips64-elf/lib/libdragon.a(ff.o)
 .rodata.ff_wtoupper
                0x8002e258       0x24 /n64_toolchain/mips64-elf/lib/libdragon.a(ffunicode.o)
 *fill*         0x8002e27c        0x4 
 .rodata.cvt2.0
                0x8002e280       0xbc /n64_toolchain/mips64-elf/lib/libdragon.a(ffunicode.o)
 *fill*         0x8002e33c        0x4 
 .rodata.cvt1.1
                0x8002e340      0x1f2 /n64_toolchain/mips64-elf/lib/libdragon.a(ffunicode.o)
 *fill*         0x8002e532        0x6 
 .rodata.uc437  0x8002e538      0x100 /n64_toolchain/mips64-elf/lib/libdragon.a(ffunicode.o)
 .rodata.cb.2.str1.8
                0x8002e638       0x1a /n64_toolchain/mips64-elf/lib/libdragon.a(inspector.o)
                                 0x22 (size before relaxing)
 *fill*         0x8002e652        0x6 
 .rodata.cb.1.str1.8
                0x8002e658        0xc /n64_toolchain/mips64-elf/lib/libdragon.a(inspector.o)
 *fill*         0x8002e664        0x4 
 .rodata.cb.0.str1.8
                0x8002e668        0x7 /n64_toolchain/mips64-elf/lib/libdragon.a(inspector.o)
                                 0x27 (size before relaxing)
 *fill*         0x8002e66f        0x1 
 .rodata.cb.3.str1.8
                0x8002e670       0x2a /n64_toolchain/mips64-elf/lib/libdragon.a(inspector.o)
 *fill*         0x8002e69a        0x2 
 .rodata.inspector_stdout
                0x8002e69c       0x54 /n64_toolchain/mips64-elf/lib/libdragon.a(inspector.o)
 .rodata.mips_disasm.str1.8
                0x8002e6f0      0x1a6 /n64_toolchain/mips64-elf/lib/libdragon.a(inspector.o)
                                0x1b6 (size before relaxing)
 *fill*         0x8002e896        0x2 
 .rodata.mips_disasm
                0x8002e898       0xb0 /n64_toolchain/mips64-elf/lib/libdragon.a(inspector.o)
 .rodata.inspector.str1.8
                0x8002e948      0x1fc /n64_toolchain/mips64-elf/lib/libdragon.a(inspector.o)
                                0x20c (size before relaxing)
 *fill*         0x8002eb44        0x4 
 .rodata.str1.8
                0x8002eb48      0x5e3 /n64_toolchain/mips64-elf/lib/libdragon.a(inspector.o)
 *fill*         0x8002f12b        0x5 
 .rodata.fpu_ops.7
                0x8002f130      0x100 /n64_toolchain/mips64-elf/lib/libdragon.a(inspector.o)
 .rodata.special.8
                0x8002f230      0x100 /n64_toolchain/mips64-elf/lib/libdragon.a(inspector.o)
 .rodata.ops.9  0x8002f330      0x100 /n64_toolchain/mips64-elf/lib/libdragon.a(inspector.o)
 .rodata.RESOLUTION_640x240
                0x8002f430        0xc /n64_toolchain/mips64-elf/lib/libdragon.a(inspector.o)
 *fill*         0x8002f43c        0x4 
 .rodata.dma_write_raw_async.part.0.str1.8
                0x8002f440       0x12 /n64_toolchain/mips64-elf/lib/libdragon.a(dma.o)
 *fill*         0x8002f452        0x6 
 .rodata.dma_read_async.str1.8
                0x8002f458       0x8d /n64_toolchain/mips64-elf/lib/libdragon.a(dma.o)
 *fill*         0x8002f4e5        0x3 
 .rodata.__func__.0
                0x8002f4e8        0xf /n64_toolchain/mips64-elf/lib/libdragon.a(dma.o)
 *fill*         0x8002f4f7        0x1 
 .rodata.__func__.1
                0x8002f4f8       0x14 /n64_toolchain/mips64-elf/lib/libdragon.a(dma.o)
 *fill*         0x8002f50c        0x4 
 .rodata.__func__.2
                0x8002f510       0x13 /n64_toolchain/mips64-elf/lib/libdragon.a(dma.o)
 *fill*         0x8002f523        0x5 
 .rodata.cb.0.str1.8
                0x8002f528       0x17 /n64_toolchain/mips64-elf/lib/libdragon.a(exception.o)
 *fill*         0x8002f53f        0x1 
 .rodata.cb.1.str1.8
                0x8002f540        0x9 /n64_toolchain/mips64-elf/lib/libdragon.a(exception.o)
                                 0x19 (size before relaxing)
 *fill*         0x8002f549        0x7 
 .rodata.__get_exception_name.isra.0.str1.8
                0x8002f550      0x20a /n64_toolchain/mips64-elf/lib/libdragon.a(exception.o)
 *fill*         0x8002f75a        0x2 
 .rodata.__get_exception_name.isra.0
                0x8002f75c       0x40 /n64_toolchain/mips64-elf/lib/libdragon.a(exception.o)
 *fill*         0x8002f79c        0x4 
 .rodata.__exception_dump_header.str1.8
                0x8002f7a0       0xd0 /n64_toolchain/mips64-elf/lib/libdragon.a(exception.o)
                                 0xe0 (size before relaxing)
 .rodata.__exception_dump_gpr.str1.8
                0x8002f870       0x34 /n64_toolchain/mips64-elf/lib/libdragon.a(exception.o)
 *fill*         0x8002f8a4        0x4 
 .rodata.__exception_dump_fpr.str1.8
                0x8002f8a8       0x3e /n64_toolchain/mips64-elf/lib/libdragon.a(exception.o)
 *fill*         0x8002f8e6        0x2 
 .rodata.exception_default_handler.str1.8
                0x8002f8e8       0x3e /n64_toolchain/mips64-elf/lib/libdragon.a(exception.o)
 *fill*         0x8002f926        0x2 
 .rodata.register_syscall_handler.str1.8
                0x8002f928       0xf3 /n64_toolchain/mips64-elf/lib/libdragon.a(exception.o)
                                 0xfb (size before relaxing)
 *fill*         0x8002fa1b        0x5 
 .rodata.__func__.2
                0x8002fa20       0x19 /n64_toolchain/mips64-elf/lib/libdragon.a(exception.o)
 *fill*         0x8002fa39        0x7 
 .rodata.str1.8
                0x8002fa40      0x17e /n64_toolchain/mips64-elf/lib/libdragon.a(exception.o)
 *fill*         0x8002fbbe        0x2 
 .rodata.exceptionMap.3
                0x8002fbc0       0x80 /n64_toolchain/mips64-elf/lib/libdragon.a(exception.o)
 .rodata.__do_global_ctors.str1.8
                0x8002fc40       0xa1 /n64_toolchain/mips64-elf/lib/libdragon.a(do_ctors.o)
 *fill*         0x8002fce1        0x7 
 .rodata.__wrap___do_global_ctors.str1.8
                0x8002fce8       0xbb /n64_toolchain/mips64-elf/lib/libdragon.a(do_ctors.o)
 *fill*         0x8002fda3        0x5 
 .rodata.__func__.0
                0x8002fda8       0x19 /n64_toolchain/mips64-elf/lib/libdragon.a(do_ctors.o)
 *fill*         0x8002fdc1        0x7 
 .rodata.malloc_uncached_aligned.str1.8
                0x8002fdc8       0x3d /n64_toolchain/mips64-elf/lib/libdragon.a(n64sys.o)
 *fill*         0x8002fe05        0x3 
 .rodata.__func__.0
                0x8002fe08       0x18 /n64_toolchain/mips64-elf/lib/libdragon.a(n64sys.o)
 .rodata.__CART_handler.str1.8
                0x8002fe20       0x8a /n64_toolchain/mips64-elf/lib/libdragon.a(interrupt.o)
 *fill*         0x8002feaa        0x6 
 .rodata.enable_interrupts.str1.8
                0x8002feb0       0x3c /n64_toolchain/mips64-elf/lib/libdragon.a(interrupt.o)
 *fill*         0x8002feec        0x4 
 .rodata.__func__.0
                0x8002fef0       0x12 /n64_toolchain/mips64-elf/lib/libdragon.a(interrupt.o)
 *fill*         0x8002ff02        0x6 
 .rodata.__func__.3
                0x8002ff08        0xf /n64_toolchain/mips64-elf/lib/libdragon.a(interrupt.o)
 *fill*         0x8002ff17        0x1 
 .rodata.symt_open.str1.8
                0x8002ff18       0xc3 /n64_toolchain/mips64-elf/lib/libdragon.a(backtrace.o)
 .rodata.format_entry.str1.8
                0x8002ffdb       0x14 /n64_toolchain/mips64-elf/lib/libdragon.a(backtrace.o)
 *fill*         0x8002ffdb        0x5 
 .rodata.__symbolize.str1.8
                0x8002ffe0        0xc /n64_toolchain/mips64-elf/lib/libdragon.a(backtrace.o)
                                 0x13 (size before relaxing)
 *fill*         0x8002ffec        0x4 
 .rodata.__bt_analyze_func.str1.8
                0x8002fff0       0x42 /n64_toolchain/mips64-elf/lib/libdragon.a(backtrace.o)
 *fill*         0x80030032        0x6 
 .rodata.backtrace_foreach.str1.8
                0x80030038       0x81 /n64_toolchain/mips64-elf/lib/libdragon.a(backtrace.o)
 *fill*         0x800300b9        0x7 
 .rodata.backtrace_symbols_cb.str1.8
                0x800300c0       0x22 /n64_toolchain/mips64-elf/lib/libdragon.a(backtrace.o)
 *fill*         0x800300e2        0x6 
 .rodata.backtrace_frame_print.str1.8
                0x800300e8       0x2d /n64_toolchain/mips64-elf/lib/libdragon.a(backtrace.o)
                                 0x35 (size before relaxing)
 *fill*         0x80030115        0x3 
 .rodata.backtrace_frame_print_compact.str1.8
                0x80030118       0x2a /n64_toolchain/mips64-elf/lib/libdragon.a(backtrace.o)
 *fill*         0x80030142        0x6 
 .rodata.rompak_search_ext.str1.8
                0x80030148       0xb7 /n64_toolchain/mips64-elf/lib/libdragon.a(rompak.o)
 *fill*         0x800301ff        0x1 
 .rodata.__func__.0
                0x80030200       0x12 /n64_toolchain/mips64-elf/lib/libdragon.a(rompak.o)
 *fill*         0x80030212        0x6 
 .rodata.display_show.part.0.str1.8
                0x80030218       0xf9 /n64_toolchain/mips64-elf/lib/libdragon.a(display.o)
 *fill*         0x80030311        0x7 
 .rodata.display_init.str1.8
                0x80030318      0x199 /n64_toolchain/mips64-elf/lib/libdragon.a(display.o)
 *fill*         0x800304b1        0x7 
 .rodata.__func__.0
                0x800304b8        0xd /n64_toolchain/mips64-elf/lib/libdragon.a(display.o)
 *fill*         0x800304c5        0x3 
 .rodata.__func__.1
                0x800304c8        0xd /n64_toolchain/mips64-elf/lib/libdragon.a(display.o)
 *fill*         0x800304d5        0x3 
 .rodata.reg_values
                0x800304d8       0x18 /n64_toolchain/mips64-elf/lib/libdragon.a(display.o)
 .rodata.mpal_i
                0x800304f0       0x38 /n64_toolchain/mips64-elf/lib/libdragon.a(display.o)
 .rodata.pal_i  0x80030528       0x38 /n64_toolchain/mips64-elf/lib/libdragon.a(display.o)
 .rodata.ntsc_i
                0x80030560       0x38 /n64_toolchain/mips64-elf/lib/libdragon.a(display.o)
 .rodata.mpal_p
                0x80030598       0x38 /n64_toolchain/mips64-elf/lib/libdragon.a(display.o)
 .rodata.pal_p  0x800305d0       0x38 /n64_toolchain/mips64-elf/lib/libdragon.a(display.o)
 .rodata.ntsc_p
                0x80030608       0x38 /n64_toolchain/mips64-elf/lib/libdragon.a(display.o)
 .rodata.tex_format_name.str1.8
                0x80030640        0x8 /n64_toolchain/mips64-elf/lib/libdragon.a(surface.o)
 .rodata.surface_alloc.str1.8
                0x80030648       0x62 /n64_toolchain/mips64-elf/lib/libdragon.a(surface.o)
 *fill*         0x800306aa        0x6 
 .rodata.str1.8
                0x800306b0       0x7f /n64_toolchain/mips64-elf/lib/libdragon.a(surface.o)
 *fill*         0x8003072f        0x1 
 .rodata.CSWTCH.4
                0x80030730       0x48 /n64_toolchain/mips64-elf/lib/libdragon.a(surface.o)
 .rodata.__func__.1
                0x80030778        0xe /n64_toolchain/mips64-elf/lib/libdragon.a(surface.o)
 *fill*         0x80030786        0x2 
 .rodata.controller_scan.str1.8
                0x80030788       0x51 /n64_toolchain/mips64-elf/lib/libdragon.a(controller.o)
 *fill*         0x800307d9        0x7 
 .rodata.__func__.2
                0x800307e0       0x10 /n64_toolchain/mips64-elf/lib/libdragon.a(controller.o)
 .rodata.SI_read_con_block.8
                0x800307f0       0x40 /n64_toolchain/mips64-elf/lib/libdragon.a(controller.o)
 .rodata.SI_read_con_block.9
                0x80030830       0x40 /n64_toolchain/mips64-elf/lib/libdragon.a(controller.o)
 .rodata.__font_data_32
                0x80030870     0x8008 /n64_toolchain/mips64-elf/lib/libdragon.a(graphics.o)
 .rodata.__font_data_16
                0x80038878     0x4008 /n64_toolchain/mips64-elf/lib/libdragon.a(graphics.o)
 .rodata.joybus_msg_send.str1.8
                0x8003c880       0x55 /n64_toolchain/mips64-elf/lib/libdragon.a(joybus.o)
 *fill*         0x8003c8d5        0x3 
 .rodata.si_interrupt.str1.8
                0x8003c8d8       0x40 /n64_toolchain/mips64-elf/lib/libdragon.a(joybus.o)
 .rodata.joybus_exec_async.str1.8
                0x8003c918       0x4a /n64_toolchain/mips64-elf/lib/libdragon.a(joybus.o)
 *fill*         0x8003c962        0x6 
 .rodata.__func__.1
                0x8003c968       0x12 /n64_toolchain/mips64-elf/lib/libdragon.a(joybus.o)
 *fill*         0x8003c97a        0x6 
 .rodata.__func__.2
                0x8003c980       0x10 /n64_toolchain/mips64-elf/lib/libdragon.a(joybus.o)
 .rodata.__func__.3
                0x8003c990       0x10 /n64_toolchain/mips64-elf/lib/libdragon.a(joybus.o)
 .rodata.__func__.4
                0x8003c9a0        0xd /n64_toolchain/mips64-elf/lib/libdragon.a(joybus.o)
 *fill*         0x8003c9ad        0x3 
 .rodata.seekfn_lha.str1.8
                0x8003c9b0       0x54 /n64_toolchain/mips64-elf/lib/libdragon.a(asset.o)
                                 0x5c (size before relaxing)
 *fill*         0x8003ca04        0x4 
 .rodata.must_fopen.str1.8
                0x8003ca08       0x7c /n64_toolchain/mips64-elf/lib/libdragon.a(asset.o)
 *fill*         0x8003ca84        0x4 
 .rodata.asset_load.str1.8
                0x8003ca88       0x73 /n64_toolchain/mips64-elf/lib/libdragon.a(asset.o)
 *fill*         0x8003cafb        0x5 
 .rodata.__func__.2
                0x8003cb00        0xb /n64_toolchain/mips64-elf/lib/libdragon.a(asset.o)
 *fill*         0x8003cb0b        0x5 
 .rodata.__func__.3
                0x8003cb10        0xb /n64_toolchain/mips64-elf/lib/libdragon.a(asset.o)
 *fill*         0x8003cb1b        0x5 
 .rodata.main.str1.8
                0x8003cb20       0x61 build/source/main.o
 *fill*         0x8003cb81        0x7 
 .rodata.RESOLUTION_320x240
                0x8003cb88        0xc build/source/main.o
 *fill*         0x8003cb94        0x4 
 .rodata.__open.str1.8
                0x8003cb98        0x2 /n64_toolchain/lib/gcc/mips64-elf/12.2.0/../../../../mips64-elf/lib/libdragon.a(dragonfs.o)
 *fill*         0x8003cb9a        0x6 
 .rodata.dfs_read.str1.8
                0x8003cba0        0xf /n64_toolchain/lib/gcc/mips64-elf/12.2.0/../../../../mips64-elf/lib/libdragon.a(dragonfs.o)
                                 0x3f (size before relaxing)
 *fill*         0x8003cbaf        0x1 
 .rodata.dfs_init.str1.8
                0x8003cbb0       0x86 /n64_toolchain/lib/gcc/mips64-elf/12.2.0/../../../../mips64-elf/lib/libdragon.a(dragonfs.o)
                                 0x8e (size before relaxing)
 *fill*         0x8003cc36        0x2 
 .rodata.__func__.0
                0x8003cc38       0x16 /n64_toolchain/lib/gcc/mips64-elf/12.2.0/../../../../mips64-elf/lib/libdragon.a(dragonfs.o)