Archive member included to satisfy reference by file (symbol)

/n64_toolchain/mips64-elf/lib/libdragon.a(entrypoint.o)
                              (_start)
/n64_toolchain/mips64-elf/lib/libdragon.a(debug.o)
                              /n64_toolchain/mips64-elf/lib/libdragon.a(entrypoint.o) (debug_assert_func)
/n64_toolchain/mips64-elf/lib/libdragon.a(usb.o)
                              /n64_toolchain/mips64-elf/lib/libdragon.a(debug.o) (usb_initialize)
/n64_toolchain/mips64-elf/lib/libdragon.a(ff.o)
                              /n64_toolchain/mips64-elf/lib/libdragon.a(debug.o) (f_mount)
/n64_toolchain/mips64-elf/lib/libdragon.a(ffunicode.o)
                              /n64_toolchain/mips64-elf/lib/libdragon.a(ff.o) (ff_uni2oem)
/n64_toolchain/mips64-elf/lib/libdragon.a(inspector.o)
                              /n64_toolchain/mips64-elf/lib/libdragon.a(debug.o) (__inspector_assertion)
/n64_toolchain/mips64-elf/lib/libdragon.a(dma.o)
                              /n64_toolchain/mips64-elf/lib/libdragon.a(debug.o) (io_accessible)
/n64_toolchain/mips64-elf/lib/libdragon.a(exception.o)
                              /n64_toolchain/mips64-elf/lib/libdragon.a(inspector.o) (__exception_dump_header)
/n64_toolchain/mips64-elf/lib/libdragon.a(do_ctors.o)
                              /n64_toolchain/mips64-elf/lib/libdragon.a(entrypoint.o) (__wrap___do_global_ctors)
/n64_toolchain/mips64-elf/lib/libdragon.a(n64sys.o)
                              /n64_toolchain/mips64-elf/lib/libdragon.a(debug.o) (sys_bbplayer)
/n64_toolchain/mips64-elf/lib/libdragon.a(interrupt.o)
                              /n64_toolchain/mips64-elf/lib/libdragon.a(debug.o) (disable_interrupts)
/n64_toolchain/mips64-elf/lib/libdragon.a(backtrace.o)
                              /n64_toolchain/mips64-elf/lib/libdragon.a(inspector.o) (__symbolize)
/n64_toolchain/mips64-elf/lib/libdragon.a(inthandler.o)
                              /n64_toolchain/mips64-elf/lib/libdragon.a(entrypoint.o) (inthandler)
/n64_toolchain/mips64-elf/lib/libdragon.a(rompak.o)
                              /n64_toolchain/mips64-elf/lib/libdragon.a(backtrace.o) (rompak_search_ext)
/n64_toolchain/mips64-elf/lib/libdragon.a(display.o)
                              /n64_toolchain/mips64-elf/lib/libdragon.a(inspector.o) (display_init)
/n64_toolchain/mips64-elf/lib/libdragon.a(surface.o)
                              /n64_toolchain/mips64-elf/lib/libdragon.a(display.o) (surface_alloc)
/n64_toolchain/mips64-elf/lib/libdragon.a(controller.o)
                              /n64_toolchain/mips64-elf/lib/libdragon.a(inspector.o) (controller_read)
/n64_toolchain/mips64-elf/lib/libdragon.a(graphics.o)
                              /n64_toolchain/mips64-elf/lib/libdragon.a(inspector.o) (graphics_set_color)
/n64_toolchain/mips64-elf/lib/libdragon.a(sprite.o)
                              /n64_toolchain/mips64-elf/lib/libdragon.a(graphics.o) (__sprite_upgrade)
/n64_toolchain/mips64-elf/lib/libdragon.a(joybus.o)
                              /n64_toolchain/mips64-elf/lib/libdragon.a(controller.o) (joybus_exec_async)
/n64_toolchain/mips64-elf/lib/libdragon.a(asset.o)
                              /n64_toolchain/mips64-elf/lib/libdragon.a(sprite.o) (asset_load)
/n64_toolchain/mips64-elf/lib/libdragon.a(lzh5.o)
                              /n64_toolchain/mips64-elf/lib/libdragon.a(asset.o) (decompress_lz5h_init)
/n64_toolchain/mips64-elf/lib/libdragonsys.a(system.o)
                              /n64_toolchain/mips64-elf/lib/libdragon.a(debug.o) (attach_filesystem)
/n64_toolchain/lib/gcc/mips64-elf/12.2.0/../../../../mips64-elf/lib/libdragon.a(dragonfs.o)
                              build/source/main.o (dfs_init)
/n64_toolchain/lib/gcc/mips64-elf/12.2.0/../../../../mips64-elf/lib/libdragon.a(rdpq.o)
                              build/source/main.o (rdpq_init)
/n64_toolchain/lib/gcc/mips64-elf/12.2.0/../../../../mips64-elf/lib/libdragon.a(rsp_rdpq.o)
                              /n64_toolchain/lib/gcc/mips64-elf/12.2.0/../../../../mips64-elf/lib/libdragon.a(rdpq.o) (rsp_rdpq_data_end)
/n64_toolchain/lib/gcc/mips64-elf/12.2.0/../../../../mips64-elf/lib/libdragon.a(rdpq_debug.o)
                              /n64_toolchain/lib/gcc/mips64-elf/12.2.0/../../../../mips64-elf/lib/libdragon.a(rdpq.o) (rdpq_trace_fetch)
/n64_toolchain/lib/gcc/mips64-elf/12.2.0/../../../../mips64-elf/lib/libdragon.a(rdpq_rect.o)
                              /n64_toolchain/lib/gcc/mips64-elf/12.2.0/../../../../mips64-elf/lib/libdragon.a(rdpq_debug.o) (__rdpq_texture_rectangle)
/n64_toolchain/lib/gcc/mips64-elf/12.2.0/../../../../mips64-elf/lib/libdragon.a(rdpq_mode.o)
                              build/source/main.o (__rdpq_fixup_mode3)
/n64_toolchain/lib/gcc/mips64-elf/12.2.0/../../../../mips64-elf/lib/libdragon.a(rdpq_attach.o)
                              build/source/main.o (rdpq_attach)
/n64_toolchain/lib/gcc/mips64-elf/12.2.0/../../../../mips64-elf/lib/libdragon.a(rspq.o)
[...]
Memory Configuration

Name             Origin             Length             Attributes
mem              0x80000000         0x00400000
*default*        0x00000000         0xffffffff

Linker script and memory map

LOAD /n64_toolchain/lib/gcc/mips64-elf/12.2.0/crti.o
LOAD /n64_toolchain/lib/gcc/mips64-elf/12.2.0/crtbegin.o
LOAD /n64_toolchain/mips64-elf/lib/libdragon.a
LOAD /n64_toolchain/mips64-elf/lib/libdragonsys.a
LOAD build/source/main.o
LOAD /n64_toolchain/lib/gcc/mips64-elf/12.2.0/../../../../mips64-elf/lib/libdragon.a
LOAD /n64_toolchain/lib/gcc/mips64-elf/12.2.0/../../../../mips64-elf/lib/libm.a
LOAD /n64_toolchain/lib/gcc/mips64-elf/12.2.0/../../../../mips64-elf/lib/libdragonsys.a
                0x80000000                        __kseg0_start = 0x80000000
                0x80000400                        __libdragon_text_start = (__kseg0_start + 0x400)

.text           0x80000400    0x1f5f0
 *(.boot)
 .boot          0x80000400      0x18c /n64_toolchain/mips64-elf/lib/libdragon.a(entrypoint.o)
                0x80000400                _start
                0x80000590                        . = ALIGN (0x10)
 *fill*         0x8000058c        0x4 
                0x80000590                        __text_start = .
 *(.text)
 *fill*         0x80000590       0x10 
 .text          0x800005a0      0x360 /n64_toolchain/mips64-elf/lib/libdragon.a(inthandler.o)
                0x800005a0                inthandler
                0x80000900                inthandler_end
 .text          0x80000900       0xe8 /n64_toolchain/lib/gcc/mips64-elf/12.2.0/../../../../mips64-elf/lib/libm.a(libm_a-sf_cos.o)
                0x80000900                cosf
 .text          0x800009e8       0xe8 /n64_toolchain/lib/gcc/mips64-elf/12.2.0/../../../../mips64-elf/lib/libm.a(libm_a-sf_sin.o)
                0x800009e8                sinf
 .text          0x80000ad0       0xd0 /n64_toolchain/lib/gcc/mips64-elf/12.2.0/../../../../mips64-elf/lib/libm.a(libm_a-kf_sin.o)
                0x80000ad0                __kernel_sinf
 .text          0x80000ba0      0x190 /n64_toolchain/lib/gcc/mips64-elf/12.2.0/../../../../mips64-elf/lib/libm.a(libm_a-kf_cos.o)
                0x80000ba0                __kernel_cosf
 .text          0x80000d30      0x358 /n64_toolchain/lib/gcc/mips64-elf/12.2.0/../../../../mips64-elf/lib/libm.a(libm_a-ef_rem_pio2.o)
                0x80000d30                __ieee754_rem_pio2f
 .text          0x80001088       0x20 /n64_toolchain/lib/gcc/mips64-elf/12.2.0/../../../../mips64-elf/lib/libm.a(libm_a-sf_fabs.o)
                0x80001088                fabsf
 .text          0x800010a8      0x990 /n64_toolchain/lib/gcc/mips64-elf/12.2.0/../../../../mips64-elf/lib/libm.a(libm_a-kf_rem_pio2.o)
                0x800010a8                __kernel_rem_pio2f
 .text          0x80001a38      0x110 /n64_toolchain/lib/gcc/mips64-elf/12.2.0/../../../../mips64-elf/lib/libm.a(libm_a-sf_floor.o)
                0x80001a38                floorf
 .text          0x80001b48      0x188 /n64_toolchain/lib/gcc/mips64-elf/12.2.0/../../../../mips64-elf/lib/libm.a(libm_a-sf_scalbn.o)
                0x80001b48                scalbnf
 .text          0x80001cd0      0x11c /n64_toolchain/lib/gcc/mips64-elf/12.2.0/../../../../mips64-elf/lib/libc.a(libc_a-memset.o)
                0x80001cd0                memset
 .text          0x80001dec      0x370 /n64_toolchain/lib/gcc/mips64-elf/12.2.0/../../../../mips64-elf/lib/libc.a(libc_a-memcpy.o)
                0x80001dec                memcpy
 *fill*         0x8000215c        0x4 
 .text          0x80002160       0x70 /n64_toolchain/lib/gcc/mips64-elf/12.2.0/../../../../mips64-elf/lib/libc.a(libc_a-printf.o)
                0x80002160                _printf_r
                0x80002190                printf
 .text          0x800021d0       0x18 /n64_toolchain/lib/gcc/mips64-elf/12.2.0/../../../../mips64-elf/lib/libc.a(libc_a-malign.o)
                0x800021d0                memalign
 .text          0x800021e8      0x1f8 /n64_toolchain/lib/gcc/mips64-elf/12.2.0/../../../../mips64-elf/lib/libc.a(libc_a-malignr.o)
                0x800021e8                _memalign_r
 .text          0x800023e0       0x20 /n64_toolchain/lib/gcc/mips64-elf/12.2.0/../../../../mips64-elf/lib/libc.a(libc_a-putchar.o)
                0x800023e0                _putchar_r
                0x800023e8                putchar
 .text          0x80002400       0xd8 /n64_toolchain/lib/gcc/mips64-elf/12.2.0/../../../../mips64-elf/lib/libc.a(libc_a-sprintf.o)
                0x80002400                _sprintf_r
                0x80002468                sprintf
 .text          0x800024d8       0xe0 /n64_toolchain/lib/gcc/mips64-elf/12.2.0/../../../../mips64-elf/lib/libc.a(libc_a-puts.o)
                0x800024d8                _puts_r
                0x800025a8                puts
 .text          0x800025b8       0x18 /n64_toolchain/lib/gcc/mips64-elf/12.2.0/../../../../mips64-elf/lib/libc.a(libc_a-abort.o)
                0x800025b8                abort
 .text          0x800025d0      0x1c8 /n64_toolchain/lib/gcc/mips64-elf/12.2.0/../../../../mips64-elf/lib/libc.a(libc_a-snprintf.o)
                0x800025d0                _snprintf_r
                0x800026b0                snprintf
 .text          0x80002798       0xf0 /n64_toolchain/lib/gcc/mips64-elf/12.2.0/../../../../mips64-elf/lib/libc.a(libc_a-memchr.o)
                0x80002798                memchr
 .text          0x80002888     0x2030 /n64_toolchain/lib/gcc/mips64-elf/12.2.0/../../../../mips64-elf/lib/libc.a(libc_a-svfprintf.o)
                0x80002888                _svfprintf_r
 .text          0x800048b8      0x480 /n64_toolchain/lib/gcc/mips64-elf/12.2.0/../../../../mips64-elf/lib/libc.a(libc_a-freer.o)
                0x800048b8                _malloc_trim_r
                0x800049f8                _free_r
 .text          0x80004d38       0x80 /n64_toolchain/lib/gcc/mips64-elf/12.2.0/../../../../mips64-elf/lib/libc.a(libc_a-memcmp.o)
                0x80004d38                memcmp
 .text          0x80004db8       0x30 /n64_toolchain/lib/gcc/mips64-elf/12.2.0/../../../../mips64-elf/lib/libc.a(libc_a-vprintf.o)
                0x80004db8                vprintf
                0x80004dd0                _vprintf_r
 .text          0x80004de8     0x16a8 /n64_toolchain/lib/gcc/mips64-elf/12.2.0/../../../../mips64-elf/lib/libc.a(libc_a-dtoa.o)
                0x80005038                _dtoa_r
 .text          0x80006490       0x20 /n64_toolchain/lib/gcc/mips64-elf/12.2.0/../../../../mips64-elf/lib/libc.a(libc_a-malloc.o)
                0x80006490                malloc
                0x800064a0                free
 .text          0x800064b0      0x150 /n64_toolchain/lib/gcc/mips64-elf/12.2.0/../../../../mips64-elf/lib/libc.a(libc_a-memmove.o)
                0x800064b0                memmove
 .text          0x80006600      0x880 /n64_toolchain/lib/gcc/mips64-elf/12.2.0/../../../../mips64-elf/lib/libc.a(libc_a-mallocr.o)
                0x80006600                _malloc_r
 .text          0x80006e80       0xa8 /n64_toolchain/lib/gcc/mips64-elf/12.2.0/../../../../mips64-elf/lib/libc.a(libc_a-strcpy.o)
                0x80006e80                strcpy
 .text          0x80006f28     0x22a0 /n64_toolchain/lib/gcc/mips64-elf/12.2.0/../../../../mips64-elf/lib/libc.a(libc_a-vfprintf.o)
                0x80006f28                _vfprintf_r
                0x800090e0                vfprintf
 .text          0x800091c8      0x570 /n64_toolchain/lib/gcc/mips64-elf/12.2.0/../../../../mips64-elf/lib/libc.a(libc_a-signal.o)
                0x800091c8                _init_signal_r
                0x80009230                _signal_r
                0x800092d0                _raise_r
                0x80009388                __sigtramp_r
                0x80009478                raise
                0x80009540                signal
                0x800095e0                _init_signal
                0x80009650                __sigtramp
 .text          0x80009738      0x138 /n64_toolchain/lib/gcc/mips64-elf/12.2.0/../../../../mips64-elf/lib/libc.a(libc_a-fopen.o)
                0x80009738                _fopen_r
                0x80009858                fopen
 .text          0x80009870      0x340 /n64_toolchain/lib/gcc/mips64-elf/12.2.0/../../../../mips64-elf/lib/libc.a(libc_a-fflush.o)
                0x80009870                __sflush_r
                0x80009ad0                _fflush_r
                0x80009b30                fflush
 .text          0x80009bb0       0x10 /n64_toolchain/lib/gcc/mips64-elf/12.2.0/../../../../mips64-elf/lib/libc.a(libc_a-mlock.o)
                0x80009bb0                __malloc_lock
                0x80009bb8                __malloc_unlock
 .text          0x80009bc0     0x1418 /n64_toolchain/lib/gcc/mips64-elf/12.2.0/../../../../mips64-elf/lib/libc.a(libc_a-vfiprintf.o)
                0x80009cf8                __sprint_r
                0x80009d18                _vfiprintf_r
                0x8000aef0                vfiprintf
 .text          0x8000afd8       0x68 /n64_toolchain/lib/gcc/mips64-elf/12.2.0/../../../../mips64-elf/lib/libc.a(libc_a-fprintf.o)
                0x8000afd8                _fprintf_r
                0x8000b000                fprintf
 .text          0x8000b040     0x1428 /n64_toolchain/lib/gcc/mips64-elf/12.2.0/../../../../mips64-elf/lib/libc.a(libc_a-mprec.o)
                0x8000b040                _Balloc
                0x8000b0f0                _Bfree
                0x8000b120                __multadd
                0x8000b280                __s2b
                0x8000b400                __hi0bits
                0x8000b488                __lo0bits
                0x8000b550                __i2b
                0x8000b628                __multiply
                0x8000b8b8                __pow5mult
                0x8000ba20                __lshift
                0x8000bbd8                __mcmp
                0x8000bc40                __mdiff
                0x8000beb8                __ulp
                0x8000bf68                __b2d
                0x8000c100                __d2b
                0x8000c260                __ratio
                0x8000c320                _mprec_log10
                0x8000c360                __copybits
                0x8000c3e8                __any_on
 .text          0x8000c468       0x70 /n64_toolchain/lib/gcc/mips64-elf/12.2.0/../../../../mips64-elf/lib/libc.a(libc_a-strrchr.o)
                0x8000c468                strrchr
 .text          0x8000c4d8       0x98 /n64_toolchain/lib/gcc/mips64-elf/12.2.0/../../../../mips64-elf/lib/libc.a(libc_a-strcat.o)
                0x8000c4d8                strcat
 .text          0x8000c570       0xd0 /n64_toolchain/lib/gcc/mips64-elf/12.2.0/../../../../mips64-elf/lib/libc.a(libc_a-fputc.o)
                0x8000c570                _fputc_r
                0x8000c5d0                fputc
 .text          0x8000c640      0x570 /n64_toolchain/lib/gcc/mips64-elf/12.2.0/../../../../mips64-elf/lib/libc.a(libc_a-fvwrite.o)
                0x8000c640                __sfvwrite_r
 .text          0x8000cbb0      0x140 /n64_toolchain/lib/gcc/mips64-elf/12.2.0/../../../../mips64-elf/lib/libc.a(libc_a-fclose.o)
                0x8000cbb0                _fclose_r
                0x8000cce0                fclose
 .text          0x8000ccf0       0xc0 /n64_toolchain/lib/gcc/mips64-elf/12.2.0/../../../../mips64-elf/lib/libc.a(libc_a-fwalk.o)
                0x8000ccf0                _fwalk_sglue
 .text          0x8000cdb0      0x330 /n64_toolchain/lib/gcc/mips64-elf/12.2.0/../../../../mips64-elf/lib/libc.a(libc_a-fread.o)
                0x8000cdb0                _fread_r
                0x8000d0b0                fread
 .text          0x8000d0e0      0x1f8 /n64_toolchain/lib/gcc/mips64-elf/12.2.0/../../../../mips64-elf/lib/libc.a(libc_a-fwrite.o)
                0x8000d0e0                _fwrite_r
                0x8000d1e8                fwrite
 .text          0x8000d2d8      0x3a8 /n64_toolchain/lib/gcc/mips64-elf/12.2.0/../../../../mips64-elf/lib/libc.a(libc_a-findfp.o)
                0x8000d4d0                __sfp
                0x8000d610                __sinit
                0x8000d640                __sfp_lock_acquire
                0x8000d648                __sfp_lock_release
                0x8000d650                __fp_lock_all
                0x8000d668                __fp_unlock_all
 .text          0x8000d680      0x5d0 /n64_toolchain/lib/gcc/mips64-elf/12.2.0/../../../../mips64-elf/lib/libc.a(libc_a-reallocr.o)
                0x8000d680                _realloc_r
 .text          0x8000dc50       0xc8 /n64_toolchain/lib/gcc/mips64-elf/12.2.0/../../../../mips64-elf/lib/libc.a(libc_a-flags.o)
                0x8000dc50                __sflags
 .text          0x8000dd18       0x20 /n64_toolchain/lib/gcc/mips64-elf/12.2.0/../../../../mips64-elf/lib/libc.a(libc_a-fseek.o)
                0x8000dd18                _fseek_r
                0x8000dd20                fseek
 .text          0x8000dd38       0x18 /n64_toolchain/lib/gcc/mips64-elf/12.2.0/../../../../mips64-elf/lib/libc.a(libc_a-ftell.o)
                0x8000dd38                _ftell_r
                0x8000dd40                ftell
 .text          0x8000dd50      0x1b8 /n64_toolchain/lib/gcc/mips64-elf/12.2.0/../../../../mips64-elf/lib/libc.a(libc_a-fputwc.o)
                0x8000dd50                __fputwc
                0x8000de68                _fputwc_r
                0x8000de90                fputwc
 .text          0x8000df08      0x120 /n64_toolchain/lib/gcc/mips64-elf/12.2.0/../../../../mips64-elf/lib/libc.a(libc_a-locale.o)
                0x8000df08                _setlocale_r
                0x8000df90                __locale_mb_cur_max
                0x8000dfa0                setlocale
 .text          0x8000e028      0xb48 /n64_toolchain/lib/gcc/mips64-elf/12.2.0/../../../../mips64-elf/lib/libc.a(libc_a-strstr.o)
                0x8000e880                strstr
 .text          0x8000eb70       0x28 /n64_toolchain/lib/gcc/mips64-elf/12.2.0/../../../../mips64-elf/lib/libc.a(libc_a-localeconv.o)
                0x8000eb70                __localeconv_l
                0x8000eb78                _localeconv_r
                0x8000eb88                localeconv
 .text          0x8000eb98       0x48 /n64_toolchain/lib/gcc/mips64-elf/12.2.0/../../../../mips64-elf/lib/libc.a(libc_a-wctomb_r.o)
                0x8000eb98                _wctomb_r
                0x8000eba8                __ascii_wctomb
 .text          0x8000ebe0       0x60 /n64_toolchain/lib/gcc/mips64-elf/12.2.0/../../../../mips64-elf/lib/libc.a(libc_a-signalr.o)
                0x8000ebe0                _kill_r
                0x8000ec38                _getpid_r
 .text          0x8000ec40       0x50 /n64_toolchain/lib/gcc/mips64-elf/12.2.0/../../../../mips64-elf/lib/libc.a(libc_a-sbrkr.o)
                0x8000ec40                _sbrk_r
 .text          0x8000ec90       0x60 /n64_toolchain/lib/gcc/mips64-elf/12.2.0/../../../../mips64-elf/lib/libc.a(libc_a-openr.o)
                0x8000ec90                _open_r
 .text          0x8000ecf0        0x8 /n64_toolchain/lib/gcc/mips64-elf/12.2.0/../../../../mips64-elf/lib/libc.a(libc_a-errno.o)
                0x8000ecf0                __errno
 .text          0x8000ecf8       0x18 /n64_toolchain/lib/gcc/mips64-elf/12.2.0/../../../../mips64-elf/lib/libc.a(libc_a-strlen.o)
                0x8000ecf8                strlen
 .text          0x8000ed10      0x240 /n64_toolchain/lib/gcc/mips64-elf/12.2.0/../../../../mips64-elf/lib/libc.a(libc_a-strcmp.o)
                0x8000ed10                strcmp
 .text          0x8000ef50      0x258 /n64_toolchain/lib/gcc/mips64-elf/12.2.0/../../../../mips64-elf/lib/libc.a(libc_a-makebuf.o)
                0x8000ef50                __smakebuf_r
                0x8000f0f8                __swhatbuf_r
 .text          0x8000f1a8      0x160 /n64_toolchain/lib/gcc/mips64-elf/12.2.0/../../../../mips64-elf/lib/libc.a(libc_a-putc.o)
                0x8000f1a8                _putc_r
                0x8000f250                putc
 .text          0x8000f308      0x118 /n64_toolchain/lib/gcc/mips64-elf/12.2.0/../../../../mips64-elf/lib/libc.a(libc_a-wcrtomb.o)
                0x8000f308                _wcrtomb_r
                0x8000f388                wcrtomb
 .text          0x8000f420      0x228 /n64_toolchain/lib/gcc/mips64-elf/12.2.0/../../../../mips64-elf/lib/libc.a(libc_a-refill.o)
                0x8000f448                __srefill_r
 .text          0x8000f648      0x190 /n64_toolchain/lib/gcc/mips64-elf/12.2.0/../../../../mips64-elf/lib/libc.a(libc_a-stdio.o)
                0x8000f648                __sread
                0x8000f6a0                __seofread
                0x8000f6a8                __swrite
                0x8000f768                __sseek
                0x8000f7d0                __sclose
 .text          0x8000f7d8     0x1188 /n64_toolchain/lib/gcc/mips64-elf/12.2.0/../../../../mips64-elf/lib/libc.a(libc_a-svfiprintf.o)
                0x8000f7d8                __ssprint_r
                0x8000fa20                _svfiprintf_r
 .text          0x80010960      0x120 /n64_toolchain/lib/gcc/mips64-elf/12.2.0/../../../../mips64-elf/lib/libc.a(libc_a-callocr.o)
                0x80010960                _calloc_r
 .text          0x80010a80      0x170 /n64_toolchain/lib/gcc/mips64-elf/12.2.0/../../../../mips64-elf/lib/libc.a(libc_a-wsetup.o)
                0x80010a80                __swsetup_r
 .text          0x80010bf0      0x188 /n64_toolchain/lib/gcc/mips64-elf/12.2.0/../../../../mips64-elf/lib/libc.a(libc_a-strchr.o)
                0x80010bf0                strchr
 .text          0x80010d78      0x4b8 /n64_toolchain/lib/gcc/mips64-elf/12.2.0/../../../../mips64-elf/lib/libc.a(libc_a-fseeko.o)
                0x80010d78                _fseeko_r
                0x80011218                fseeko
 .text          0x80011230      0x148 /n64_toolchain/lib/gcc/mips64-elf/12.2.0/../../../../mips64-elf/lib/libc.a(libc_a-ftello.o)
                0x80011230                _ftello_r
                0x80011368                ftello
 .text          0x80011378      0x1b8 /n64_toolchain/lib/gcc/mips64-elf/12.2.0/../../../../mips64-elf/lib/libc.a(libc_a-wbuf.o)
                0x80011378                __swbuf_r
                0x80011518                __swbuf
 .text          0x80011530       0x48 /n64_toolchain/lib/gcc/mips64-elf/12.2.0/../../../../mips64-elf/lib/libc.a(libc_a-strnlen.o)
                0x80011530                strnlen
 .text          0x80011578       0x70 /n64_toolchain/lib/gcc/mips64-elf/12.2.0/../../../../mips64-elf/lib/libc.a(libc_a-mbtowc_r.o)
                0x80011578                _mbtowc_r
                0x80011588                __ascii_mbtowc
 .text          0x800115e8       0x58 /n64_toolchain/lib/gcc/mips64-elf/12.2.0/../../../../mips64-elf/lib/libc.a(libc_a-fstatr.o)
                0x800115e8                _fstat_r
 .text          0x80011640       0x50 /n64_toolchain/lib/gcc/mips64-elf/12.2.0/../../../../mips64-elf/lib/libc.a(libc_a-isattyr.o)
                0x80011640                _isatty_r
 .text          0x80011690       0x50 /n64_toolchain/lib/gcc/mips64-elf/12.2.0/../../../../mips64-elf/lib/libc.a(libc_a-closer.o)
                0x80011690                _close_r
 .text          0x800116e0       0x60 /n64_toolchain/lib/gcc/mips64-elf/12.2.0/../../../../mips64-elf/lib/libc.a(libc_a-lseekr.o)
                0x800116e0                _lseek_r
 .text          0x80011740       0x60 /n64_toolchain/lib/gcc/mips64-elf/12.2.0/../../../../mips64-elf/lib/libc.a(libc_a-readr.o)
                0x80011740                _read_r
 .text          0x800117a0       0x60 /n64_toolchain/lib/gcc/mips64-elf/12.2.0/../../../../mips64-elf/lib/libc.a(libc_a-writer.o)
                0x800117a0                _write_r
 *(.text.*)
 .text.cb.0     0x80011800       0xa0 /n64_toolchain/mips64-elf/lib/libdragon.a(debug.o)
 .text.debug_assert_func_f
                0x800118a0       0xe0 /n64_toolchain/mips64-elf/lib/libdragon.a(debug.o)
                0x800118a0                debug_assert_func_f
 .text.debug_assert_func
                0x80011980       0x20 /n64_toolchain/mips64-elf/lib/libdragon.a(debug.o)
                0x80011980                debug_assert_func
 .text.debug_hexdump
                0x800119a0      0x280 /n64_toolchain/mips64-elf/lib/libdragon.a(debug.o)
                0x800119a0                debug_hexdump
 .text.__debug_backtrace
                0x80011c20      0x100 /n64_toolchain/mips64-elf/lib/libdragon.a(debug.o)
                0x80011c20                __debug_backtrace
 .text.cb.2     0x80011d20       0x60 /n64_toolchain/mips64-elf/lib/libdragon.a(inspector.o)
 .text.cb.1     0x80011d80       0x60 /n64_toolchain/mips64-elf/lib/libdragon.a(inspector.o)
 .text.cb.0     0x80011de0      0x120 /n64_toolchain/mips64-elf/lib/libdragon.a(inspector.o)
 .text.cb.3     0x80011f00      0x120 /n64_toolchain/mips64-elf/lib/libdragon.a(inspector.o)
 .text.inspector_stdout
                0x80012020      0x240 /n64_toolchain/mips64-elf/lib/libdragon.a(inspector.o)
 .text.title    0x80012260       0xa0 /n64_toolchain/mips64-elf/lib/libdragon.a(inspector.o)
 .text.mips_disasm
                0x80012300      0x620 /n64_toolchain/mips64-elf/lib/libdragon.a(inspector.o)
 .text.inspector
                0x80012920      0xac0 /n64_toolchain/mips64-elf/lib/libdragon.a(inspector.o)
 .text.handler.4
                0x800133e0       0x40 /n64_toolchain/mips64-elf/lib/libdragon.a(inspector.o)
 .text.__inspector_exception
                0x80013420       0x20 /n64_toolchain/mips64-elf/lib/libdragon.a(inspector.o)
                0x80013420                __inspector_exception
 .text.__inspector_assertion
                0x80013440       0x20 /n64_toolchain/mips64-elf/lib/libdragon.a(inspector.o)
                0x80013440                __inspector_assertion
 .text.startup.__inspector_init
                0x80013460       0x20 /n64_toolchain/mips64-elf/lib/libdragon.a(inspector.o)
                0x80013460                __inspector_init
 .text.dma_read_raw_async
                0x80013480       0xa0 /n64_toolchain/mips64-elf/lib/libdragon.a(dma.o)
                0x80013480                dma_read_raw_async
 .text.dma_read_async
                0x80013520      0x3a0 /n64_toolchain/mips64-elf/lib/libdragon.a(dma.o)
                0x80013520                dma_read_async
 .text.dma_wait
                0x800138c0       0x20 /n64_toolchain/mips64-elf/lib/libdragon.a(dma.o)
                0x800138c0                dma_wait
 .text.dma_read
                0x800138e0       0x40 /n64_toolchain/mips64-elf/lib/libdragon.a(dma.o)
                0x800138e0                dma_read
 .text.io_read  0x80013920       0x60 /n64_toolchain/mips64-elf/lib/libdragon.a(dma.o)
                0x80013920                io_read
 .text.cb.0     0x80013980       0x40 /n64_toolchain/mips64-elf/lib/libdragon.a(exception.o)
 .text.cb.1     0x800139c0       0x80 /n64_toolchain/mips64-elf/lib/libdragon.a(exception.o)
 .text.__get_exception_name.isra.0
                0x80013a40      0x1a0 /n64_toolchain/mips64-elf/lib/libdragon.a(exception.o)
 .text.__exception_dump_header
                0x80013be0      0x260 /n64_toolchain/mips64-elf/lib/libdragon.a(exception.o)
                0x80013be0                __exception_dump_header
 .text.__exception_dump_gpr
                0x80013e40      0x160 /n64_toolchain/mips64-elf/lib/libdragon.a(exception.o)
                0x80013e40                __exception_dump_gpr
 .text.__exception_dump_fpr
                0x80013fa0      0x280 /n64_toolchain/mips64-elf/lib/libdragon.a(exception.o)
                0x80013fa0                __exception_dump_fpr
 .text.exception_default_handler
                0x80014220      0x1a0 /n64_toolchain/mips64-elf/lib/libdragon.a(exception.o)
                0x80014220                exception_default_handler
 .text.__onCriticalException
                0x800143c0       0x60 /n64_toolchain/mips64-elf/lib/libdragon.a(exception.o)
                0x800143c0                __onCriticalException
 .text.register_syscall_handler
                0x80014420      0x140 /n64_toolchain/mips64-elf/lib/libdragon.a(exception.o)
                0x80014420                register_syscall_handler
 .text.__onSyscallException
                0x80014560      0x140 /n64_toolchain/mips64-elf/lib/libdragon.a(exception.o)
                0x80014560                __onSyscallException
 .text.__register_frame_info
                0x800146a0       0x20 /n64_toolchain/mips64-elf/lib/libdragon.a(do_ctors.o)
                0x800146a0                __register_frame_info
 .text.__wrap___do_global_ctors
                0x800146c0       0xe0 /n64_toolchain/mips64-elf/lib/libdragon.a(do_ctors.o)
                0x800146c0                __wrap___do_global_ctors
 .text.sys_bbplayer
                0x800147a0       0x20 /n64_toolchain/mips64-elf/lib/libdragon.a(n64sys.o)
                0x800147a0                sys_bbplayer
 .text.data_cache_hit_writeback
                0x800147c0       0x60 /n64_toolchain/mips64-elf/lib/libdragon.a(n64sys.o)
                0x800147c0                data_cache_hit_writeback
 .text.__data_cache_hit_invalidate
                0x80014820       0x60 /n64_toolchain/mips64-elf/lib/libdragon.a(n64sys.o)
                0x80014820                __data_cache_hit_invalidate
 .text.data_cache_hit_writeback_invalidate
                0x80014880       0x60 /n64_toolchain/mips64-elf/lib/libdragon.a(n64sys.o)
                0x80014880                data_cache_hit_writeback_invalidate
 .text.inst_cache_hit_invalidate
                0x800148e0       0x60 /n64_toolchain/mips64-elf/lib/libdragon.a(n64sys.o)
                0x800148e0                inst_cache_hit_invalidate
 .text.malloc_uncached_aligned
                0x80014940       0xc0 /n64_toolchain/mips64-elf/lib/libdragon.a(n64sys.o)
                0x80014940                malloc_uncached_aligned
 .text.malloc_uncached
                0x80014a00       0x20 /n64_toolchain/mips64-elf/lib/libdragon.a(n64sys.o)
                0x80014a00                malloc_uncached
 .text.free_uncached
                0x80014a20       0x20 /n64_toolchain/mips64-elf/lib/libdragon.a(n64sys.o)
                0x80014a20                free_uncached
 .text.get_memory_size
                0x80014a40       0x60 /n64_toolchain/mips64-elf/lib/libdragon.a(n64sys.o)
                0x80014a40                get_memory_size
 .text.get_tv_type
                0x80014aa0       0x20 /n64_toolchain/mips64-elf/lib/libdragon.a(n64sys.o)
                0x80014aa0                get_tv_type
 .text.wait_ms  0x80014ac0       0x40 /n64_toolchain/mips64-elf/lib/libdragon.a(n64sys.o)
                0x80014ac0                wait_ms
 .text.startup.__init_cop1
                0x80014b00       0x40 /n64_toolchain/mips64-elf/lib/libdragon.a(n64sys.o)
                0x80014b00                __init_cop1
 .text.__MI_handler
                0x80014b40      0x220 /n64_toolchain/mips64-elf/lib/libdragon.a(interrupt.o)
                0x80014b40                __MI_handler
 .text.__TI_handler
                0x80014d60       0x60 /n64_toolchain/mips64-elf/lib/libdragon.a(interrupt.o)
                0x80014d60                __TI_handler
 .text.__CART_handler
                0x80014dc0       0xa0 /n64_toolchain/mips64-elf/lib/libdragon.a(interrupt.o)
                0x80014dc0                __CART_handler
 .text.__RESET_handler
                0x80014e60       0x60 /n64_toolchain/mips64-elf/lib/libdragon.a(interrupt.o)
                0x80014e60                __RESET_handler
 .text.register_VI_handler
                0x80014ec0       0x60 /n64_toolchain/mips64-elf/lib/libdragon.a(interrupt.o)
                0x80014ec0                register_VI_handler
 .text.unregister_VI_handler
                0x80014f20       0x60 /n64_toolchain/mips64-elf/lib/libdragon.a(interrupt.o)
                0x80014f20                unregister_VI_handler
 .text.register_DP_handler
                0x80014f80       0x60 /n64_toolchain/mips64-elf/lib/libdragon.a(interrupt.o)
                0x80014f80                register_DP_handler
 .text.register_SI_handler
                0x80014fe0       0x60 /n64_toolchain/mips64-elf/lib/libdragon.a(interrupt.o)
                0x80014fe0                register_SI_handler
 .text.register_SP_handler
                0x80015040       0x60 /n64_toolchain/mips64-elf/lib/libdragon.a(interrupt.o)
                0x80015040                register_SP_handler
 .text.set_VI_interrupt
                0x800150a0       0x40 /n64_toolchain/mips64-elf/lib/libdragon.a(interrupt.o)
                0x800150a0                set_VI_interrupt
 .text.set_DP_interrupt
                0x800150e0       0x40 /n64_toolchain/mips64-elf/lib/libdragon.a(interrupt.o)
                0x800150e0                set_DP_interrupt
 .text.set_SI_interrupt
                0x80015120       0x40 /n64_toolchain/mips64-elf/lib/libdragon.a(interrupt.o)
                0x80015120                set_SI_interrupt
 .text.set_SP_interrupt
                0x80015160       0x40 /n64_toolchain/mips64-elf/lib/libdragon.a(interrupt.o)
                0x80015160                set_SP_interrupt
 .text.startup.__init_interrupts
                0x800151a0       0x40 /n64_toolchain/mips64-elf/lib/libdragon.a(interrupt.o)
                0x800151a0                __init_interrupts
 .text.disable_interrupts
                0x800151e0       0x60 /n64_toolchain/mips64-elf/lib/libdragon.a(interrupt.o)
                0x800151e0                disable_interrupts
 .text.enable_interrupts
                0x80015240       0x80 /n64_toolchain/mips64-elf/lib/libdragon.a(interrupt.o)
                0x80015240                enable_interrupts
 .text.get_interrupts_state
                0x800152c0       0x20 /n64_toolchain/mips64-elf/lib/libdragon.a(interrupt.o)
                0x800152c0                get_interrupts_state
 .text.cb.0     0x800152e0       0x40 /n64_toolchain/mips64-elf/lib/libdragon.a(backtrace.o)
 .text.symt_open
                0x80015320      0x160 /n64_toolchain/mips64-elf/lib/libdragon.a(backtrace.o)
 .text.format_entry
                0x80015480      0x1e0 /n64_toolchain/mips64-elf/lib/libdragon.a(backtrace.o)
 .text.symt_addrtab_search
                0x80015660      0x180 /n64_toolchain/mips64-elf/lib/libdragon.a(backtrace.o)
 .text.__symbolize
                0x800157e0      0x200 /n64_toolchain/mips64-elf/lib/libdragon.a(backtrace.o)
                0x800157e0                __symbolize
 .text.__bt_analyze_func
                0x800159e0      0x1c0 /n64_toolchain/mips64-elf/lib/libdragon.a(backtrace.o)
                0x800159e0                __bt_analyze_func
 .text.backtrace_foreach
                0x80015ba0      0x2c0 /n64_toolchain/mips64-elf/lib/libdragon.a(backtrace.o)
 .text.backtrace
                0x80015e60       0xc0 /n64_toolchain/mips64-elf/lib/libdragon.a(backtrace.o)
                0x80015e60                backtrace
 .text.backtrace_symbols_cb
                0x80015f20      0x2c0 /n64_toolchain/mips64-elf/lib/libdragon.a(backtrace.o)
                0x80015f20                backtrace_symbols_cb
 .text.backtrace_frame_print
                0x800161e0       0xa0 /n64_toolchain/mips64-elf/lib/libdragon.a(backtrace.o)
                0x800161e0                backtrace_frame_print
 .text.backtrace_frame_print_compact
                0x80016280      0x140 /n64_toolchain/mips64-elf/lib/libdragon.a(backtrace.o)
                0x80016280                backtrace_frame_print_compact
 .text.rompak_search_ext
                0x800163c0      0x1e0 /n64_toolchain/mips64-elf/lib/libdragon.a(rompak.o)
                0x800163c0                rompak_search_ext
 .text.__display_callback
                0x800165a0       0xc0 /n64_toolchain/mips64-elf/lib/libdragon.a(display.o)
 .text.display_show.part.0
                0x80016660      0x140 /n64_toolchain/mips64-elf/lib/libdragon.a(display.o)
 .text.display_init
                0x800167a0      0x600 /n64_toolchain/mips64-elf/lib/libdragon.a(display.o)
                0x800167a0                display_init
 .text.display_close
                0x80016da0      0x100 /n64_toolchain/mips64-elf/lib/libdragon.a(display.o)
                0x80016da0                display_close
 .text.display_lock
                0x80016ea0       0xc0 /n64_toolchain/mips64-elf/lib/libdragon.a(display.o)
                0x80016ea0                display_lock
 .text.display_show
                0x80016f60       0x20 /n64_toolchain/mips64-elf/lib/libdragon.a(display.o)
                0x80016f60                display_show
 .text.display_show_force
                0x80016f80       0x40 /n64_toolchain/mips64-elf/lib/libdragon.a(display.o)
                0x80016f80                display_show_force
 .text.display_get_bitdepth
                0x80016fc0       0x20 /n64_toolchain/mips64-elf/lib/libdragon.a(display.o)
                0x80016fc0                display_get_bitdepth
 .text.tex_format_name
                0x80016fe0       0x40 /n64_toolchain/mips64-elf/lib/libdragon.a(surface.o)
                0x80016fe0                tex_format_name
 .text.surface_alloc
                0x80017020       0xe0 /n64_toolchain/mips64-elf/lib/libdragon.a(surface.o)
                0x80017020                surface_alloc
 .text.surface_free
                0x80017100       0x80 /n64_toolchain/mips64-elf/lib/libdragon.a(surface.o)
                0x80017100                surface_free
 .text.controller_read
                0x80017180       0x20 /n64_toolchain/mips64-elf/lib/libdragon.a(controller.o)
                0x80017180                controller_read
 .text.graphics_draw_sprite_trans_stride.part.0
                0x800171a0      0x380 /n64_toolchain/mips64-elf/lib/libdragon.a(graphics.o)
 .text.graphics_draw_character.part.0
                0x80017520      0x2c0 /n64_toolchain/mips64-elf/lib/libdragon.a(graphics.o)
 .text.graphics_set_color
                0x800177e0       0x20 /n64_toolchain/mips64-elf/lib/libdragon.a(graphics.o)
                0x800177e0                graphics_set_color
 .text.graphics_draw_pixel_trans
                0x80017800      0x120 /n64_toolchain/mips64-elf/lib/libdragon.a(graphics.o)
                0x80017800                graphics_draw_pixel_trans
 .text.graphics_draw_box
                0x80017920      0x120 /n64_toolchain/mips64-elf/lib/libdragon.a(graphics.o)
                0x80017920                graphics_draw_box
 .text.graphics_fill_screen
                0x80017a40       0x80 /n64_toolchain/mips64-elf/lib/libdragon.a(graphics.o)
                0x80017a40                graphics_fill_screen
 .text.graphics_set_default_font
                0x80017ac0       0x80 /n64_toolchain/mips64-elf/lib/libdragon.a(graphics.o)
                0x80017ac0                graphics_set_default_font
 .text.graphics_draw_character
                0x80017b40       0x20 /n64_toolchain/mips64-elf/lib/libdragon.a(graphics.o)
                0x80017b40                graphics_draw_character
 .text.graphics_draw_text
                0x80017b60      0x120 /n64_toolchain/mips64-elf/lib/libdragon.a(graphics.o)
                0x80017b60                graphics_draw_text
 .text.graphics_draw_sprite_trans
                0x80017c80       0x40 /n64_toolchain/mips64-elf/lib/libdragon.a(graphics.o)
                0x80017c80                graphics_draw_sprite_trans
 .text.__sprite_upgrade
                0x80017cc0       0x40 /n64_toolchain/mips64-elf/lib/libdragon.a(sprite.o)
                0x80017cc0                __sprite_upgrade
 .text.sprite_load
                0x80017d00       0x80 /n64_toolchain/mips64-elf/lib/libdragon.a(sprite.o)
                0x80017d00                sprite_load
 .text.sprite_get_pixels
                0x80017d80       0x60 /n64_toolchain/mips64-elf/lib/libdragon.a(sprite.o)
                0x80017d80                sprite_get_pixels
 .text.joybus_msg_send
                0x80017de0       0x80 /n64_toolchain/mips64-elf/lib/libdragon.a(joybus.o)
 .text.callback.0
                0x80017e60       0xa0 /n64_toolchain/mips64-elf/lib/libdragon.a(joybus.o)
 .text.si_interrupt
                0x80017f00      0x1a0 /n64_toolchain/mips64-elf/lib/libdragon.a(joybus.o)
 .text.startup.__joybus_init
                0x800180a0       0x60 /n64_toolchain/mips64-elf/lib/libdragon.a(joybus.o)
                0x800180a0                __joybus_init
 .text.joybus_exec_async
                0x80018100      0x1a0 /n64_toolchain/mips64-elf/lib/libdragon.a(joybus.o)
                0x80018100                joybus_exec_async
 .text.joybus_exec
                0x800182a0      0x140 /n64_toolchain/mips64-elf/lib/libdragon.a(joybus.o)
                0x800182a0                joybus_exec
 .text.must_fopen
                0x800183e0       0xc0 /n64_toolchain/mips64-elf/lib/libdragon.a(asset.o)
 .text.asset_load
                0x800184a0      0x1a0 /n64_toolchain/mips64-elf/lib/libdragon.a(asset.o)
                0x800184a0                asset_load
 .text.build_tree
                0x80018640      0x100 /n64_toolchain/mips64-elf/lib/libdragon.a(lzh5.o)
 .text.refill_bits
                0x80018740       0xa0 /n64_toolchain/mips64-elf/lib/libdragon.a(lzh5.o)
 .text.read_from_tree
                0x800187e0      0x120 /n64_toolchain/mips64-elf/lib/libdragon.a(lzh5.o)
 .text.__read_bits2
                0x80018900       0xe0 /n64_toolchain/mips64-elf/lib/libdragon.a(lzh5.o)
 .text.read_bits
                0x800189e0       0x40 /n64_toolchain/mips64-elf/lib/libdragon.a(lzh5.o)
 .text.read_code_table
                0x80018a20      0x180 /n64_toolchain/mips64-elf/lib/libdragon.a(lzh5.o)
 .text.read_offset_code
                0x80018ba0       0x80 /n64_toolchain/mips64-elf/lib/libdragon.a(lzh5.o)
 .text.start_new_block
                0x80018c20      0x280 /n64_toolchain/mips64-elf/lib/libdragon.a(lzh5.o)
 .text.decompress_lz5h_full
                0x80018ea0      0x1c0 /n64_toolchain/mips64-elf/lib/libdragon.a(lzh5.o)
                0x80018ea0                decompress_lz5h_full
 .text.__get_fs_link_by_name
                0x80019060      0x120 /n64_toolchain/mips64-elf/lib/libdragonsys.a(system.o)
 .text.attach_filesystem
                0x80019180      0x200 /n64_toolchain/mips64-elf/lib/libdragonsys.a(system.o)
                0x80019180                attach_filesystem
 .text.close    0x80019380      0x120 /n64_toolchain/mips64-elf/lib/libdragonsys.a(system.o)
                0x80019380                close
 .text._exit    0x800194a0       0x20 /n64_toolchain/mips64-elf/lib/libdragonsys.a(system.o)
                0x800194a0                _exit
 .text.fstat    0x800194c0      0x100 /n64_toolchain/mips64-elf/lib/libdragonsys.a(system.o)
                0x800194c0                fstat
 .text.getpid   0x800195c0       0x20 /n64_toolchain/mips64-elf/lib/libdragonsys.a(system.o)
                0x800195c0                getpid
 .text.isatty   0x800195e0       0x40 /n64_toolchain/mips64-elf/lib/libdragonsys.a(system.o)
                0x800195e0                isatty
 .text.kill     0x80019620       0x20 /n64_toolchain/mips64-elf/lib/libdragonsys.a(system.o)
                0x80019620                kill
 .text.lseek    0x80019640      0x100 /n64_toolchain/mips64-elf/lib/libdragonsys.a(system.o)
                0x80019640                lseek
 .text.open     0x80019740      0x160 /n64_toolchain/mips64-elf/lib/libdragonsys.a(system.o)
                0x80019740                open
 .text.read     0x800198a0      0x140 /n64_toolchain/mips64-elf/lib/libdragonsys.a(system.o)
                0x800198a0                read
 .text.sbrk     0x800199e0       0xc0 /n64_toolchain/mips64-elf/lib/libdragonsys.a(system.o)
                0x800199e0                sbrk
 .text.write    0x80019aa0      0x140 /n64_toolchain/mips64-elf/lib/libdragonsys.a(system.o)
                0x80019aa0                write
 .text.hook_stdio_calls
                0x80019be0       0x60 /n64_toolchain/mips64-elf/lib/libdragonsys.a(system.o)
                0x80019be0                hook_stdio_calls
 .text._flush_cache
                0x80019c40       0x40 /n64_toolchain/mips64-elf/lib/libdragonsys.a(system.o)
                0x80019c40                _flush_cache
 .text.__assert_func
                0x80019c80       0x20 /n64_toolchain/mips64-elf/lib/libdragonsys.a(system.o)
                0x80019c80                __assert_func
 .text.draw_normal_point_light_tex
                0x80019ca0      0x2a0 build/source/main.o
                0x80019ca0                draw_normal_point_light_tex
 .text.startup.main
                0x80019f40      0x320 build/source/main.o
                0x80019f40                main
 .text.get_next_token
                0x8001a260       0xa0 /n64_toolchain/lib/gcc/mips64-elf/12.2.0/../../../../mips64-elf/lib/libdragon.a(dragonfs.o)
 .text.recurse_path
                0x8001a300      0x3c0 /n64_toolchain/lib/gcc/mips64-elf/12.2.0/../../../../mips64-elf/lib/libdragon.a(dragonfs.o)
 .text.__close  0x8001a6c0       0x80 /n64_toolchain/lib/gcc/mips64-elf/12.2.0/../../../../mips64-elf/lib/libdragon.a(dragonfs.o)
 .text.__fstat  0x8001a740       0xa0 /n64_toolchain/lib/gcc/mips64-elf/12.2.0/../../../../mips64-elf/lib/libdragon.a(dragonfs.o)
 .text.dfs_dir_findfirst
                0x8001a7e0       0xc0 /n64_toolchain/lib/gcc/mips64-elf/12.2.0/../../../../mips64-elf/lib/libdragon.a(dragonfs.o)
                0x8001a7e0                dfs_dir_findfirst
 .text.__findfirst
                0x8001a8a0       0x80 /n64_toolchain/lib/gcc/mips64-elf/12.2.0/../../../../mips64-elf/lib/libdragon.a(dragonfs.o)
 .text.dfs_dir_findnext
                0x8001a920       0xc0 /n64_toolchain/lib/gcc/mips64-elf/12.2.0/../../../../mips64-elf/lib/libdragon.a(dragonfs.o)
                0x8001a920                dfs_dir_findnext
 .text.__findnext
                0x8001a9e0       0x60 /n64_toolchain/lib/gcc/mips64-elf/12.2.0/../../../../mips64-elf/lib/libdragon.a(dragonfs.o)
 .text.dfs_open
                0x8001aa40      0x120 /n64_toolchain/lib/gcc/mips64-elf/12.2.0/../../../../mips64-elf/lib/libdragon.a(dragonfs.o)
                0x8001aa40                dfs_open
 .text.__open   0x8001ab60       0x60 /n64_toolchain/lib/gcc/mips64-elf/12.2.0/../../../../mips64-elf/lib/libdragon.a(dragonfs.o)
 .text.dfs_seek
                0x8001abc0      0x100 /n64_toolchain/lib/gcc/mips64-elf/12.2.0/../../../../mips64-elf/lib/libdragon.a(dragonfs.o)
                0x8001abc0                dfs_seek
 .text.__lseek  0x8001acc0       0x80 /n64_toolchain/lib/gcc/mips64-elf/12.2.0/../../../../mips64-elf/lib/libdragon.a(dragonfs.o)
 .text.dfs_read
                0x8001ad40      0x280 /n64_toolchain/lib/gcc/mips64-elf/12.2.0/../../../../mips64-elf/lib/libdragon.a(dragonfs.o)
                0x8001ad40                dfs_read
 .text.__read   0x8001afc0       0x20 /n64_toolchain/lib/gcc/mips64-elf/12.2.0/../../../../mips64-elf/lib/libdragon.a(dragonfs.o)
 .text.dfs_init
                0x8001afe0      0x1e0 /n64_toolchain/lib/gcc/mips64-elf/12.2.0/../../../../mips64-elf/lib/libdragon.a(dragonfs.o)
                0x8001afe0                dfs_init
 .text.__rdpq_interrupt
                0x8001b1c0       0xa0 /n64_toolchain/lib/gcc/mips64-elf/12.2.0/../../../../mips64-elf/lib/libdragon.a(rdpq.o)
 .text.rdpq_assert_handler
                0x8001b260       0x60 /n64_toolchain/lib/gcc/mips64-elf/12.2.0/../../../../mips64-elf/lib/libdragon.a(rdpq.o)
 .text.rdpq_init
                0x8001b2c0       0xe0 /n64_toolchain/lib/gcc/mips64-elf/12.2.0/../../../../mips64-elf/lib/libdragon.a(rdpq.o)
                0x8001b2c0                rdpq_init
 .text.__rdpq_block_next_buffer
                0x8001b3a0      0x180 /n64_toolchain/lib/gcc/mips64-elf/12.2.0/../../../../mips64-elf/lib/libdragon.a(rdpq.o)
                0x8001b3a0                __rdpq_block_next_buffer
 .text.rdpq_fence
                0x8001b520      0x140 /n64_toolchain/lib/gcc/mips64-elf/12.2.0/../../../../mips64-elf/lib/libdragon.a(rdpq.o)
                0x8001b520                rdpq_fence
 .text.__rdpq_block_update
                0x8001b660      0x120 /n64_toolchain/lib/gcc/mips64-elf/12.2.0/../../../../mips64-elf/lib/libdragon.a(rdpq.o)
                0x8001b660                __rdpq_block_update
 .text.__rdpq_block_update_norsp
                0x8001b780       0x20 /n64_toolchain/lib/gcc/mips64-elf/12.2.0/../../../../mips64-elf/lib/libdragon.a(rdpq.o)
                0x8001b780                __rdpq_block_update_norsp
 .text.__rdpq_write8
                0x8001b7a0       0xe0 /n64_toolchain/lib/gcc/mips64-elf/12.2.0/../../../../mips64-elf/lib/libdragon.a(rdpq.o)
                0x8001b7a0                __rdpq_write8
 .text.__rdpq_autosync_change
                0x8001b880      0x120 /n64_toolchain/lib/gcc/mips64-elf/12.2.0/../../../../mips64-elf/lib/libdragon.a(rdpq.o)
                0x8001b880                __rdpq_autosync_change
 .text.__rdpq_fixup_write8_pipe
                0x8001b9a0      0x120 /n64_toolchain/lib/gcc/mips64-elf/12.2.0/../../../../mips64-elf/lib/libdragon.a(rdpq.o)
                0x8001b9a0                __rdpq_fixup_write8_pipe
 .text.__rdpq_set_scissor
                0x8001bac0       0xe0 /n64_toolchain/lib/gcc/mips64-elf/12.2.0/../../../../mips64-elf/lib/libdragon.a(rdpq.o)
                0x8001bac0                __rdpq_set_scissor
 .text.__rdpq_set_fill_color
                0x8001bba0      0x100 /n64_toolchain/lib/gcc/mips64-elf/12.2.0/../../../../mips64-elf/lib/libdragon.a(rdpq.o)
                0x8001bba0                __rdpq_set_fill_color
 .text.__rdpq_set_color_image
                0x8001bca0      0x140 /n64_toolchain/lib/gcc/mips64-elf/12.2.0/../../../../mips64-elf/lib/libdragon.a(rdpq.o)
                0x8001bca0                __rdpq_set_color_image
 .text.rdpq_set_color_image
                0x8001bde0      0x180 /n64_toolchain/lib/gcc/mips64-elf/12.2.0/../../../../mips64-elf/lib/libdragon.a(rdpq.o)
                0x8001bde0                rdpq_set_color_image
 .text.rdpq_set_z_image
                0x8001bf60       0xc0 /n64_toolchain/lib/gcc/mips64-elf/12.2.0/../../../../mips64-elf/lib/libdragon.a(rdpq.o)
                0x8001bf60                rdpq_set_z_image
 .text.rdpq_sync_full
                0x8001c020      0x120 /n64_toolchain/lib/gcc/mips64-elf/12.2.0/../../../../mips64-elf/lib/libdragon.a(rdpq.o)
                0x8001c020                rdpq_sync_full
 .text.__rdpq_fill_rectangle
                0x8001c140      0x100 /n64_toolchain/lib/gcc/mips64-elf/12.2.0/../../../../mips64-elf/lib/libdragon.a(rdpq_rect.o)
                0x8001c140                __rdpq_fill_rectangle
 .text.__rdpq_fill_rectangle_offline
                0x8001c240       0x60 /n64_toolchain/lib/gcc/mips64-elf/12.2.0/../../../../mips64-elf/lib/libdragon.a(rdpq_rect.o)
                0x8001c240                __rdpq_fill_rectangle_offline
 .text.__rdpq_fixup_mode
                0x8001c2a0      0x100 /n64_toolchain/lib/gcc/mips64-elf/12.2.0/../../../../mips64-elf/lib/libdragon.a(rdpq_mode.o)
                0x8001c2a0                __rdpq_fixup_mode
 .text.__rdpq_fixup_mode3
                0x8001c3a0      0x120 /n64_toolchain/lib/gcc/mips64-elf/12.2.0/../../../../mips64-elf/lib/libdragon.a(rdpq_mode.o)
                0x8001c3a0                __rdpq_fixup_mode3
 .text.__rdpq_mode_change_som
                0x8001c4c0       0xa0 /n64_toolchain/lib/gcc/mips64-elf/12.2.0/../../../../mips64-elf/lib/libdragon.a(rdpq_mode.o)
                0x8001c4c0                __rdpq_mode_change_som
 .text.__rdpq_reset_render_mode
                0x8001c560      0x120 /n64_toolchain/lib/gcc/mips64-elf/12.2.0/../../../../mips64-elf/lib/libdragon.a(rdpq_mode.o)
                0x8001c560                __rdpq_reset_render_mode
 .text.rdpq_mode_push
                0x8001c680       0x40 /n64_toolchain/lib/gcc/mips64-elf/12.2.0/../../../../mips64-elf/lib/libdragon.a(rdpq_mode.o)
                0x8001c680                rdpq_mode_push
 .text.rdpq_mode_pop
                0x8001c6c0       0x20 /n64_toolchain/lib/gcc/mips64-elf/12.2.0/../../../../mips64-elf/lib/libdragon.a(rdpq_mode.o)
                0x8001c6c0                rdpq_mode_pop
 .text.attach   0x8001c6e0      0x220 /n64_toolchain/lib/gcc/mips64-elf/12.2.0/../../../../mips64-elf/lib/libdragon.a(rdpq_attach.o)
 .text.rdpq_attach
                0x8001c900       0x20 /n64_toolchain/lib/gcc/mips64-elf/12.2.0/../../../../mips64-elf/lib/libdragon.a(rdpq_attach.o)
                0x8001c900                rdpq_attach
 .text.rdpq_detach_cb
                0x8001c920       0xc0 /n64_toolchain/lib/gcc/mips64-elf/12.2.0/../../../../mips64-elf/lib/libdragon.a(rdpq_attach.o)
                0x8001c920                rdpq_detach_cb
 .text.rdpq_detach_show
                0x8001c9e0       0x80 /n64_toolchain/lib/gcc/mips64-elf/12.2.0/../../../../mips64-elf/lib/libdragon.a(rdpq_attach.o)
                0x8001c9e0                rdpq_detach_show
 .text.rspq_sp_interrupt
                0x8001ca60       0xa0 /n64_toolchain/lib/gcc/mips64-elf/12.2.0/../../../../mips64-elf/lib/libdragon.a(rspq.o)
 .text.rspq_switch_context
                0x8001cb00       0x60 /n64_toolchain/lib/gcc/mips64-elf/12.2.0/../../../../mips64-elf/lib/libdragon.a(rspq.o)
 .text.rspq_flush_internal
                0x8001cb60       0x40 /n64_toolchain/lib/gcc/mips64-elf/12.2.0/../../../../mips64-elf/lib/libdragon.a(rspq.o)
 .text.rspq_init_context
                0x8001cba0       0xa0 /n64_toolchain/lib/gcc/mips64-elf/12.2.0/../../../../mips64-elf/lib/libdragon.a(rspq.o)
 .text.rspq_switch_buffer.part.0
                0x8001cc40       0x40 /n64_toolchain/lib/gcc/mips64-elf/12.2.0/../../../../mips64-elf/lib/libdragon.a(rspq.o)
 .text.rspq_crash_handler
                0x8001cc80      0x360 /n64_toolchain/lib/gcc/mips64-elf/12.2.0/../../../../mips64-elf/lib/libdragon.a(rspq.o)
 .text.rspq_assert_handler
                0x8001cfe0      0x100 /n64_toolchain/lib/gcc/mips64-elf/12.2.0/../../../../mips64-elf/lib/libdragon.a(rspq.o)
 .text.rspq_init
                0x8001d0e0      0x360 /n64_toolchain/lib/gcc/mips64-elf/12.2.0/../../../../mips64-elf/lib/libdragon.a(rspq.o)
                0x8001d0e0                rspq_init
 .text.rspq_next_buffer
                0x8001d440      0x2e0 /n64_toolchain/lib/gcc/mips64-elf/12.2.0/../../../../mips64-elf/lib/libdragon.a(rspq.o)
                0x8001d440                rspq_next_buffer
 .text.rspq_flush
                0x8001d720       0x40 /n64_toolchain/lib/gcc/mips64-elf/12.2.0/../../../../mips64-elf/lib/libdragon.a(rspq.o)
                0x8001d720                rspq_flush
 .text.rspq_highpri_begin
                0x8001d760       0xe0 /n64_toolchain/lib/gcc/mips64-elf/12.2.0/../../../../mips64-elf/lib/libdragon.a(rspq.o)
                0x8001d760                rspq_highpri_begin
 .text.rspq_highpri_end
                0x8001d840       0xa0 /n64_toolchain/lib/gcc/mips64-elf/12.2.0/../../../../mips64-elf/lib/libdragon.a(rspq.o)
                0x8001d840                rspq_highpri_end
 .text.rspq_syncpoint_new
                0x8001d8e0       0xe0 /n64_toolchain/lib/gcc/mips64-elf/12.2.0/../../../../mips64-elf/lib/libdragon.a(rspq.o)
                0x8001d8e0                rspq_syncpoint_new
 .text.rspq_syncpoint_wait
                0x8001d9c0      0x160 /n64_toolchain/lib/gcc/mips64-elf/12.2.0/../../../../mips64-elf/lib/libdragon.a(rspq.o)
                0x8001d9c0                rspq_syncpoint_wait
 .text.rspq_overlay_get_state
                0x8001db20      0x180 /n64_toolchain/lib/gcc/mips64-elf/12.2.0/../../../../mips64-elf/lib/libdragon.a(rspq.o)
                0x8001db20                rspq_overlay_get_state
 .text.rspq_overlay_register_internal
                0x8001dca0      0x580 /n64_toolchain/lib/gcc/mips64-elf/12.2.0/../../../../mips64-elf/lib/libdragon.a(rspq.o)
 .text.rspq_overlay_register_static
                0x8001e220       0x60 /n64_toolchain/lib/gcc/mips64-elf/12.2.0/../../../../mips64-elf/lib/libdragon.a(rspq.o)
                0x8001e220                rspq_overlay_register_static
 .text.rsp_load_code
                0x8001e280      0x100 /n64_toolchain/lib/gcc/mips64-elf/12.2.0/../../../../mips64-elf/lib/libdragon.a(rsp.o)
                0x8001e280                rsp_load_code
 .text.rsp_load_data
                0x8001e380       0xe0 /n64_toolchain/lib/gcc/mips64-elf/12.2.0/../../../../mips64-elf/lib/libdragon.a(rsp.o)
                0x8001e380                rsp_load_data
 .text.rsp_load
                0x8001e460       0x60 /n64_toolchain/lib/gcc/mips64-elf/12.2.0/../../../../mips64-elf/lib/libdragon.a(rsp.o)
                0x8001e460                rsp_load
 .text.rsp_read_code
                0x8001e4c0       0xe0 /n64_toolchain/lib/gcc/mips64-elf/12.2.0/../../../../mips64-elf/lib/libdragon.a(rsp.o)
                0x8001e4c0                rsp_read_code
 .text.rsp_read_data
                0x8001e5a0       0xe0 /n64_toolchain/lib/gcc/mips64-elf/12.2.0/../../../../mips64-elf/lib/libdragon.a(rsp.o)
                0x8001e5a0                rsp_read_data
 .text.__rsp_run_async
                0x8001e680       0x40 /n64_toolchain/lib/gcc/mips64-elf/12.2.0/../../../../mips64-elf/lib/libdragon.a(rsp.o)
                0x8001e680                __rsp_run_async
 .text.__rsp_crash
                0x8001e6c0      0xbe0 /n64_toolchain/lib/gcc/mips64-elf/12.2.0/../../../../mips64-elf/lib/libdragon.a(rsp.o)
                0x8001e6c0                __rsp_crash
 .text.__rsp_check_assert
                0x8001f2a0       0x80 /n64_toolchain/lib/gcc/mips64-elf/12.2.0/../../../../mips64-elf/lib/libdragon.a(rsp.o)
                0x8001f2a0                __rsp_check_assert
 .text.rsp_wait
                0x8001f320      0x100 /n64_toolchain/lib/gcc/mips64-elf/12.2.0/../../../../mips64-elf/lib/libdragon.a(rsp.o)
                0x8001f320                rsp_wait
 .text.rsp_run  0x8001f420       0x60 /n64_toolchain/lib/gcc/mips64-elf/12.2.0/../../../../mips64-elf/lib/libdragon.a(rsp.o)
                0x8001f420                rsp_run
 .text.__console_render.part.0
                0x8001f480      0x100 /n64_toolchain/lib/gcc/mips64-elf/12.2.0/../../../../mips64-elf/lib/libdragon.a(console.o)
 .text.__console_write
                0x8001f580      0x300 /n64_toolchain/lib/gcc/mips64-elf/12.2.0/../../../../mips64-elf/lib/libdragon.a(console.o)
 .text.console_set_render_mode
                0x8001f880       0x20 /n64_toolchain/lib/gcc/mips64-elf/12.2.0/../../../../mips64-elf/lib/libdragon.a(console.o)
                0x8001f880                console_set_render_mode
 .text.console_init
                0x8001f8a0       0xe0 /n64_toolchain/lib/gcc/mips64-elf/12.2.0/../../../../mips64-elf/lib/libdragon.a(console.o)
                0x8001f8a0                console_init
 .text.console_render
                0x8001f980       0x40 /n64_toolchain/lib/gcc/mips64-elf/12.2.0/../../../../mips64-elf/lib/libdragon.a(console.o)
                0x8001f980                console_render
 .text.console_set_debug
                0x8001f9c0       0x20 /n64_toolchain/lib/gcc/mips64-elf/12.2.0/../../../../mips64-elf/lib/libdragon.a(console.o)
                0x8001f9c0                console_set_debug
 *(.init)
 .init          0x8001f9e0        0x8 /n64_toolchain/lib/gcc/mips64-elf/12.2.0/crti.o
                0x8001f9e0                _init
 *(.fini)
 .fini          0x8001f9e8        0x8 /n64_toolchain/lib/gcc/mips64-elf/12.2.0/crti.o
                0x8001f9e8                _fini
 *(.gnu.linkonce.t.*)
                0x8001f9f0                        . = ALIGN (0x10)
                0x8001f9f0                        __text_end = .

.eh_frame_hdr
 *(.eh_frame_hdr)

.eh_frame       0x8001f9f0        0x4
                0x8001f9f0                        __EH_FRAME_BEGIN__ = .
 *(.eh_frame)
 .eh_frame      0x8001f9f0        0x0 /n64_toolchain/lib/gcc/mips64-elf/12.2.0/crtbegin.o
 .eh_frame      0x8001f9f0        0x4 /n64_toolchain/lib/gcc/mips64-elf/12.2.0/crtend.o

.gcc_except_table
 *(.gcc_except_table*)

.jcr
 *(.jcr)

.rodata         0x8001f9f8    0x10fe0
 *(.rdata)
 *(.rodata)
 .rodata        0x8001f9f8      0x398 /n64_toolchain/lib/gcc/mips64-elf/12.2.0/../../../../mips64-elf/lib/libm.a(libm_a-ef_rem_pio2.o)
 .rodata        0x8001fd90       0x3c /n64_toolchain/lib/gcc/mips64-elf/12.2.0/../../../../mips64-elf/lib/libm.a(libm_a-kf_rem_pio2.o)
 *fill*         0x8001fdcc        0x4 
 .rodata        0x8001fdd0      0x188 /n64_toolchain/lib/gcc/mips64-elf/12.2.0/../../../../mips64-elf/lib/libc.a(libc_a-svfprintf.o)
 .rodata        0x8001ff58      0x188 /n64_toolchain/lib/gcc/mips64-elf/12.2.0/../../../../mips64-elf/lib/libc.a(libc_a-vfprintf.o)
 .rodata        0x800200e0      0x188 /n64_toolchain/lib/gcc/mips64-elf/12.2.0/../../../../mips64-elf/lib/libc.a(libc_a-vfiprintf.o)
 .rodata        0x80020268      0x128 /n64_toolchain/lib/gcc/mips64-elf/12.2.0/../../../../mips64-elf/lib/libc.a(libc_a-mprec.o)
                0x80020278                __mprec_tinytens
                0x800202a0                __mprec_bigtens
                0x800202c8                __mprec_tens
 .rodata        0x80020390      0x288 /n64_toolchain/lib/gcc/mips64-elf/12.2.0/../../../../mips64-elf/lib/libc.a(libc_a-ctype_.o)
                0x80020390                _ctype_
                0x80020498                _ctype_b
 .rodata        0x80020618      0x188 /n64_toolchain/lib/gcc/mips64-elf/12.2.0/../../../../mips64-elf/lib/libc.a(libc_a-svfiprintf.o)
 *(.rodata.*)
 .rodata.cb.0.str1.8
                0x800207a0       0x1d /n64_toolchain/mips64-elf/lib/libdragon.a(debug.o)
 *fill*         0x800207bd        0x3 
 .rodata.debug_assert_func_f.str1.8
                0x800207c0       0x3d /n64_toolchain/mips64-elf/lib/libdragon.a(debug.o)
                                 0x45 (size before relaxing)
 *fill*         0x800207fd        0x3 
 .rodata.debug_hexdump.str1.8
                0x80020800       0x2b /n64_toolchain/mips64-elf/lib/libdragon.a(debug.o)
 *fill*         0x8002082b        0x5 
 .rodata.__debug_backtrace.str1.8
                0x80020830        0xc /n64_toolchain/mips64-elf/lib/libdragon.a(debug.o)
 *fill*         0x8002083c        0x4 
 .rodata.cb.2.str1.8
                0x80020840       0x1a /n64_toolchain/mips64-elf/lib/libdragon.a(inspector.o)
                                 0x22 (size before relaxing)
 *fill*         0x8002085a        0x6 
 .rodata.cb.1.str1.8
                0x80020860        0xc /n64_toolchain/mips64-elf/lib/libdragon.a(inspector.o)
 *fill*         0x8002086c        0x4 
 .rodata.cb.0.str1.8
                0x80020870        0x7 /n64_toolchain/mips64-elf/lib/libdragon.a(inspector.o)
                                 0x27 (size before relaxing)
 *fill*         0x80020877        0x1 
 .rodata.cb.3.str1.8
                0x80020878       0x2a /n64_toolchain/mips64-elf/lib/libdragon.a(inspector.o)
 *fill*         0x800208a2        0x2 
 .rodata.inspector_stdout
                0x800208a4       0x54 /n64_toolchain/mips64-elf/lib/libdragon.a(inspector.o)
 .rodata.mips_disasm.str1.8
                0x800208f8      0x1a6 /n64_toolchain/mips64-elf/lib/libdragon.a(inspector.o)
                                0x1b6 (size before relaxing)
 *fill*         0x80020a9e        0x2 
 .rodata.mips_disasm
                0x80020aa0       0xb0 /n64_toolchain/mips64-elf/lib/libdragon.a(inspector.o)
 .rodata.inspector.str1.8
                0x80020b50      0x1fc /n64_toolchain/mips64-elf/lib/libdragon.a(inspector.o)
                                0x20c (size before relaxing)
 *fill*         0x80020d4c        0x4 
 .rodata.str1.8
                0x80020d50      0x5e3 /n64_toolchain/mips64-elf/lib/libdragon.a(inspector.o)
 *fill*         0x80021333        0x5 
 .rodata.fpu_ops.7
                0x80021338      0x100 /n64_toolchain/mips64-elf/lib/libdragon.a(inspector.o)
 .rodata.special.8
                0x80021438      0x100 /n64_toolchain/mips64-elf/lib/libdragon.a(inspector.o)
 .rodata.ops.9  0x80021538      0x100 /n64_toolchain/mips64-elf/lib/libdragon.a(inspector.o)
 .rodata.RESOLUTION_640x240
                0x80021638        0xc /n64_toolchain/mips64-elf/lib/libdragon.a(inspector.o)
 *fill*         0x80021644        0x4 
 .rodata.dma_write_raw_async.part.0.str1.8
                0x80021648       0x12 /n64_toolchain/mips64-elf/lib/libdragon.a(dma.o)
 *fill*         0x8002165a        0x6 
 .rodata.dma_read_async.str1.8
                0x80021660       0x8d /n64_toolchain/mips64-elf/lib/libdragon.a(dma.o)
 *fill*         0x800216ed        0x3 
 .rodata.__func__.0
                0x800216f0        0xf /n64_toolchain/mips64-elf/lib/libdragon.a(dma.o)
 *fill*         0x800216ff        0x1 
 .rodata.__func__.2
                0x80021700       0x13 /n64_toolchain/mips64-elf/lib/libdragon.a(dma.o)
 *fill*         0x80021713        0x5 
 .rodata.cb.0.str1.8
                0x80021718       0x17 /n64_toolchain/mips64-elf/lib/libdragon.a(exception.o)
 *fill*         0x8002172f        0x1 
 .rodata.cb.1.str1.8
                0x80021730        0x9 /n64_toolchain/mips64-elf/lib/libdragon.a(exception.o)
                                 0x19 (size before relaxing)
 *fill*         0x80021739        0x7 
 .rodata.__get_exception_name.isra.0.str1.8
                0x80021740      0x20a /n64_toolchain/mips64-elf/lib/libdragon.a(exception.o)
 *fill*         0x8002194a        0x2 
 .rodata.__get_exception_name.isra.0
                0x8002194c       0x40 /n64_toolchain/mips64-elf/lib/libdragon.a(exception.o)
 *fill*         0x8002198c        0x4 
 .rodata.__exception_dump_header.str1.8
                0x80021990       0xd0 /n64_toolchain/mips64-elf/lib/libdragon.a(exception.o)
                                 0xe0 (size before relaxing)
 .rodata.__exception_dump_gpr.str1.8
                0x80021a60       0x34 /n64_toolchain/mips64-elf/lib/libdragon.a(exception.o)
 *fill*         0x80021a94        0x4 
 .rodata.__exception_dump_fpr.str1.8
                0x80021a98       0x3e /n64_toolchain/mips64-elf/lib/libdragon.a(exception.o)
 *fill*         0x80021ad6        0x2 
 .rodata.exception_default_handler.str1.8
                0x80021ad8       0x3e /n64_toolchain/mips64-elf/lib/libdragon.a(exception.o)
 *fill*         0x80021b16        0x2 
 .rodata.register_syscall_handler.str1.8
                0x80021b18       0xf3 /n64_toolchain/mips64-elf/lib/libdragon.a(exception.o)
                                 0xfb (size before relaxing)
 *fill*         0x80021c0b        0x5 
 .rodata.__func__.2
                0x80021c10       0x19 /n64_toolchain/mips64-elf/lib/libdragon.a(exception.o)
 *fill*         0x80021c29        0x7 
 .rodata.str1.8
                0x80021c30      0x17e /n64_toolchain/mips64-elf/lib/libdragon.a(exception.o)
 *fill*         0x80021dae        0x2 
 .rodata.exceptionMap.3
                0x80021db0       0x80 /n64_toolchain/mips64-elf/lib/libdragon.a(exception.o)
 .rodata.__do_global_ctors.str1.8
                0x80021e30       0xa1 /n64_toolchain/mips64-elf/lib/libdragon.a(do_ctors.o)
 *fill*         0x80021ed1        0x7 
 .rodata.__wrap___do_global_ctors.str1.8
                0x80021ed8       0xbb /n64_toolchain/mips64-elf/lib/libdragon.a(do_ctors.o)
 *fill*         0x80021f93        0x5 
 .rodata.__func__.0
                0x80021f98       0x19 /n64_toolchain/mips64-elf/lib/libdragon.a(do_ctors.o)
 *fill*         0x80021fb1        0x7 
 .rodata.malloc_uncached_aligned.str1.8
                0x80021fb8       0x3d /n64_toolchain/mips64-elf/lib/libdragon.a(n64sys.o)
 *fill*         0x80021ff5        0x3 
 .rodata.__func__.0
                0x80021ff8       0x18 /n64_toolchain/mips64-elf/lib/libdragon.a(n64sys.o)
 .rodata.__CART_handler.str1.8
                0x80022010       0x8a /n64_toolchain/mips64-elf/lib/libdragon.a(interrupt.o)
 *fill*         0x8002209a        0x6 
 .rodata.enable_interrupts.str1.8
                0x800220a0       0x3c /n64_toolchain/mips64-elf/lib/libdragon.a(interrupt.o)
 *fill*         0x800220dc        0x4 
 .rodata.__func__.0
                0x800220e0       0x12 /n64_toolchain/mips64-elf/lib/libdragon.a(interrupt.o)
 *fill*         0x800220f2        0x6 
 .rodata.__func__.3
                0x800220f8        0xf /n64_toolchain/mips64-elf/lib/libdragon.a(interrupt.o)
 *fill*         0x80022107        0x1 
 .rodata.symt_open.str1.8
                0x80022108       0xc3 /n64_toolchain/mips64-elf/lib/libdragon.a(backtrace.o)
 .rodata.format_entry.str1.8
                0x800221cb       0x14 /n64_toolchain/mips64-elf/lib/libdragon.a(backtrace.o)
 *fill*         0x800221cb        0x5 
 .rodata.__symbolize.str1.8
                0x800221d0        0xc /n64_toolchain/mips64-elf/lib/libdragon.a(backtrace.o)
                                 0x13 (size before relaxing)
 *fill*         0x800221dc        0x4 
 .rodata.__bt_analyze_func.str1.8
                0x800221e0       0x42 /n64_toolchain/mips64-elf/lib/libdragon.a(backtrace.o)
 *fill*         0x80022222        0x6 
 .rodata.backtrace_foreach.str1.8
                0x80022228       0x81 /n64_toolchain/mips64-elf/lib/libdragon.a(backtrace.o)
 *fill*         0x800222a9        0x7 
 .rodata.backtrace_symbols_cb.str1.8
                0x800222b0       0x22 /n64_toolchain/mips64-elf/lib/libdragon.a(backtrace.o)
 *fill*         0x800222d2        0x6 
 .rodata.backtrace_frame_print.str1.8
                0x800222d8       0x2d /n64_toolchain/mips64-elf/lib/libdragon.a(backtrace.o)
                                 0x35 (size before relaxing)
 *fill*         0x80022305        0x3 
 .rodata.backtrace_frame_print_compact.str1.8
                0x80022308       0x2a /n64_toolchain/mips64-elf/lib/libdragon.a(backtrace.o)
 *fill*         0x80022332        0x6 
 .rodata.rompak_search_ext.str1.8
                0x80022338       0xb7 /n64_toolchain/mips64-elf/lib/libdragon.a(rompak.o)
 *fill*         0x800223ef        0x1 
 .rodata.__func__.0
                0x800223f0       0x12 /n64_toolchain/mips64-elf/lib/libdragon.a(rompak.o)
 *fill*         0x80022402        0x6 
 .rodata.display_show.part.0.str1.8
                0x80022408       0xf9 /n64_toolchain/mips64-elf/lib/libdragon.a(display.o)
 *fill*         0x80022501        0x7 
 .rodata.display_init.str1.8
                0x80022508      0x199 /n64_toolchain/mips64-elf/lib/libdragon.a(display.o)
 *fill*         0x800226a1        0x7 
 .rodata.__func__.0
                0x800226a8        0xd /n64_toolchain/mips64-elf/lib/libdragon.a(display.o)
 *fill*         0x800226b5        0x3 
 .rodata.__func__.1
                0x800226b8        0xd /n64_toolchain/mips64-elf/lib/libdragon.a(display.o)
 *fill*         0x800226c5        0x3 
 .rodata.reg_values
                0x800226c8       0x18 /n64_toolchain/mips64-elf/lib/libdragon.a(display.o)
 .rodata.mpal_i
                0x800226e0       0x38 /n64_toolchain/mips64-elf/lib/libdragon.a(display.o)
 .rodata.pal_i  0x80022718       0x38 /n64_toolchain/mips64-elf/lib/libdragon.a(display.o)
 .rodata.ntsc_i
                0x80022750       0x38 /n64_toolchain/mips64-elf/lib/libdragon.a(display.o)
 .rodata.mpal_p
                0x80022788       0x38 /n64_toolchain/mips64-elf/lib/libdragon.a(display.o)
 .rodata.pal_p  0x800227c0       0x38 /n64_toolchain/mips64-elf/lib/libdragon.a(display.o)
 .rodata.ntsc_p
                0x800227f8       0x38 /n64_toolchain/mips64-elf/lib/libdragon.a(display.o)
 .rodata.tex_format_name.str1.8
                0x80022830        0x8 /n64_toolchain/mips64-elf/lib/libdragon.a(surface.o)
 .rodata.surface_alloc.str1.8
                0x80022838       0x62 /n64_toolchain/mips64-elf/lib/libdragon.a(surface.o)
 *fill*         0x8002289a        0x6 
 .rodata.str1.8
                0x800228a0       0x7f /n64_toolchain/mips64-elf/lib/libdragon.a(surface.o)
 *fill*         0x8002291f        0x1 
 .rodata.CSWTCH.4
                0x80022920       0x48 /n64_toolchain/mips64-elf/lib/libdragon.a(surface.o)
 .rodata.__func__.1
                0x80022968        0xe /n64_toolchain/mips64-elf/lib/libdragon.a(surface.o)
 *fill*         0x80022976        0x2 
 .rodata.SI_read_con_block.8
                0x80022978       0x40 /n64_toolchain/mips64-elf/lib/libdragon.a(controller.o)
 .rodata.__font_data_32
                0x800229b8     0x8008 /n64_toolchain/mips64-elf/lib/libdragon.a(graphics.o)
 .rodata.__font_data_16
                0x8002a9c0     0x4008 /n64_toolchain/mips64-elf/lib/libdragon.a(graphics.o)
 .rodata.joybus_msg_send.str1.8
                0x8002e9c8       0x55 /n64_toolchain/mips64-elf/lib/libdragon.a(joybus.o)
 *fill*         0x8002ea1d        0x3 
 .rodata.si_interrupt.str1.8
                0x8002ea20       0x40 /n64_toolchain/mips64-elf/lib/libdragon.a(joybus.o)
 .rodata.joybus_exec_async.str1.8
                0x8002ea60       0x4a /n64_toolchain/mips64-elf/lib/libdragon.a(joybus.o)
 *fill*         0x8002eaaa        0x6 
 .rodata.__func__.1
                0x8002eab0       0x12 /n64_toolchain/mips64-elf/lib/libdragon.a(joybus.o)
 *fill*         0x8002eac2        0x6 
 .rodata.__func__.2
                0x8002eac8       0x10 /n64_toolchain/mips64-elf/lib/libdragon.a(joybus.o)
 .rodata.__func__.3
                0x8002ead8       0x10 /n64_toolchain/mips64-elf/lib/libdragon.a(joybus.o)
 .rodata.__func__.4
                0x8002eae8        0xd /n64_toolchain/mips64-elf/lib/libdragon.a(joybus.o)
 *fill*         0x8002eaf5        0x3 
 .rodata.seekfn_lha.str1.8
                0x8002eaf8       0x54 /n64_toolchain/mips64-elf/lib/libdragon.a(asset.o)
                                 0x5c (size before relaxing)
 *fill*         0x8002eb4c        0x4 
 .rodata.must_fopen.str1.8
                0x8002eb50       0x7c /n64_toolchain/mips64-elf/lib/libdragon.a(asset.o)
 *fill*         0x8002ebcc        0x4 
 .rodata.asset_load.str1.8
                0x8002ebd0       0x73 /n64_toolchain/mips64-elf/lib/libdragon.a(asset.o)
 *fill*         0x8002ec43        0x5 
 .rodata.__func__.2
                0x8002ec48        0xb /n64_toolchain/mips64-elf/lib/libdragon.a(asset.o)
 *fill*         0x8002ec53        0x5 
 .rodata.__func__.3
                0x8002ec58        0xb /n64_toolchain/mips64-elf/lib/libdragon.a(asset.o)
 *fill*         0x8002ec63        0x5 
 .rodata.main.str1.8
                0x8002ec68       0x29 build/source/main.o
 *fill*         0x8002ec91        0x7 
 .rodata.RESOLUTION_320x240
                0x8002ec98        0xc build/source/main.o
 *fill*         0x8002eca4        0x4 
 .rodata.__open.str1.8
                0x8002eca8        0x2 /n64_toolchain/lib/gcc/mips64-elf/12.2.0/../../../../mips64-elf/lib/libdragon.a(dragonfs.o)
 *fill*         0x8002ecaa        0x6 
 .rodata.dfs_read.str1.8
                0x8002ecb0        0xf /n64_toolchain/lib/gcc/mips64-elf/12.2.0/../../../../mips64-elf/lib/libdragon.a(dragonfs.o)
                                 0x3f (size before relaxing)
 *fill*         0x8002ecbf        0x1 
 .rodata.dfs_init.str1.8
                0x8002ecc0       0x86 /n64_toolchain/lib/gcc/mips64-elf/12.2.0/../../../../mips64-elf/lib/libdragon.a(dragonfs.o)
                                 0x8e (size before relaxing)
 *fill*         0x8002ed46        0x2 
 .rodata.__func__.0
                0x8002ed48       0x16 /n64_toolchain/lib/gcc/mips64-elf/12.2.0/../../../../mips64-elf/lib/libdragon.a(dragonfs.o)
 *fill*         0x8002ed5e        0x2 
 .rodata.__func__.1
                0x8002ed60        0x9 /n64_toolchain/lib/gcc/mips64-elf/12.2.0/../../../../mips64-elf/lib/libdragon.a(dragonfs.o)
 *fill*         0x8002ed69        0x7 
 .rodata.__rdpq_interrupt.str1.8
                0x8002ed70       0x38 /n64_toolchain/lib/gcc/mips64-elf/12.2.0/../../../../mips64-elf/lib/libdragon.a(rdpq.o)
 .rodata.rdpq_assert_handler.str1.8
                0x8002eda8       0xa7 /n64_toolchain/lib/gcc/mips64-elf/12.2.0/../../../../mips64-elf/lib/libdragon.a(rdpq.o)
 *fill*         0x8002ee4f        0x1 
 .rodata.__rdpq_block_next_buffer.str1.8
                0x8002ee50       0x98 /n64_toolchain/lib/gcc/mips64-elf/12.2.0/../../../../mips64-elf/lib/libdragon.a(rdpq.o)
 .rodata.__rdpq_block_update.str1.8
                0x8002eee8       0x70 /n64_toolchain/lib/gcc/mips64-elf/12.2.0/../../../../mips64-elf/lib/libdragon.a(rdpq.o)
 .rodata.rdpq_set_prim_depth_raw.str1.8
                0x8002ef58       0xbd /n64_toolchain/lib/gcc/mips64-elf/12.2.0/../../../../mips64-elf/lib/libdragon.a(rdpq.o)
 *fill*         0x8002f015        0x3 
 .rodata.rdpq_set_color_image_raw.str1.8
                0x8002f018       0xbe /n64_toolchain/lib/gcc/mips64-elf/12.2.0/../../../../mips64-elf/lib/libdragon.a(rdpq.o)
 *fill*         0x8002f0d6        0x2 
 .rodata.rdpq_set_color_image.str1.8
                0x8002f0d8       0x83 /n64_toolchain/lib/gcc/mips64-elf/12.2.0/../../../../mips64-elf/lib/libdragon.a(rdpq.o)
 *fill*         0x8002f15b        0x5 
 .rodata.rdpq_set_z_image.str1.8
                0x8002f160       0xb7 /n64_toolchain/lib/gcc/mips64-elf/12.2.0/../../../../mips64-elf/lib/libdragon.a(rdpq.o)
 *fill*         0x8002f217        0x1 
 .rodata.__func__.1
                0x8002f218       0x11 /n64_toolchain/lib/gcc/mips64-elf/12.2.0/../../../../mips64-elf/lib/libdragon.a(rdpq.o)
 *fill*         0x8002f229        0x7 
 .rodata.__func__.2
                0x8002f230       0x15 /n64_toolchain/lib/gcc/mips64-elf/12.2.0/../../../../mips64-elf/lib/libdragon.a(rdpq.o)
 *fill*         0x8002f245        0x3 
 .rodata.__func__.3
                0x8002f248       0x14 /n64_toolchain/lib/gcc/mips64-elf/12.2.0/../../../../mips64-elf/lib/libdragon.a(rdpq.o)
 *fill*         0x8002f25c        0x4 
 .rodata.__func__.4
                0x8002f260       0x19 /n64_toolchain/lib/gcc/mips64-elf/12.2.0/../../../../mips64-elf/lib/libdragon.a(rdpq.o)
 *fill*         0x8002f279        0x7 
 .rodata.__func__.6
                0x8002f280       0x11 /n64_toolchain/lib/gcc/mips64-elf/12.2.0/../../../../mips64-elf/lib/libdragon.a(rdpq.o)
 *fill*         0x8002f291        0x7 
 .rodata.__func__.10
                0x8002f298       0x19 /n64_toolchain/lib/gcc/mips64-elf/12.2.0/../../../../mips64-elf/lib/libdragon.a(rdpq.o)
 *fill*         0x8002f2b1        0x7 
 .rodata.str1.8
                0x8002f2b8        0x9 /n64_toolchain/lib/gcc/mips64-elf/12.2.0/../../../../mips64-elf/lib/libdragon.a(rdpq.o)
 *fill*         0x8002f2c1        0x7 
 .rodata.attach.str1.8
                0x8002f2c8       0xdc /n64_toolchain/lib/gcc/mips64-elf/12.2.0/../../../../mips64-elf/lib/libdragon.a(rdpq_attach.o)
 *fill*         0x8002f3a4        0x4 
 .rodata.rdpq_clear.str1.8
                0x8002f3a8       0x3f /n64_toolchain/lib/gcc/mips64-elf/12.2.0/../../../../mips64-elf/lib/libdragon.a(rdpq_attach.o)
 *fill*         0x8002f3e7        0x1 
 .rodata.__func__.0
                0x8002f3e8       0x11 /n64_toolchain/lib/gcc/mips64-elf/12.2.0/../../../../mips64-elf/lib/libdragon.a(rdpq_attach.o)
 *fill*         0x8002f3f9        0x7 
 .rodata.__func__.1
                0x8002f400        0xf /n64_toolchain/lib/gcc/mips64-elf/12.2.0/../../../../mips64-elf/lib/libdragon.a(rdpq_attach.o)
 *fill*         0x8002f40f        0x1 
 .rodata.rspq_switch_buffer.part.0.str1.8
                0x8002f410       0x30 /n64_toolchain/lib/gcc/mips64-elf/12.2.0/../../../../mips64-elf/lib/libdragon.a(rspq.o)
 .rodata.rspq_crash_handler.str1.8
                0x8002f440      0x1de /n64_toolchain/lib/gcc/mips64-elf/12.2.0/../../../../mips64-elf/lib/libdragon.a(rspq.o)
                                0x1e6 (size before relaxing)
 *fill*         0x8002f61e        0x2 
 .rodata.rspq_assert_handler.str1.8
                0x8002f620       0x6f /n64_toolchain/lib/gcc/mips64-elf/12.2.0/../../../../mips64-elf/lib/libdragon.a(rspq.o)
 *fill*         0x8002f68f        0x1 
 .rodata.rspq_init.str1.8
                0x8002f690       0xbc /n64_toolchain/lib/gcc/mips64-elf/12.2.0/../../../../mips64-elf/lib/libdragon.a(rspq.o)
 *fill*         0x8002f74c        0x4 
 .rodata.rspq_next_buffer.str1.8
                0x8002f750       0x52 /n64_toolchain/lib/gcc/mips64-elf/12.2.0/../../../../mips64-elf/lib/libdragon.a(rspq.o)
 *fill*         0x8002f7a2        0x6 
 .rodata.rspq_overlay_unregister.str1.8
                0x8002f7a8       0xbc /n64_toolchain/lib/gcc/mips64-elf/12.2.0/../../../../mips64-elf/lib/libdragon.a(rspq.o)
                                 0xc4 (size before relaxing)
 *fill*         0x8002f864        0x4 
 .rodata.rspq_highpri_begin.str1.8
                0x8002f868       0x75 /n64_toolchain/lib/gcc/mips64-elf/12.2.0/../../../../mips64-elf/lib/libdragon.a(rspq.o)
 *fill*         0x8002f8dd        0x3 
 .rodata.rspq_highpri_end.str1.8
                0x8002f8e0       0x2c /n64_toolchain/lib/gcc/mips64-elf/12.2.0/../../../../mips64-elf/lib/libdragon.a(rspq.o)
 *fill*         0x8002f90c        0x4 
 .rodata.rspq_syncpoint_new.str1.8
                0x8002f910       0x4b /n64_toolchain/lib/gcc/mips64-elf/12.2.0/../../../../mips64-elf/lib/libdragon.a(rspq.o)
 *fill*         0x8002f95b        0x5 
 .rodata.rspq_syncpoint_wait.str1.8
                0x8002f960       0x52 /n64_toolchain/lib/gcc/mips64-elf/12.2.0/../../../../mips64-elf/lib/libdragon.a(rspq.o)
 *fill*         0x8002f9b2        0x6 
 .rodata.rspq_overlay_get_state.str1.8
                0x8002f9b8      0x11d /n64_toolchain/lib/gcc/mips64-elf/12.2.0/../../../../mips64-elf/lib/libdragon.a(rspq.o)
 *fill*         0x8002fad5        0x3 
 .rodata.rspq_overlay_register_internal.str1.8
                0x8002fad8      0x365 /n64_toolchain/lib/gcc/mips64-elf/12.2.0/../../../../mips64-elf/lib/libdragon.a(rspq.o)
                                0x36d (size before relaxing)
 *fill*         0x8002fe3d        0x3 
 .rodata.rspq_overlay_register_static.str1.8
                0x8002fe40       0x81 /n64_toolchain/lib/gcc/mips64-elf/12.2.0/../../../../mips64-elf/lib/libdragon.a(rspq.o)
 *fill*         0x8002fec1        0x7 
 .rodata.__func__.1
                0x8002fec8       0x14 /n64_toolchain/lib/gcc/mips64-elf/12.2.0/../../../../mips64-elf/lib/libdragon.a(rspq.o)
 *fill*         0x8002fedc        0x4 
 .rodata.__func__.2
                0x8002fee0       0x13 /n64_toolchain/lib/gcc/mips64-elf/12.2.0/../../../../mips64-elf/lib/libdragon.a(rspq.o)
 *fill*         0x8002fef3        0x5 
 .rodata.__func__.8
                0x8002fef8       0x11 /n64_toolchain/lib/gcc/mips64-elf/12.2.0/../../../../mips64-elf/lib/libdragon.a(rspq.o)
 *fill*         0x8002ff09        0x7 
 .rodata.__func__.9
                0x8002ff10       0x13 /n64_toolchain/lib/gcc/mips64-elf/12.2.0/../../../../mips64-elf/lib/libdragon.a(rspq.o)
 *fill*         0x8002ff23        0x5 
 .rodata.__func__.10
                0x8002ff28       0x13 /n64_toolchain/lib/gcc/mips64-elf/12.2.0/../../../../mips64-elf/lib/libdragon.a(rspq.o)
 *fill*         0x8002ff3b        0x5 
 .rodata.__func__.11
                0x8002ff40       0x11 /n64_toolchain/lib/gcc/mips64-elf/12.2.0/../../../../mips64-elf/lib/libdragon.a(rspq.o)
 *fill*         0x8002ff51        0x7 
 .rodata.__func__.13
                0x8002ff58       0x1d /n64_toolchain/lib/gcc/mips64-elf/12.2.0/../../../../mips64-elf/lib/libdragon.a(rspq.o)
 *fill*         0x8002ff75        0x3 
 .rodata.__func__.14
                0x8002ff78       0x1f /n64_toolchain/lib/gcc/mips64-elf/12.2.0/../../../../mips64-elf/lib/libdragon.a(rspq.o)
 *fill*         0x8002ff97        0x1 
 .rodata.__func__.15
                0x8002ff98       0x1f /n64_toolchain/lib/gcc/mips64-elf/12.2.0/../../../../mips64-elf/lib/libdragon.a(rspq.o)
 *fill*         0x8002ffb7        0x1 
 .rodata.__func__.16
                0x8002ffb8       0x12 /n64_toolchain/lib/gcc/mips64-elf/12.2.0/../../../../mips64-elf/lib/libdragon.a(rspq.o)
 *fill*         0x8002ffca        0x6 
 .rodata.__func__.18
                0x8002ffd0        0xa /n64_toolchain/lib/gcc/mips64-elf/12.2.0/../../../../mips64-elf/lib/libdragon.a(rspq.o)
 *fill*         0x8002ffda        0x6 
 .rodata.__func__.19
                0x8002ffe0       0x13 /n64_toolchain/lib/gcc/mips64-elf/12.2.0/../../../../mips64-elf/lib/libdragon.a(rspq.o)
 *fill*         0x8002fff3        0x5 
 .rodata.str1.8
                0x8002fff8        0xa /n64_toolchain/lib/gcc/mips64-elf/12.2.0/../../../../mips64-elf/lib/libdragon.a(rspq.o)
 *fill*         0x80030002        0x6 
 .rodata.rsp_load_code.str1.8
                0x80030008       0x47 /n64_toolchain/lib/gcc/mips64-elf/12.2.0/../../../../mips64-elf/lib/libdragon.a(rsp.o)
 *fill*         0x8003004f        0x1 
 .rodata.rsp_load_data.str1.8
                0x80030050       0x17 /n64_toolchain/lib/gcc/mips64-elf/12.2.0/../../../../mips64-elf/lib/libdragon.a(rsp.o)
 *fill*         0x80030067        0x1 
 .rodata.__rsp_crash.str1.8
                0x80030068      0x7df /n64_toolchain/lib/gcc/mips64-elf/12.2.0/../../../../mips64-elf/lib/libdragon.a(rsp.o)
                                0x7ef (size before relaxing)
 .rodata.rsp_wait.str1.8
                0x80030847       0x1c /n64_toolchain/lib/gcc/mips64-elf/12.2.0/../../../../mips64-elf/lib/libdragon.a(rsp.o)
 *fill*         0x80030847        0x1 
 .rodata.__func__.0
                0x80030848        0x9 /n64_toolchain/lib/gcc/mips64-elf/12.2.0/../../../../mips64-elf/lib/libdragon.a(rsp.o)
 *fill*         0x80030851        0x7 
 .rodata.__func__.1
                0x80030858        0xe /n64_toolchain/lib/gcc/mips64-elf/12.2.0/../../../../mips64-elf/lib/libdragon.a(rsp.o)
 *fill*         0x80030866        0x2 
 .rodata.__func__.2
                0x80030868        0xe /n64_toolchain/lib/gcc/mips64-elf/12.2.0/../../../../mips64-elf/lib/libdragon.a(rsp.o)
 *fill*         0x80030876        0x2 
 .rodata.__func__.3
                0x80030878        0xe /n64_toolchain/lib/gcc/mips64-elf/12.2.0/../../../../mips64-elf/lib/libdragon.a(rsp.o)
 *fill*         0x80030886        0x2 
 .rodata.__func__.4
                0x80030888        0xe /n64_toolchain/lib/gcc/mips64-elf/12.2.0/../../../../mips64-elf/lib/libdragon.a(rsp.o)
 *fill*         0x80030896        0x2 
 .rodata.str1.8
                0x80030898        0xa /n64_toolchain/lib/gcc/mips64-elf/12.2.0/../../../../mips64-elf/lib/libdragon.a(rsp.o)
 *fill*         0x800308a2        0x6 
 .rodata.RESOLUTION_640x240
                0x800308a8        0xc /n64_toolchain/lib/gcc/mips64-elf/12.2.0/../../../../mips64-elf/lib/libdragon.a(console.o)
 .rodata.str1.8
                0x800308b4        0x2 /n64_toolchain/lib/gcc/mips64-elf/12.2.0/../../../../mips64-elf/lib/libc.a(libc_a-puts.o)
 *fill*         0x800308b4        0x4 
 .rodata.str1.8
                0x800308b8       0x57 /n64_toolchain/lib/gcc/mips64-elf/12.2.0/../../../../mips64-elf/lib/libc.a(libc_a-svfprintf.o)
                                 0x5a (size before relaxing)
 *fill*         0x8003090f        0x1 
 .rodata.str1.8
                0x80030910       0x69 /n64_toolchain/lib/gcc/mips64-elf/12.2.0/../../../../mips64-elf/lib/libc.a(libc_a-dtoa.o)
                                 0x71 (size before relaxing)
 .rodata.str1.8
                0x80030979       0x5a /n64_toolchain/lib/gcc/mips64-elf/12.2.0/../../../../mips64-elf/lib/libc.a(libc_a-vfprintf.o)
 .rodata.str1.8
                0x80030979       0x37 /n64_toolchain/lib/gcc/mips64-elf/12.2.0/../../../../mips64-elf/lib/libc.a(libc_a-vfiprintf.o)
 *fill*         0x80030979        0x7 
 .rodata.str1.8
                0x80030980       0x3a /n64_toolchain/lib/gcc/mips64-elf/12.2.0/../../../../mips64-elf/lib/libc.a(libc_a-mprec.o)
                                 0x52 (size before relaxing)
 *fill*         0x800309ba        0x6 
 .rodata.str1.8
                0x800309c0       0x12 /n64_toolchain/lib/gcc/mips64-elf/12.2.0/../../../../mips64-elf/lib/libc.a(libc_a-locale.o)
                                 0x1a (size before relaxing)
 .rodata.str1.8
                0x800309d2       0x37 /n64_toolchain/lib/gcc/mips64-elf/12.2.0/../../../../mips64-elf/lib/libc.a(libc_a-svfiprintf.o)
 *(.gnu.linkonce.r.*)
                0x80030a10                        . = ALIGN (0x8)
 *fill*         0x800309d2        0x6 

.MIPS.abiflags  0x800309d8       0x18
 .MIPS.abiflags
                0x800309d8       0x18 /n64_toolchain/lib/gcc/mips64-elf/12.2.0/crti.o

.rel.dyn        0x800309f0        0x0
 .rel.dyn       0x800309f0        0x0 /n64_toolchain/mips64-elf/lib/libdragon.a(inspector.o)
                0x800309f0                        . = ALIGN (0x4)

.ctors          0x800309f0       0x18
                0x800309f0                        __CTOR_LIST__ = .
 *(.ctors)
 .ctors         0x800309f0        0x4 /n64_toolchain/lib/gcc/mips64-elf/12.2.0/crtbegin.o
 .ctors         0x800309f4        0x4 /n64_toolchain/mips64-elf/lib/libdragon.a(inspector.o)
 .ctors         0x800309f8        0x4 /n64_toolchain/mips64-elf/lib/libdragon.a(n64sys.o)
 .ctors         0x800309fc        0x4 /n64_toolchain/mips64-elf/lib/libdragon.a(interrupt.o)
 .ctors         0x80030a00        0x4 /n64_toolchain/mips64-elf/lib/libdragon.a(joybus.o)
 .ctors         0x80030a04        0x4 /n64_toolchain/lib/gcc/mips64-elf/12.2.0/crtend.o
                0x80030a08                        __CTOR_END__ = .
                0x80030a08                        . = ALIGN (0x8)

.data           0x80030a08     0x1fa0
                0x80030a08                        __data_start = .
 *(.data)
 .data          0x80030a08     0x1090 /n64_toolchain/lib/gcc/mips64-elf/12.2.0/../../../../mips64-elf/lib/libdragon.a(rsp_rdpq.o)
                0x80030a08                rsp_rdpq_text_start
                0x800315d8                rsp_rdpq_text_end
                0x800315d8                rsp_rdpq_data_start
                0x80031a98                rsp_rdpq_data_end
 .data          0x80031a98      0x510 /n64_toolchain/lib/gcc/mips64-elf/12.2.0/../../../../mips64-elf/lib/libdragon.a(rsp_queue.o)
                0x80031a98                rsp_queue_text_start
                0x80031d08                rsp_queue_text_end
                0x80031d08                rsp_queue_data_start
                0x80031fa8                rsp_queue_data_end
 .data          0x80031fa8      0x1c4 /n64_toolchain/lib/gcc/mips64-elf/12.2.0/../../../../mips64-elf/lib/libdragon.a(rsp_crash.o)
                0x80031fa8                rsp_crash_text_start
                0x80032168                rsp_crash_data_start
                0x80032168                rsp_crash_text_end
                0x8003216c                rsp_crash_data_end
 *fill*         0x8003216c        0x4 
 .data          0x80032170      0x408 /n64_toolchain/lib/gcc/mips64-elf/12.2.0/../../../../mips64-elf/lib/libc.a(libc_a-mallocr.o)
                0x80032170                __malloc_av_
 .data          0x80032578        0xc /n64_toolchain/lib/gcc/mips64-elf/12.2.0/../../../../mips64-elf/lib/libc.a(libc_a-findfp.o)
                0x80032578                __sglue
 *fill*         0x80032584        0x4 
 .data          0x80032588      0x16c /n64_toolchain/lib/gcc/mips64-elf/12.2.0/../../../../mips64-elf/lib/libc.a(libc_a-locale.o)
                0x80032588                __global_locale
 *fill*         0x800326f4        0x4 
 .data          0x800326f8      0x120 /n64_toolchain/lib/gcc/mips64-elf/12.2.0/../../../../mips64-elf/lib/libc.a(libc_a-impure.o)
                0x800326f8                _impure_data
 *(.data.*)
 .data.__mips_fpreg
                0x80032818       0x80 /n64_toolchain/mips64-elf/lib/libdragon.a(inspector.o)
                0x80032818                __mips_fpreg
 .data.__mips_gpr
                0x80032898       0x88 /n64_toolchain/mips64-elf/lib/libdragon.a(inspector.o)
                0x80032898                __mips_gpr
 .data.dragon_fs
                0x80032920       0x24 /n64_toolchain/lib/gcc/mips64-elf/12.2.0/../../../../mips64-elf/lib/libdragon.a(dragonfs.o)
 *fill*         0x80032944        0x4 
 .data.rsp_rdpq
                0x80032948       0x20 /n64_toolchain/lib/gcc/mips64-elf/12.2.0/../../../../mips64-elf/lib/libdragon.a(rdpq.o)
                0x80032948                rsp_rdpq
 .data.rsp_queue
                0x80032968       0x20 /n64_toolchain/lib/gcc/mips64-elf/12.2.0/../../../../mips64-elf/lib/libdragon.a(rspq.o)
                0x80032968                rsp_queue
 .data.rsp_crash
                0x80032988       0x20 /n64_toolchain/lib/gcc/mips64-elf/12.2.0/../../../../mips64-elf/lib/libdragon.a(rsp.o)
                0x80032988                rsp_crash
 *(.gnu.linkonce.d.*)
                0x800329a8                        . = ALIGN (0x8)

.sdata          0x800329a8      0x1b0
                0x8003a9a8                        _gp = (. + 0x8000)
 *(.sdata)
 .sdata         0x800329a8       0x10 /n64_toolchain/mips64-elf/lib/libdragon.a(exception.o)
 .sdata         0x800329b8       0x3c build/source/main.o
 .sdata         0x800329f4       0x1c /n64_toolchain/lib/gcc/mips64-elf/12.2.0/../../../../mips64-elf/lib/libm.a(libm_a-kf_sin.o)
 .sdata         0x80032a10       0x28 /n64_toolchain/lib/gcc/mips64-elf/12.2.0/../../../../mips64-elf/lib/libm.a(libm_a-kf_cos.o)
 .sdata         0x80032a38       0x24 /n64_toolchain/lib/gcc/mips64-elf/12.2.0/../../../../mips64-elf/lib/libm.a(libm_a-ef_rem_pio2.o)
 .sdata         0x80032a5c       0x1c /n64_toolchain/lib/gcc/mips64-elf/12.2.0/../../../../mips64-elf/lib/libm.a(libm_a-kf_rem_pio2.o)
 .sdata         0x80032a78        0xc /n64_toolchain/lib/gcc/mips64-elf/12.2.0/../../../../mips64-elf/lib/libm.a(libm_a-sf_floor.o)
 .sdata         0x80032a84       0x18 /n64_toolchain/lib/gcc/mips64-elf/12.2.0/../../../../mips64-elf/lib/libm.a(libm_a-sf_scalbn.o)
 *fill*         0x80032a9c        0x4 
 .sdata         0x80032aa0        0x8 /n64_toolchain/lib/gcc/mips64-elf/12.2.0/../../../../mips64-elf/lib/libc.a(libc_a-svfprintf.o)
 .sdata         0x80032aa8       0x48 /n64_toolchain/lib/gcc/mips64-elf/12.2.0/../../../../mips64-elf/lib/libc.a(libc_a-dtoa.o)
 .sdata         0x80032af0        0x8 /n64_toolchain/lib/gcc/mips64-elf/12.2.0/../../../../mips64-elf/lib/libc.a(libc_a-mallocr.o)
                0x80032af0                __malloc_sbrk_base
                0x80032af4                __malloc_trim_threshold
 .sdata         0x80032af8        0x8 /n64_toolchain/lib/gcc/mips64-elf/12.2.0/../../../../mips64-elf/lib/libc.a(libc_a-vfprintf.o)
 .sdata         0x80032b00       0x10 /n64_toolchain/lib/gcc/mips64-elf/12.2.0/../../../../mips64-elf/lib/libc.a(libc_a-mprec.o)
 .sdata         0x80032b10        0x4 /n64_toolchain/lib/gcc/mips64-elf/12.2.0/../../../../mips64-elf/lib/libc.a(libc_a-impure.o)
                0x80032b10                _impure_ptr
 *(.sdata.*)
 .sdata.first_backtrace
                0x80032b14        0x1 /n64_toolchain/mips64-elf/lib/libdragon.a(inspector.o)
 *fill*         0x80032b15        0x3 
 .sdata.fpr_show_mode
                0x80032b18        0x4 /n64_toolchain/mips64-elf/lib/libdragon.a(inspector.o)
 .sdata.__exception_handler
                0x80032b1c        0x4 /n64_toolchain/mips64-elf/lib/libdragon.a(exception.o)
 .sdata.__bootcic
                0x80032b20        0x4 /n64_toolchain/mips64-elf/lib/libdragon.a(n64sys.o)
                0x80032b20                __bootcic
 .sdata.__interrupt_depth
                0x80032b24        0x4 /n64_toolchain/mips64-elf/lib/libdragon.a(interrupt.o)
 .sdata.SYMT_ROM
                0x80032b28        0x4 /n64_toolchain/mips64-elf/lib/libdragon.a(backtrace.o)
 .sdata.now_showing
                0x80032b2c        0x4 /n64_toolchain/mips64-elf/lib/libdragon.a(display.o)
 .sdata.__buffers
                0x80032b30        0x4 /n64_toolchain/mips64-elf/lib/libdragon.a(display.o)
 .sdata.f_color
                0x80032b34        0x4 /n64_toolchain/mips64-elf/lib/libdragon.a(graphics.o)
 .sdata.handle.2
                0x80032b38        0x4 /n64_toolchain/mips64-elf/lib/libdragonsys.a(system.o)
 .sdata.next_handle.2
                0x80032b3c        0x4 /n64_toolchain/lib/gcc/mips64-elf/12.2.0/../../../../mips64-elf/lib/libdragon.a(dragonfs.o)
 .sdata.__func__.4
                0x80032b40        0x7 /n64_toolchain/lib/gcc/mips64-elf/12.2.0/../../../../mips64-elf/lib/libdragon.a(rdpq_attach.o)
 *fill*         0x80032b47        0x1 
 .sdata.dummy_header.17
                0x80032b48        0x8 /n64_toolchain/lib/gcc/mips64-elf/12.2.0/../../../../mips64-elf/lib/libdragon.a(rspq.o)
 .sdata.console_redirect_debug
                0x80032b50        0x1 /n64_toolchain/lib/gcc/mips64-elf/12.2.0/../../../../mips64-elf/lib/libdragon.a(console.o)
 *(.gnu.linkonce.s.*)
                0x80032b58                        . = ALIGN (0x8)
 *fill*         0x80032b51        0x7 

.lit8           0x80032b58        0x0
 *(.lit8)
                0x80032b58                        . = ALIGN (0x8)

.lit4           0x80032b58        0x0
 *(.lit4)
                0x80032b58                        . = ALIGN (0x8)
                0x80032b58                        . = ALIGN (0x8)
                0x80032b58                        __data_end = .
                0x80032b58                        . = ALIGN (0x8)
                0x80032b58                        __rom_end = .

.sbss           0x80032b58      0x124
                0x80032b58                        __bss_start = .
 *(.sbss)
 .sbss          0x80032b58        0x4 /n64_toolchain/mips64-elf/lib/libdragon.a(inthandler.o)
 .sbss          0x80032b5c        0xc /n64_toolchain/lib/gcc/mips64-elf/12.2.0/../../../../mips64-elf/lib/libc.a(libc_a-mallocr.o)
                0x80032b5c                __malloc_max_total_mem
                0x80032b60                __malloc_max_sbrked_mem
                0x80032b64                __malloc_top_pad
 .sbss          0x80032b68        0x4 /n64_toolchain/lib/gcc/mips64-elf/12.2.0/../../../../mips64-elf/lib/libc.a(libc_a-findfp.o)
                0x80032b68                __stdio_exit_handler
 *(.sbss.*)
 .sbss.backtrace.5
                0x80032b6c        0x1 /n64_toolchain/mips64-elf/lib/libdragon.a(inspector.o)
 .sbss.in_inspector.6
                0x80032b6d        0x1 /n64_toolchain/mips64-elf/lib/libdragon.a(inspector.o)
 *fill*         0x80032b6e        0x2 
 .sbss.disasm_offset
                0x80032b70        0x4 /n64_toolchain/mips64-elf/lib/libdragon.a(inspector.o)
 .sbss.disasm_max_frames
                0x80032b74        0x4 /n64_toolchain/mips64-elf/lib/libdragon.a(inspector.o)
 .sbss.disasm_bt_idx
                0x80032b78        0x4 /n64_toolchain/mips64-elf/lib/libdragon.a(inspector.o)
 .sbss.disp     0x80032b7c        0x4 /n64_toolchain/mips64-elf/lib/libdragon.a(inspector.o)
 .sbss.cursor_wordwrap
                0x80032b80        0x4 /n64_toolchain/mips64-elf/lib/libdragon.a(inspector.o)